<?xml version="1.0"?>
<link_info>
   <banner>TMS320C6x Linker PC v7.4.8</banner>
   <copyright>Copyright (c) 1996-2014 Texas Instruments Incorporated</copyright>
   <link_time>0x5550ce6b</link_time>
   <output_file>final_project_1.out</output_file>
   <entry_point>
      <name>_c_int00</name>
      <address>0x11829a80</address>
   </entry_point>
   <input_file_list>
      <input_file id="fl-a">
         <path>.\</path>
         <kind>object</kind>
         <file>user_xy.obj</file>
         <name>user_xy.obj</name>
      </input_file>
      <input_file id="fl-b">
         <path>.\</path>
         <kind>object</kind>
         <file>user_final_project_1.obj</file>
         <name>user_final_project_1.obj</name>
      </input_file>
      <input_file id="fl-c">
         <path>.\</path>
         <kind>object</kind>
         <file>pru.obj</file>
         <name>pru.obj</name>
      </input_file>
      <input_file id="fl-d">
         <path>.\</path>
         <kind>object</kind>
         <file>final_project_1cfg_c.obj</file>
         <name>final_project_1cfg_c.obj</name>
      </input_file>
      <input_file id="fl-e">
         <path>.\</path>
         <kind>object</kind>
         <file>final_project_1cfg.obj</file>
         <name>final_project_1cfg.obj</name>
      </input_file>
      <input_file id="fl-f">
         <path>.\</path>
         <kind>object</kind>
         <file>MatrixMath.obj</file>
         <name>MatrixMath.obj</name>
      </input_file>
      <input_file id="fl-10">
         <path>.\</path>
         <kind>object</kind>
         <file>Ladar.obj</file>
         <name>Ladar.obj</name>
      </input_file>
      <input_file id="fl-11">
         <path>.\</path>
         <kind>object</kind>
         <file>LCDprintf.obj</file>
         <name>LCDprintf.obj</name>
      </input_file>
      <input_file id="fl-12">
         <path>.\</path>
         <kind>object</kind>
         <file>ColorVision.obj</file>
         <name>ColorVision.obj</name>
      </input_file>
      <input_file id="fl-13">
         <path>.\</path>
         <kind>object</kind>
         <file>ColorLCD.obj</file>
         <name>ColorLCD.obj</name>
      </input_file>
      <input_file id="fl-14">
         <path>.\</path>
         <kind>object</kind>
         <file>COECSL_mcbsp.obj</file>
         <name>COECSL_mcbsp.obj</name>
      </input_file>
      <input_file id="fl-15">
         <path>.\</path>
         <kind>object</kind>
         <file>COECSL_edma3.obj</file>
         <name>COECSL_edma3.obj</name>
      </input_file>
      <input_file id="fl-92">
         <path>C:\CCStudio_v6.0\bios_5_42_01_09\packages\ti\bios\lib\</path>
         <kind>archive</kind>
         <file>bios.a674</file>
         <name>biosdata.o674</name>
      </input_file>
      <input_file id="fl-93">
         <path>C:\CCStudio_v6.0\bios_5_42_01_09\packages\ti\bios\lib\</path>
         <kind>archive</kind>
         <file>bios.a674</file>
         <name>hwi_disp_asm.o674</name>
      </input_file>
      <input_file id="fl-94">
         <path>C:\CCStudio_v6.0\bios_5_42_01_09\packages\ti\bios\lib\</path>
         <kind>archive</kind>
         <file>bios.a674</file>
         <name>idl_stub.o674</name>
      </input_file>
      <input_file id="fl-95">
         <path>C:\CCStudio_v6.0\bios_5_42_01_09\packages\ti\bios\lib\</path>
         <kind>archive</kind>
         <file>lnkrtdx.a674</file>
         <name>rtdx.o674</name>
      </input_file>
      <input_file id="fl-96">
         <path>C:\CCStudio_v6.0\bios_5_42_01_09\packages\ti\bios\lib\</path>
         <kind>archive</kind>
         <file>bios.a674</file>
         <name>swi.o674</name>
      </input_file>
      <input_file id="fl-97">
         <path>C:\CCStudio_v6.0\bios_5_42_01_09\packages\ti\bios\lib\</path>
         <kind>archive</kind>
         <file>bios6748.a674</file>
         <name>bcache_init.o674</name>
      </input_file>
      <input_file id="fl-98">
         <path>C:\CCStudio_v6.0\bios_5_42_01_09\packages\ti\bios\lib\</path>
         <kind>archive</kind>
         <file>bios6748.a674</file>
         <name>clk_gethtime.o674</name>
      </input_file>
      <input_file id="fl-99">
         <path>C:\CCStudio_v6.0\bios_5_42_01_09\packages\ti\bios\lib\</path>
         <kind>archive</kind>
         <file>bios.a674</file>
         <name>fxn_c.o674</name>
      </input_file>
      <input_file id="fl-9a">
         <path>C:\CCStudio_v6.0\bios_5_42_01_09\packages\ti\bios\lib\</path>
         <kind>archive</kind>
         <file>bios.a674</file>
         <name>knl_tick.o674</name>
      </input_file>
      <input_file id="fl-9b">
         <path>C:\CCStudio_v6.0\bios_5_42_01_09\packages\ti\bios\lib\</path>
         <kind>archive</kind>
         <file>bios.a674</file>
         <name>utl_doab.o674</name>
      </input_file>
      <input_file id="fl-9c">
         <path>C:\CCStudio_v6.0\bios_5_42_01_09\packages\ti\bios\lib\</path>
         <kind>archive</kind>
         <file>bios.a674</file>
         <name>utl_doer.o674</name>
      </input_file>
      <input_file id="fl-9d">
         <path>C:\CCStudio_v6.0\bios_5_42_01_09\packages\ti\bios\lib\</path>
         <kind>archive</kind>
         <file>bios.a674</file>
         <name>utl_putc.o674</name>
      </input_file>
      <input_file id="fl-9e">
         <path>C:\CCStudio_v6.0\bios_5_42_01_09\packages\ti\bios\lib\</path>
         <kind>archive</kind>
         <file>bios.a674</file>
         <name>utl_halt.o674</name>
      </input_file>
      <input_file id="fl-9f">
         <path>C:\CCStudio_v6.0\bios_5_42_01_09\packages\ti\bios\lib\</path>
         <kind>archive</kind>
         <file>bios6748.a674</file>
         <name>clk.o674</name>
      </input_file>
      <input_file id="fl-a0">
         <path>C:\CCStudio_v6.0\bios_5_42_01_09\packages\ti\bios\lib\</path>
         <kind>archive</kind>
         <file>bios.a674</file>
         <name>fxn.o674</name>
      </input_file>
      <input_file id="fl-a1">
         <path>C:\CCStudio_v6.0\bios_5_42_01_09\packages\ti\bios\lib\</path>
         <kind>archive</kind>
         <file>bios.a674</file>
         <name>boot.o674</name>
      </input_file>
      <input_file id="fl-a2">
         <path>C:\CCStudio_v6.0\bios_5_42_01_09\packages\ti\bios\lib\</path>
         <kind>archive</kind>
         <file>bios.a674</file>
         <name>trc.o674</name>
      </input_file>
      <input_file id="fl-a3">
         <path>C:\CCStudio_v6.0\bios_5_42_01_09\packages\ti\bios\lib\</path>
         <kind>archive</kind>
         <file>bios.a674</file>
         <name>hwi.o674</name>
      </input_file>
      <input_file id="fl-a4">
         <path>C:\CCStudio_v6.0\bios_5_42_01_09\packages\ti\bios\lib\</path>
         <kind>archive</kind>
         <file>bios.a674</file>
         <name>idl_busy.o674</name>
      </input_file>
      <input_file id="fl-a5">
         <path>C:\CCStudio_v6.0\bios_5_42_01_09\packages\ti\bios\lib\</path>
         <kind>archive</kind>
         <file>bios6748.a674</file>
         <name>idl_cal.o674</name>
      </input_file>
      <input_file id="fl-a6">
         <path>C:\CCStudio_v6.0\bios_5_42_01_09\packages\ti\bios\lib\</path>
         <kind>archive</kind>
         <file>bios.a674</file>
         <name>idl.o674</name>
      </input_file>
      <input_file id="fl-a7">
         <path>C:\CCStudio_v6.0\bios_5_42_01_09\packages\ti\bios\lib\</path>
         <kind>archive</kind>
         <file>bios.a674</file>
         <name>knl_swit.o674</name>
      </input_file>
      <input_file id="fl-a8">
         <path>C:\CCStudio_v6.0\bios_5_42_01_09\packages\ti\bios\lib\</path>
         <kind>archive</kind>
         <file>bios.a674</file>
         <name>log.o674</name>
      </input_file>
      <input_file id="fl-a9">
         <path>C:\CCStudio_v6.0\bios_5_42_01_09\packages\ti\bios\lib\</path>
         <kind>archive</kind>
         <file>bios.a674</file>
         <name>pip.o674</name>
      </input_file>
      <input_file id="fl-aa">
         <path>C:\CCStudio_v6.0\bios_5_42_01_09\packages\ti\bios\lib\</path>
         <kind>archive</kind>
         <file>bios.a674</file>
         <name>prd.o674</name>
      </input_file>
      <input_file id="fl-ab">
         <path>C:\CCStudio_v6.0\bios_5_42_01_09\packages\ti\bios\lib\</path>
         <kind>archive</kind>
         <file>bios.a674</file>
         <name>rta.o674</name>
      </input_file>
      <input_file id="fl-ac">
         <path>C:\CCStudio_v6.0\bios_5_42_01_09\packages\ti\bios\lib\</path>
         <kind>archive</kind>
         <file>bios.a674</file>
         <name>rta_andn.o674</name>
      </input_file>
      <input_file id="fl-ad">
         <path>C:\CCStudio_v6.0\bios_5_42_01_09\packages\ti\bios\lib\</path>
         <kind>archive</kind>
         <file>bios.a674</file>
         <name>sts.o674</name>
      </input_file>
      <input_file id="fl-ae">
         <path>C:\CCStudio_v6.0\bios_5_42_01_09\packages\ti\bios\lib\</path>
         <kind>archive</kind>
         <file>bios6748.a674</file>
         <name>bcache_block.o674</name>
      </input_file>
      <input_file id="fl-af">
         <path>C:\CCStudio_v6.0\bios_5_42_01_09\packages\ti\bios\lib\</path>
         <kind>archive</kind>
         <file>bios6748.a674</file>
         <name>bcache_wait.o674</name>
      </input_file>
      <input_file id="fl-b0">
         <path>C:\CCStudio_v6.0\bios_5_42_01_09\packages\ti\bios\lib\</path>
         <kind>archive</kind>
         <file>bios.a674</file>
         <name>clk_data.o674</name>
      </input_file>
      <input_file id="fl-b1">
         <path>C:\CCStudio_v6.0\bios_5_42_01_09\packages\ti\bios\lib\</path>
         <kind>archive</kind>
         <file>bios.a674</file>
         <name>clk_getltime.o674</name>
      </input_file>
      <input_file id="fl-b2">
         <path>C:\CCStudio_v6.0\bios_5_42_01_09\packages\ti\bios\lib\</path>
         <kind>archive</kind>
         <file>bios.a674</file>
         <name>clk_data2.o674</name>
      </input_file>
      <input_file id="fl-b3">
         <path>C:\CCStudio_v6.0\bios_5_42_01_09\packages\ti\bios\lib\</path>
         <kind>archive</kind>
         <file>bios6748.a674</file>
         <name>clk_data.o674</name>
      </input_file>
      <input_file id="fl-b4">
         <path>C:\CCStudio_v6.0\bios_5_42_01_09\packages\ti\bios\lib\</path>
         <kind>archive</kind>
         <file>bios6748.a674</file>
         <name>clk_meas.o674</name>
      </input_file>
      <input_file id="fl-b5">
         <path>C:\_team_hans\repo\bsl\lib\</path>
         <kind>archive</kind>
         <file>evmomapl138_bsl.lib</file>
         <name>evmomapl138.obj</name>
      </input_file>
      <input_file id="fl-b6">
         <path>C:\CCStudio_v6.0\bios_5_42_01_09\packages\ti\bios\lib\</path>
         <kind>archive</kind>
         <file>bios.a674</file>
         <name>exc_asm.o674</name>
      </input_file>
      <input_file id="fl-b7">
         <path>C:\CCStudio_v6.0\bios_5_42_01_09\packages\ti\bios\lib\</path>
         <kind>archive</kind>
         <file>bios.a674</file>
         <name>exc.o674</name>
      </input_file>
      <input_file id="fl-b8">
         <path>C:\CCStudio_v6.0\bios_5_42_01_09\packages\ti\bios\lib\</path>
         <kind>archive</kind>
         <file>bios.a674</file>
         <name>gbl_cacheinit64P.o674</name>
      </input_file>
      <input_file id="fl-b9">
         <path>C:\CCStudio_v6.0\bios_5_42_01_09\packages\ti\bios\lib\</path>
         <kind>archive</kind>
         <file>bios.a674</file>
         <name>gbl_vers.o674</name>
      </input_file>
      <input_file id="fl-ba">
         <path>C:\_team_hans\repo\bsl\lib\</path>
         <kind>archive</kind>
         <file>evmomapl138_bsl.lib</file>
         <name>evmomapl138_gpio.obj</name>
      </input_file>
      <input_file id="fl-bb">
         <path>C:\CCStudio_v6.0\bios_5_42_01_09\packages\ti\rtdx\lib\c6000\</path>
         <kind>archive</kind>
         <file>rtdx64xplus.lib</file>
         <name>rtdx_mon.o64P</name>
      </input_file>
      <input_file id="fl-bc">
         <path>C:\CCStudio_v6.0\bios_5_42_01_09\packages\ti\bios\lib\</path>
         <kind>archive</kind>
         <file>bios.a674</file>
         <name>hwi_c.o674</name>
      </input_file>
      <input_file id="fl-bd">
         <path>C:\_team_hans\repo\bsl\lib\</path>
         <kind>archive</kind>
         <file>evmomapl138_bsl.lib</file>
         <name>evmomapl138_i2c_gpio.obj</name>
      </input_file>
      <input_file id="fl-be">
         <path>C:\_team_hans\repo\bsl\lib\</path>
         <kind>archive</kind>
         <file>evmomapl138_bsl.lib</file>
         <name>evmomapl138_i2c.obj</name>
      </input_file>
      <input_file id="fl-bf">
         <path>C:\CCStudio_v6.0\bios_5_42_01_09\packages\ti\bios\lib\</path>
         <kind>archive</kind>
         <file>bios.a674</file>
         <name>knl.o674</name>
      </input_file>
      <input_file id="fl-c0">
         <path>C:\CCStudio_v6.0\bios_5_42_01_09\packages\ti\bios\lib\</path>
         <kind>archive</kind>
         <file>bios.a674</file>
         <name>knl_exit.o674</name>
      </input_file>
      <input_file id="fl-c1">
         <path>C:\CCStudio_v6.0\bios_5_42_01_09\packages\ti\bios\lib\</path>
         <kind>archive</kind>
         <file>bios.a674</file>
         <name>knl_chec.o674</name>
      </input_file>
      <input_file id="fl-c2">
         <path>C:\CCStudio_v6.0\bios_5_42_01_09\packages\ti\bios\lib\</path>
         <kind>archive</kind>
         <file>bios.a674</file>
         <name>knl_post.o674</name>
      </input_file>
      <input_file id="fl-c3">
         <path>C:\CCStudio_v6.0\bios_5_42_01_09\packages\ti\bios\lib\</path>
         <kind>archive</kind>
         <file>bios.a674</file>
         <name>knl_ipos.o674</name>
      </input_file>
      <input_file id="fl-c4">
         <path>C:\CCStudio_v6.0\bios_5_42_01_09\packages\ti\bios\lib\</path>
         <kind>archive</kind>
         <file>bios.a674</file>
         <name>knl_run.o674</name>
      </input_file>
      <input_file id="fl-c5">
         <path>C:\CCStudio_v6.0\bios_5_42_01_09\packages\ti\bios\lib\</path>
         <kind>archive</kind>
         <file>bios.a674</file>
         <name>mem_asm.o674</name>
      </input_file>
      <input_file id="fl-c6">
         <path>C:\CCStudio_v6.0\bios_5_42_01_09\packages\ti\bios\lib\</path>
         <kind>archive</kind>
         <file>bios.a674</file>
         <name>mem_init.o674</name>
      </input_file>
      <input_file id="fl-c7">
         <path>C:\CCStudio_v6.0\bios_5_42_01_09\packages\ti\bios\lib\</path>
         <kind>archive</kind>
         <file>bios.a674</file>
         <name>obj_init.o674</name>
      </input_file>
      <input_file id="fl-c8">
         <path>C:\CCStudio_v6.0\bios_5_42_01_09\packages\ti\rtdx\lib\c6000\</path>
         <kind>archive</kind>
         <file>rtdx64xplus.lib</file>
         <name>buffer2.o64P</name>
      </input_file>
      <input_file id="fl-c9">
         <path>C:\CCStudio_v6.0\bios_5_42_01_09\packages\ti\rtdx\lib\c6000\</path>
         <kind>archive</kind>
         <file>rtdx64xplus.lib</file>
         <name>buffer1.o64P</name>
      </input_file>
      <input_file id="fl-ca">
         <path>C:\CCStudio_v6.0\bios_5_42_01_09\packages\ti\rtdx\lib\c6000\</path>
         <kind>archive</kind>
         <file>rtdx64xplus.lib</file>
         <name>intr_tgt.o64P</name>
      </input_file>
      <input_file id="fl-cb">
         <path>C:\CCStudio_v6.0\bios_5_42_01_09\packages\ti\rtdx\lib\c6000\</path>
         <kind>archive</kind>
         <file>rtdx64xplus.lib</file>
         <name>memfill.o64P</name>
      </input_file>
      <input_file id="fl-cc">
         <path>C:\CCStudio_v6.0\bios_5_42_01_09\packages\ti\bios\lib\</path>
         <kind>archive</kind>
         <file>bios.a674</file>
         <name>sem_pend_counting.o674</name>
      </input_file>
      <input_file id="fl-cd">
         <path>C:\CCStudio_v6.0\bios_5_42_01_09\packages\ti\bios\lib\</path>
         <kind>archive</kind>
         <file>bios.a674</file>
         <name>sem_pend.o674</name>
      </input_file>
      <input_file id="fl-ce">
         <path>C:\_team_hans\repo\bsl\lib\</path>
         <kind>archive</kind>
         <file>evmomapl138_bsl.lib</file>
         <name>evmomapl138_spi.obj</name>
      </input_file>
      <input_file id="fl-cf">
         <path>C:\CCStudio_v6.0\bios_5_42_01_09\packages\ti\bios\lib\</path>
         <kind>archive</kind>
         <file>bios.a674</file>
         <name>sts_set.o674</name>
      </input_file>
      <input_file id="fl-d0">
         <path>C:\CCStudio_v6.0\bios_5_42_01_09\packages\ti\bios\lib\</path>
         <kind>archive</kind>
         <file>bios.a674</file>
         <name>sys_abor.o674</name>
      </input_file>
      <input_file id="fl-d1">
         <path>C:\CCStudio_v6.0\bios_5_42_01_09\packages\ti\bios\lib\</path>
         <kind>archive</kind>
         <file>bios.a674</file>
         <name>tsk.o674</name>
      </input_file>
      <input_file id="fl-d2">
         <path>C:\CCStudio_v6.0\bios_5_42_01_09\packages\ti\bios\lib\</path>
         <kind>archive</kind>
         <file>bios.a674</file>
         <name>tsk_exit.o674</name>
      </input_file>
      <input_file id="fl-d3">
         <path>C:\CCStudio_v6.0\bios_5_42_01_09\packages\ti\bios\lib\</path>
         <kind>archive</kind>
         <file>bios.a674</file>
         <name>sys_exit.o674</name>
      </input_file>
      <input_file id="fl-d4">
         <path>C:\CCStudio_v6.0\bios_5_42_01_09\packages\ti\bios\lib\</path>
         <kind>archive</kind>
         <file>bios.a674</file>
         <name>sys.o674</name>
      </input_file>
      <input_file id="fl-d5">
         <path>C:\CCStudio_v6.0\bios_5_42_01_09\packages\ti\bios\lib\</path>
         <kind>archive</kind>
         <file>bios.a674</file>
         <name>tsk_init.o674</name>
      </input_file>
      <input_file id="fl-d6">
         <path>C:\CCStudio_v6.0\bios_5_42_01_09\packages\ti\bios\lib\</path>
         <kind>archive</kind>
         <file>bios.a674</file>
         <name>tsk_setu.o674</name>
      </input_file>
      <input_file id="fl-d7">
         <path>C:\CCStudio_v6.0\bios_5_42_01_09\packages\ti\bios\lib\</path>
         <kind>archive</kind>
         <file>bios.a674</file>
         <name>tsk_stup.o674</name>
      </input_file>
      <input_file id="fl-d8">
         <path>C:\CCStudio_v6.0\bios_5_42_01_09\packages\ti\bios\lib\</path>
         <kind>archive</kind>
         <file>bios.a674</file>
         <name>lck.o674</name>
      </input_file>
      <input_file id="fl-d9">
         <path>C:\CCStudio_v6.0\bios_5_42_01_09\packages\ti\bios\lib\</path>
         <kind>archive</kind>
         <file>bios.a674</file>
         <name>sem_post_asm.o674</name>
      </input_file>
      <input_file id="fl-da">
         <path>C:\CCStudio_v6.0\bios_5_42_01_09\packages\ti\bios\lib\</path>
         <kind>archive</kind>
         <file>bios.a674</file>
         <name>sem_post.o674</name>
      </input_file>
      <input_file id="fl-db">
         <path>C:\_team_hans\repo\bsl\lib\</path>
         <kind>archive</kind>
         <file>evmomapl138_bsl.lib</file>
         <name>evmomapl138_uart.obj</name>
      </input_file>
      <input_file id="fl-dc">
         <path>C:\_team_hans\repo\bsl\lib\</path>
         <kind>archive</kind>
         <file>evmomapl138_bsl.lib</file>
         <name>evmomapl138_timer.obj</name>
      </input_file>
      <input_file id="fl-dd">
         <path>C:\_team_hans\repo\bsl\lib\</path>
         <kind>archive</kind>
         <file>evmomapl138_bsl.lib</file>
         <name>evmomapl138_vpif.obj</name>
      </input_file>
      <input_file id="fl-de">
         <path>C:\CCStudio_v6.0\bios_5_42_01_09\packages\ti\bios\lib\</path>
         <kind>archive</kind>
         <file>bios.a674</file>
         <name>sem_dopo.o674</name>
      </input_file>
      <input_file id="fl-df">
         <path>C:\CCStudio_v6.0\bios_5_42_01_09\packages\ti\bios\lib\</path>
         <kind>archive</kind>
         <file>bios.a674</file>
         <name>autoinit.o674</name>
      </input_file>
      <input_file id="fl-e0">
         <path>C:\CCStudio_v6.0\ccsv6\tools\compiler\c6000_7.4.8\lib\</path>
         <kind>archive</kind>
         <file>rts6740.lib</file>
         <name>divd.obj</name>
      </input_file>
      <input_file id="fl-e1">
         <path>C:\CCStudio_v6.0\ccsv6\tools\compiler\c6000_7.4.8\lib\</path>
         <kind>archive</kind>
         <file>rts6740.lib</file>
         <name>divf.obj</name>
      </input_file>
      <input_file id="fl-e2">
         <path>C:\CCStudio_v6.0\ccsv6\tools\compiler\c6000_7.4.8\lib\</path>
         <kind>archive</kind>
         <file>rts6740.lib</file>
         <name>divi.obj</name>
      </input_file>
      <input_file id="fl-e3">
         <path>C:\CCStudio_v6.0\ccsv6\tools\compiler\c6000_7.4.8\lib\</path>
         <kind>archive</kind>
         <file>rts6740.lib</file>
         <name>divu.obj</name>
      </input_file>
      <input_file id="fl-e4">
         <path>C:\CCStudio_v6.0\ccsv6\tools\compiler\c6000_7.4.8\lib\</path>
         <kind>archive</kind>
         <file>rts6740.lib</file>
         <name>frcmpyd_div.obj</name>
      </input_file>
      <input_file id="fl-e5">
         <path>C:\CCStudio_v6.0\ccsv6\tools\compiler\c6000_7.4.8\lib\</path>
         <kind>archive</kind>
         <file>rts6740.lib</file>
         <name>llshift.obj</name>
      </input_file>
      <input_file id="fl-e6">
         <path>C:\CCStudio_v6.0\ccsv6\tools\compiler\c6000_7.4.8\lib\</path>
         <kind>archive</kind>
         <file>rts6740.lib</file>
         <name>_lock.obj</name>
      </input_file>
      <input_file id="fl-e7">
         <path>C:\CCStudio_v6.0\ccsv6\tools\compiler\c6000_7.4.8\lib\</path>
         <kind>archive</kind>
         <file>rts6740.lib</file>
         <name>imath40.obj</name>
      </input_file>
      <input_file id="fl-e8">
         <path>C:\CCStudio_v6.0\ccsv6\tools\compiler\c6000_7.4.8\lib\</path>
         <kind>archive</kind>
         <file>rts6740.lib</file>
         <name>atan2f.obj</name>
      </input_file>
      <input_file id="fl-e9">
         <path>C:\CCStudio_v6.0\ccsv6\tools\compiler\c6000_7.4.8\lib\</path>
         <kind>archive</kind>
         <file>rts6740.lib</file>
         <name>atanf.obj</name>
      </input_file>
      <input_file id="fl-ea">
         <path>C:\CCStudio_v6.0\ccsv6\tools\compiler\c6000_7.4.8\lib\</path>
         <kind>archive</kind>
         <file>rts6740.lib</file>
         <name>atexit.obj</name>
      </input_file>
      <input_file id="fl-eb">
         <path>C:\CCStudio_v6.0\ccsv6\tools\compiler\c6000_7.4.8\lib\</path>
         <kind>archive</kind>
         <file>rts6740.lib</file>
         <name>sinit.obj</name>
      </input_file>
      <input_file id="fl-ec">
         <path>C:\CCStudio_v6.0\ccsv6\tools\compiler\c6000_7.4.8\lib\</path>
         <kind>archive</kind>
         <file>rts6740.lib</file>
         <name>exit.obj</name>
      </input_file>
      <input_file id="fl-ed">
         <path>C:\CCStudio_v6.0\ccsv6\tools\compiler\c6000_7.4.8\lib\</path>
         <kind>archive</kind>
         <file>rts6740.lib</file>
         <name>atoi.obj</name>
      </input_file>
      <input_file id="fl-ee">
         <path>C:\CCStudio_v6.0\ccsv6\tools\compiler\c6000_7.4.8\lib\</path>
         <kind>archive</kind>
         <file>rts6740.lib</file>
         <name>ctype.obj</name>
      </input_file>
      <input_file id="fl-ef">
         <path>C:\CCStudio_v6.0\ccsv6\tools\compiler\c6000_7.4.8\lib\</path>
         <kind>archive</kind>
         <file>rts6740.lib</file>
         <name>cos.obj</name>
      </input_file>
      <input_file id="fl-f0">
         <path>C:\CCStudio_v6.0\ccsv6\tools\compiler\c6000_7.4.8\lib\</path>
         <kind>archive</kind>
         <file>rts6740.lib</file>
         <name>round.obj</name>
      </input_file>
      <input_file id="fl-f1">
         <path>C:\CCStudio_v6.0\ccsv6\tools\compiler\c6000_7.4.8\lib\</path>
         <kind>archive</kind>
         <file>rts6740.lib</file>
         <name>trunc.obj</name>
      </input_file>
      <input_file id="fl-f2">
         <path>C:\CCStudio_v6.0\ccsv6\tools\compiler\c6000_7.4.8\lib\</path>
         <kind>archive</kind>
         <file>rts6740.lib</file>
         <name>cosf.obj</name>
      </input_file>
      <input_file id="fl-f3">
         <path>C:\CCStudio_v6.0\ccsv6\tools\compiler\c6000_7.4.8\lib\</path>
         <kind>archive</kind>
         <file>rts6740.lib</file>
         <name>roundf.obj</name>
      </input_file>
      <input_file id="fl-f4">
         <path>C:\CCStudio_v6.0\ccsv6\tools\compiler\c6000_7.4.8\lib\</path>
         <kind>archive</kind>
         <file>rts6740.lib</file>
         <name>truncf.obj</name>
      </input_file>
      <input_file id="fl-f5">
         <path>C:\CCStudio_v6.0\ccsv6\tools\compiler\c6000_7.4.8\lib\</path>
         <kind>archive</kind>
         <file>rts6740.lib</file>
         <name>errno.obj</name>
      </input_file>
      <input_file id="fl-f6">
         <path>C:\CCStudio_v6.0\ccsv6\tools\compiler\c6000_7.4.8\lib\</path>
         <kind>archive</kind>
         <file>rts6740.lib</file>
         <name>fmodf.obj</name>
      </input_file>
      <input_file id="fl-f7">
         <path>C:\CCStudio_v6.0\ccsv6\tools\compiler\c6000_7.4.8\lib\</path>
         <kind>archive</kind>
         <file>rts6740.lib</file>
         <name>frexpf.obj</name>
      </input_file>
      <input_file id="fl-f8">
         <path>C:\CCStudio_v6.0\ccsv6\tools\compiler\c6000_7.4.8\lib\</path>
         <kind>archive</kind>
         <file>rts6740.lib</file>
         <name>ldexpf.obj</name>
      </input_file>
      <input_file id="fl-f9">
         <path>C:\CCStudio_v6.0\ccsv6\tools\compiler\c6000_7.4.8\lib\</path>
         <kind>archive</kind>
         <file>rts6740.lib</file>
         <name>memcpy64.obj</name>
      </input_file>
      <input_file id="fl-fa">
         <path>C:\CCStudio_v6.0\ccsv6\tools\compiler\c6000_7.4.8\lib\</path>
         <kind>archive</kind>
         <file>rts6740.lib</file>
         <name>modf.obj</name>
      </input_file>
      <input_file id="fl-fb">
         <path>C:\CCStudio_v6.0\ccsv6\tools\compiler\c6000_7.4.8\lib\</path>
         <kind>archive</kind>
         <file>rts6740.lib</file>
         <name>modff.obj</name>
      </input_file>
      <input_file id="fl-fc">
         <path>C:\CCStudio_v6.0\ccsv6\tools\compiler\c6000_7.4.8\lib\</path>
         <kind>archive</kind>
         <file>rts6740.lib</file>
         <name>printf.obj</name>
      </input_file>
      <input_file id="fl-fd">
         <path>C:\CCStudio_v6.0\ccsv6\tools\compiler\c6000_7.4.8\lib\</path>
         <kind>archive</kind>
         <file>rts6740.lib</file>
         <name>defs.obj</name>
      </input_file>
      <input_file id="fl-fe">
         <path>C:\CCStudio_v6.0\ccsv6\tools\compiler\c6000_7.4.8\lib\</path>
         <kind>archive</kind>
         <file>rts6740.lib</file>
         <name>_printfi.obj</name>
      </input_file>
      <input_file id="fl-ff">
         <path>C:\CCStudio_v6.0\ccsv6\tools\compiler\c6000_7.4.8\lib\</path>
         <kind>archive</kind>
         <file>rts6740.lib</file>
         <name>isinf.obj</name>
      </input_file>
      <input_file id="fl-100">
         <path>C:\CCStudio_v6.0\ccsv6\tools\compiler\c6000_7.4.8\lib\</path>
         <kind>archive</kind>
         <file>rts6740.lib</file>
         <name>imath64.obj</name>
      </input_file>
      <input_file id="fl-101">
         <path>C:\CCStudio_v6.0\ccsv6\tools\compiler\c6000_7.4.8\lib\</path>
         <kind>archive</kind>
         <file>rts6740.lib</file>
         <name>fixdli.obj</name>
      </input_file>
      <input_file id="fl-102">
         <path>C:\CCStudio_v6.0\ccsv6\tools\compiler\c6000_7.4.8\lib\</path>
         <kind>archive</kind>
         <file>rts6740.lib</file>
         <name>fltlid.obj</name>
      </input_file>
      <input_file id="fl-103">
         <path>C:\CCStudio_v6.0\ccsv6\tools\compiler\c6000_7.4.8\lib\</path>
         <kind>archive</kind>
         <file>rts6740.lib</file>
         <name>negll.obj</name>
      </input_file>
      <input_file id="fl-104">
         <path>C:\CCStudio_v6.0\ccsv6\tools\compiler\c6000_7.4.8\lib\</path>
         <kind>archive</kind>
         <file>rts6740.lib</file>
         <name>fputc.obj</name>
      </input_file>
      <input_file id="fl-105">
         <path>C:\CCStudio_v6.0\ccsv6\tools\compiler\c6000_7.4.8\lib\</path>
         <kind>archive</kind>
         <file>rts6740.lib</file>
         <name>fflush.obj</name>
      </input_file>
      <input_file id="fl-106">
         <path>C:\CCStudio_v6.0\ccsv6\tools\compiler\c6000_7.4.8\lib\</path>
         <kind>archive</kind>
         <file>rts6740.lib</file>
         <name>_io_perm.obj</name>
      </input_file>
      <input_file id="fl-107">
         <path>C:\CCStudio_v6.0\ccsv6\tools\compiler\c6000_7.4.8\lib\</path>
         <kind>archive</kind>
         <file>rts6740.lib</file>
         <name>fputs.obj</name>
      </input_file>
      <input_file id="fl-108">
         <path>C:\CCStudio_v6.0\ccsv6\tools\compiler\c6000_7.4.8\lib\</path>
         <kind>archive</kind>
         <file>rts6740.lib</file>
         <name>fseek.obj</name>
      </input_file>
      <input_file id="fl-109">
         <path>C:\CCStudio_v6.0\ccsv6\tools\compiler\c6000_7.4.8\lib\</path>
         <kind>archive</kind>
         <file>rts6740.lib</file>
         <name>abs.obj</name>
      </input_file>
      <input_file id="fl-10a">
         <path>C:\CCStudio_v6.0\ccsv6\tools\compiler\c6000_7.4.8\lib\</path>
         <kind>archive</kind>
         <file>rts6740.lib</file>
         <name>lowlev.obj</name>
      </input_file>
      <input_file id="fl-10b">
         <path>C:\CCStudio_v6.0\ccsv6\tools\compiler\c6000_7.4.8\lib\</path>
         <kind>archive</kind>
         <file>rts6740.lib</file>
         <name>trgdrv.obj</name>
      </input_file>
      <input_file id="fl-10c">
         <path>C:\CCStudio_v6.0\ccsv6\tools\compiler\c6000_7.4.8\lib\</path>
         <kind>archive</kind>
         <file>rts6740.lib</file>
         <name>ltoa.obj</name>
      </input_file>
      <input_file id="fl-10d">
         <path>C:\CCStudio_v6.0\ccsv6\tools\compiler\c6000_7.4.8\lib\</path>
         <kind>archive</kind>
         <file>rts6740.lib</file>
         <name>memccpy.obj</name>
      </input_file>
      <input_file id="fl-10e">
         <path>C:\CCStudio_v6.0\ccsv6\tools\compiler\c6000_7.4.8\lib\</path>
         <kind>archive</kind>
         <file>rts6740.lib</file>
         <name>memset.obj</name>
      </input_file>
      <input_file id="fl-10f">
         <path>C:\CCStudio_v6.0\ccsv6\tools\compiler\c6000_7.4.8\lib\</path>
         <kind>archive</kind>
         <file>rts6740.lib</file>
         <name>trgmsg.obj</name>
      </input_file>
      <input_file id="fl-110">
         <path>C:\CCStudio_v6.0\ccsv6\tools\compiler\c6000_7.4.8\lib\</path>
         <kind>archive</kind>
         <file>rts6740.lib</file>
         <name>setvbuf.obj</name>
      </input_file>
      <input_file id="fl-111">
         <path>C:\CCStudio_v6.0\ccsv6\tools\compiler\c6000_7.4.8\lib\</path>
         <kind>archive</kind>
         <file>rts6740.lib</file>
         <name>fopen.obj</name>
      </input_file>
      <input_file id="fl-112">
         <path>C:\CCStudio_v6.0\ccsv6\tools\compiler\c6000_7.4.8\lib\</path>
         <kind>archive</kind>
         <file>rts6740.lib</file>
         <name>fclose.obj</name>
      </input_file>
      <input_file id="fl-113">
         <path>C:\CCStudio_v6.0\bios_5_42_01_09\packages\ti\bios\lib\</path>
         <kind>archive</kind>
         <file>bios.a674</file>
         <name>malloc.o674</name>
      </input_file>
      <input_file id="fl-114">
         <path>C:\CCStudio_v6.0\bios_5_42_01_09\packages\ti\bios\lib\</path>
         <kind>archive</kind>
         <file>bios.a674</file>
         <name>mem_allo.o674</name>
      </input_file>
      <input_file id="fl-115">
         <path>C:\CCStudio_v6.0\bios_5_42_01_09\packages\ti\bios\lib\</path>
         <kind>archive</kind>
         <file>bios.a674</file>
         <name>mem_free.o674</name>
      </input_file>
      <input_file id="fl-116">
         <path>C:\CCStudio_v6.0\bios_5_42_01_09\packages\ti\bios\lib\</path>
         <kind>archive</kind>
         <file>bios.a674</file>
         <name>sys_erro.o674</name>
      </input_file>
      <input_file id="fl-117">
         <path>C:\CCStudio_v6.0\ccsv6\tools\compiler\c6000_7.4.8\lib\</path>
         <kind>archive</kind>
         <file>rts6740.lib</file>
         <name>remove.obj</name>
      </input_file>
      <input_file id="fl-118">
         <path>C:\CCStudio_v6.0\ccsv6\tools\compiler\c6000_7.4.8\lib\</path>
         <kind>archive</kind>
         <file>rts6740.lib</file>
         <name>sin.obj</name>
      </input_file>
      <input_file id="fl-119">
         <path>C:\CCStudio_v6.0\ccsv6\tools\compiler\c6000_7.4.8\lib\</path>
         <kind>archive</kind>
         <file>rts6740.lib</file>
         <name>sinf.obj</name>
      </input_file>
      <input_file id="fl-11a">
         <path>C:\CCStudio_v6.0\ccsv6\tools\compiler\c6000_7.4.8\lib\</path>
         <kind>archive</kind>
         <file>rts6740.lib</file>
         <name>sprintf.obj</name>
      </input_file>
      <input_file id="fl-11b">
         <path>C:\CCStudio_v6.0\ccsv6\tools\compiler\c6000_7.4.8\lib\</path>
         <kind>archive</kind>
         <file>rts6740.lib</file>
         <name>sqrtf.obj</name>
      </input_file>
      <input_file id="fl-11c">
         <path>C:\CCStudio_v6.0\ccsv6\tools\compiler\c6000_7.4.8\lib\</path>
         <kind>archive</kind>
         <file>rts6740.lib</file>
         <name>sscanf.obj</name>
      </input_file>
      <input_file id="fl-11d">
         <path>C:\CCStudio_v6.0\ccsv6\tools\compiler\c6000_7.4.8\lib\</path>
         <kind>archive</kind>
         <file>rts6740.lib</file>
         <name>_scanfi.obj</name>
      </input_file>
      <input_file id="fl-11e">
         <path>C:\CCStudio_v6.0\ccsv6\tools\compiler\c6000_7.4.8\lib\</path>
         <kind>archive</kind>
         <file>rts6740.lib</file>
         <name>strtod.obj</name>
      </input_file>
      <input_file id="fl-11f">
         <path>C:\CCStudio_v6.0\ccsv6\tools\compiler\c6000_7.4.8\lib\</path>
         <kind>archive</kind>
         <file>rts6740.lib</file>
         <name>strtol.obj</name>
      </input_file>
      <input_file id="fl-120">
         <path>C:\CCStudio_v6.0\ccsv6\tools\compiler\c6000_7.4.8\lib\</path>
         <kind>archive</kind>
         <file>rts6740.lib</file>
         <name>strtold.obj</name>
      </input_file>
      <input_file id="fl-121">
         <path>C:\CCStudio_v6.0\ccsv6\tools\compiler\c6000_7.4.8\lib\</path>
         <kind>archive</kind>
         <file>rts6740.lib</file>
         <name>strtoll.obj</name>
      </input_file>
      <input_file id="fl-122">
         <path>C:\CCStudio_v6.0\ccsv6\tools\compiler\c6000_7.4.8\lib\</path>
         <kind>archive</kind>
         <file>rts6740.lib</file>
         <name>strtoul.obj</name>
      </input_file>
      <input_file id="fl-123">
         <path>C:\CCStudio_v6.0\ccsv6\tools\compiler\c6000_7.4.8\lib\</path>
         <kind>archive</kind>
         <file>rts6740.lib</file>
         <name>strtoull.obj</name>
      </input_file>
      <input_file id="fl-124">
         <path>C:\CCStudio_v6.0\ccsv6\tools\compiler\c6000_7.4.8\lib\</path>
         <kind>archive</kind>
         <file>rts6740.lib</file>
         <name>tanf.obj</name>
      </input_file>
      <input_file id="fl-125">
         <path>C:\CCStudio_v6.0\ccsv6\tools\compiler\c6000_7.4.8\lib\</path>
         <kind>archive</kind>
         <file>rts6740.lib</file>
         <name>vsprintf.obj</name>
      </input_file>
   </input_file_list>
   <object_component_list>
      <object_component id="oc-7f">
         <name>.vers</name>
         <load_address>0x0</load_address>
         <run_address>0x0</run_address>
         <size>0x44</size>
         <input_file_ref idref="fl-e"/>
      </object_component>
      <object_component id="oc-6b">
         <name>.clk</name>
         <uninitialized>true</uninitialized>
         <run_address>0x118277f8</run_address>
         <size>0x8</size>
         <input_file_ref idref="fl-e"/>
      </object_component>
      <object_component id="oc-6c">
         <name>.prd</name>
         <uninitialized>true</uninitialized>
         <run_address>0x118169a0</run_address>
         <size>0x40</size>
         <input_file_ref idref="fl-e"/>
      </object_component>
      <object_component id="oc-74">
         <name>.swi</name>
         <uninitialized>true</uninitialized>
         <run_address>0x1182af40</run_address>
         <size>0xdc</size>
         <input_file_ref idref="fl-e"/>
      </object_component>
      <object_component id="oc-75">
         <name>.tsk</name>
         <uninitialized>true</uninitialized>
         <run_address>0x1182ad20</run_address>
         <size>0x120</size>
         <input_file_ref idref="fl-e"/>
      </object_component>
      <object_component id="oc-7a">
         <name>.idl</name>
         <uninitialized>true</uninitialized>
         <run_address>0x118169f0</run_address>
         <size>0x10</size>
         <input_file_ref idref="fl-e"/>
      </object_component>
      <object_component id="oc-79">
         <name>.idlcal</name>
         <uninitialized>true</uninitialized>
         <run_address>0x1181c970</run_address>
         <size>0x10</size>
         <input_file_ref idref="fl-e"/>
      </object_component>
      <object_component id="oc-4c">
         <name>.bss</name>
         <uninitialized>true</uninitialized>
         <run_address>0x11829660</run_address>
         <size>0x38</size>
         <input_file_ref idref="fl-e"/>
      </object_component>
      <object_component id="oc-58">
         <name>.bss</name>
         <uninitialized>true</uninitialized>
         <run_address>0x11829000</run_address>
         <size>0x16c</size>
         <input_file_ref idref="fl-b"/>
      </object_component>
      <object_component id="oc-87">
         <name>.bss</name>
         <uninitialized>true</uninitialized>
         <run_address>0x11829570</run_address>
         <size>0x6c</size>
         <input_file_ref idref="fl-10"/>
      </object_component>
      <object_component id="oc-8f">
         <name>.bss</name>
         <uninitialized>true</uninitialized>
         <run_address>0x11829730</run_address>
         <size>0x8</size>
         <input_file_ref idref="fl-11"/>
      </object_component>
      <object_component id="oc-95">
         <name>.bss</name>
         <uninitialized>true</uninitialized>
         <run_address>0x1182916c</run_address>
         <size>0x114</size>
         <input_file_ref idref="fl-12"/>
      </object_component>
      <object_component id="oc-9c">
         <name>.bss</name>
         <uninitialized>true</uninitialized>
         <run_address>0x11829724</run_address>
         <size>0xb</size>
         <input_file_ref idref="fl-13"/>
      </object_component>
      <object_component id="oc-a3">
         <name>.bss</name>
         <uninitialized>true</uninitialized>
         <run_address>0x11829628</run_address>
         <size>0x38</size>
         <input_file_ref idref="fl-14"/>
      </object_component>
      <object_component id="oc-aa">
         <name>.bss</name>
         <uninitialized>true</uninitialized>
         <run_address>0x118294e8</run_address>
         <size>0x88</size>
         <input_file_ref idref="fl-15"/>
      </object_component>
      <object_component id="oc-b1">
         <name>.bss</name>
         <uninitialized>true</uninitialized>
         <run_address>0x11829380</run_address>
         <size>0xcc</size>
         <input_file_ref idref="fl-92"/>
      </object_component>
      <object_component id="oc-b3">
         <name>.bss</name>
         <uninitialized>true</uninitialized>
         <run_address>0x11829280</run_address>
         <size>0x100</size>
         <input_file_ref idref="fl-93"/>
      </object_component>
      <object_component id="oc-ba">
         <name>.bss</name>
         <uninitialized>true</uninitialized>
         <run_address>0x118296d0</run_address>
         <size>0x18</size>
         <input_file_ref idref="fl-95"/>
      </object_component>
      <object_component id="oc-c0">
         <name>.bss</name>
         <uninitialized>true</uninitialized>
         <run_address>0x1182944c</run_address>
         <size>0x9c</size>
         <input_file_ref idref="fl-96"/>
      </object_component>
      <object_component id="oc-f1">
         <name>.bss</name>
         <uninitialized>true</uninitialized>
         <run_address>0x118296b8</run_address>
         <size>0x18</size>
         <input_file_ref idref="fl-a3"/>
      </object_component>
      <object_component id="oc-f3">
         <name>.bss</name>
         <uninitialized>true</uninitialized>
         <run_address>0x11829748</run_address>
         <size>0x4</size>
         <input_file_ref idref="fl-a4"/>
      </object_component>
      <object_component id="oc-127">
         <name>.bss</name>
         <uninitialized>true</uninitialized>
         <run_address>0x11829738</run_address>
         <size>0x8</size>
         <input_file_ref idref="fl-b0"/>
      </object_component>
      <object_component id="oc-12e">
         <name>.bss</name>
         <uninitialized>true</uninitialized>
         <run_address>0x11829624</run_address>
         <size>0x4</size>
         <input_file_ref idref="fl-b2"/>
      </object_component>
      <object_component id="oc-13d">
         <name>.bss</name>
         <uninitialized>true</uninitialized>
         <run_address>0x11829698</run_address>
         <size>0x20</size>
         <input_file_ref idref="fl-b6"/>
      </object_component>
      <object_component id="oc-143">
         <name>.bss</name>
         <uninitialized>true</uninitialized>
         <run_address>0x118296e8</run_address>
         <size>0x10</size>
         <input_file_ref idref="fl-b7"/>
      </object_component>
      <object_component id="oc-155">
         <name>.bss</name>
         <uninitialized>true</uninitialized>
         <run_address>0x11829708</run_address>
         <size>0x10</size>
         <input_file_ref idref="fl-bb"/>
      </object_component>
      <object_component id="oc-165">
         <name>.bss</name>
         <uninitialized>true</uninitialized>
         <run_address>0x11829750</run_address>
         <size>0x4</size>
         <input_file_ref idref="fl-be"/>
      </object_component>
      <object_component id="oc-16a">
         <name>.bss</name>
         <uninitialized>true</uninitialized>
         <run_address>0x118295dc</run_address>
         <size>0x48</size>
         <input_file_ref idref="fl-bf"/>
      </object_component>
      <object_component id="oc-17f">
         <name>.bss</name>
         <uninitialized>true</uninitialized>
         <run_address>0x1182974c</run_address>
         <size>0x4</size>
         <input_file_ref idref="fl-c5"/>
      </object_component>
      <object_component id="oc-18b">
         <name>.bss</name>
         <uninitialized>true</uninitialized>
         <run_address>0x118296f8</run_address>
         <size>0x10</size>
         <input_file_ref idref="fl-c9"/>
      </object_component>
      <object_component id="oc-1ab">
         <name>.bss</name>
         <uninitialized>true</uninitialized>
         <run_address>0x11829718</run_address>
         <size>0xc</size>
         <input_file_ref idref="fl-d1"/>
      </object_component>
      <object_component id="oc-1b7">
         <name>.bss</name>
         <uninitialized>true</uninitialized>
         <run_address>0x11829740</run_address>
         <size>0x8</size>
         <input_file_ref idref="fl-d4"/>
      </object_component>
      <object_component id="oc-73">
         <name>.hwi_vec</name>
         <load_address>0x1182a800</load_address>
         <run_address>0x1182a800</run_address>
         <size>0x200</size>
         <input_file_ref idref="fl-e"/>
      </object_component>
      <object_component id="oc-5b">
         <name>.far</name>
         <uninitialized>true</uninitialized>
         <run_address>0x11819a48</run_address>
         <size>0x1520</size>
         <input_file_ref idref="fl-b"/>
      </object_component>
      <object_component id="oc-8a">
         <name>.far</name>
         <uninitialized>true</uninitialized>
         <run_address>0x11818428</run_address>
         <size>0x1620</size>
         <input_file_ref idref="fl-10"/>
      </object_component>
      <object_component id="oc-98">
         <name>.far</name>
         <uninitialized>true</uninitialized>
         <run_address>0x11816a00</run_address>
         <size>0x1a24</size>
         <input_file_ref idref="fl-12"/>
      </object_component>
      <object_component id="oc-a6">
         <name>.far</name>
         <uninitialized>true</uninitialized>
         <run_address>0x1181c400</run_address>
         <size>0x168</size>
         <input_file_ref idref="fl-14"/>
      </object_component>
      <object_component id="oc-ad">
         <name>.far</name>
         <uninitialized>true</uninitialized>
         <run_address>0x1181af68</run_address>
         <size>0xfa0</size>
         <input_file_ref idref="fl-15"/>
      </object_component>
      <object_component id="oc-d0">
         <name>.far</name>
         <uninitialized>true</uninitialized>
         <run_address>0x1181c910</run_address>
         <size>0x10</size>
         <input_file_ref idref="fl-9a"/>
      </object_component>
      <object_component id="oc-dd">
         <name>.far</name>
         <uninitialized>true</uninitialized>
         <run_address>0x1181c950</run_address>
         <size>0xc</size>
         <input_file_ref idref="fl-9d"/>
      </object_component>
      <object_component id="oc-124">
         <name>.far</name>
         <uninitialized>true</uninitialized>
         <run_address>0x11818424</run_address>
         <size>0x4</size>
         <input_file_ref idref="fl-af"/>
      </object_component>
      <object_component id="oc-132">
         <name>.far</name>
         <uninitialized>true</uninitialized>
         <run_address>0x1181c22c</run_address>
         <size>0x4</size>
         <input_file_ref idref="fl-b3"/>
      </object_component>
      <object_component id="oc-146">
         <name>.far</name>
         <uninitialized>true</uninitialized>
         <run_address>0x1181c900</run_address>
         <size>0x10</size>
         <input_file_ref idref="fl-b7"/>
      </object_component>
      <object_component id="oc-159">
         <name>.far</name>
         <uninitialized>true</uninitialized>
         <run_address>0x1181c8e8</run_address>
         <size>0x18</size>
         <input_file_ref idref="fl-bb"/>
      </object_component>
      <object_component id="oc-16d">
         <name>.far</name>
         <uninitialized>true</uninitialized>
         <run_address>0x1181c688</run_address>
         <size>0xd8</size>
         <input_file_ref idref="fl-bf"/>
      </object_component>
      <object_component id="oc-185">
         <name>.far</name>
         <uninitialized>true</uninitialized>
         <run_address>0x1181c7c0</run_address>
         <size>0x54</size>
         <input_file_ref idref="fl-c7"/>
      </object_component>
      <object_component id="oc-1ae">
         <name>.far</name>
         <uninitialized>true</uninitialized>
         <run_address>0x1181c760</run_address>
         <size>0x5c</size>
         <input_file_ref idref="fl-d1"/>
      </object_component>
      <object_component id="oc-1ba">
         <name>.far</name>
         <uninitialized>true</uninitialized>
         <run_address>0x1181c8a8</run_address>
         <size>0x20</size>
         <input_file_ref idref="fl-d4"/>
      </object_component>
      <object_component id="oc-1c4">
         <name>.far</name>
         <uninitialized>true</uninitialized>
         <run_address>0x1181c814</run_address>
         <size>0x50</size>
         <input_file_ref idref="fl-d7"/>
      </object_component>
      <object_component id="oc-1f9">
         <name>.far</name>
         <uninitialized>true</uninitialized>
         <run_address>0x1181c3f8</run_address>
         <size>0x8</size>
         <input_file_ref idref="fl-e6"/>
      </object_component>
      <object_component id="oc-204">
         <name>.far</name>
         <uninitialized>true</uninitialized>
         <run_address>0x1181c8c8</run_address>
         <size>0x20</size>
         <input_file_ref idref="fl-e9"/>
      </object_component>
      <object_component id="oc-209">
         <name>.far</name>
         <uninitialized>true</uninitialized>
         <run_address>0x1181c230</run_address>
         <size>0x188</size>
         <input_file_ref idref="fl-ea"/>
      </object_component>
      <object_component id="oc-20e">
         <name>.far</name>
         <uninitialized>true</uninitialized>
         <run_address>0x1181c864</run_address>
         <size>0x4</size>
         <input_file_ref idref="fl-eb"/>
      </object_component>
      <object_component id="oc-213">
         <name>.far</name>
         <uninitialized>true</uninitialized>
         <run_address>0x1181c95c</run_address>
         <size>0xc</size>
         <input_file_ref idref="fl-ec"/>
      </object_component>
      <object_component id="oc-21d">
         <name>.far</name>
         <uninitialized>true</uninitialized>
         <run_address>0x1181c3b8</run_address>
         <size>0x40</size>
         <input_file_ref idref="fl-ef"/>
      </object_component>
      <object_component id="oc-228">
         <name>.far</name>
         <uninitialized>true</uninitialized>
         <run_address>0x1181c920</run_address>
         <size>0x10</size>
         <input_file_ref idref="fl-f2"/>
      </object_component>
      <object_component id="oc-233">
         <name>.far</name>
         <uninitialized>true</uninitialized>
         <run_address>0x1181c684</run_address>
         <size>0x4</size>
         <input_file_ref idref="fl-f5"/>
      </object_component>
      <object_component id="oc-24c">
         <name>.far</name>
         <uninitialized>true</uninitialized>
         <run_address>0x1181bf08</run_address>
         <size>0x324</size>
         <input_file_ref idref="fl-fd"/>
      </object_component>
      <object_component id="oc-276">
         <name>.far</name>
         <uninitialized>true</uninitialized>
         <run_address>0x1181c568</run_address>
         <size>0x11c</size>
         <input_file_ref idref="fl-10a"/>
      </object_component>
      <object_component id="oc-27a">
         <name>.far</name>
         <uninitialized>true</uninitialized>
         <run_address>0x1181c968</run_address>
         <size>0x8</size>
         <input_file_ref idref="fl-10b"/>
      </object_component>
      <object_component id="oc-28f">
         <name>.far</name>
         <uninitialized>true</uninitialized>
         <run_address>0x1181c7bc</run_address>
         <size>0x4</size>
         <input_file_ref idref="fl-111"/>
      </object_component>
      <object_component id="oc-2a8">
         <name>.far</name>
         <uninitialized>true</uninitialized>
         <run_address>0x1181c868</run_address>
         <size>0x40</size>
         <input_file_ref idref="fl-118"/>
      </object_component>
      <object_component id="oc-2ad">
         <name>.far</name>
         <uninitialized>true</uninitialized>
         <run_address>0x1181c930</run_address>
         <size>0x10</size>
         <input_file_ref idref="fl-119"/>
      </object_component>
      <object_component id="oc-2d0">
         <name>.far</name>
         <uninitialized>true</uninitialized>
         <run_address>0x1181c940</run_address>
         <size>0x10</size>
         <input_file_ref idref="fl-124"/>
      </object_component>
      <object_component id="oc-67">
         <name>.mem</name>
         <uninitialized>true</uninitialized>
         <run_address>0x11829754</run_address>
         <size>0x4</size>
         <input_file_ref idref="fl-e"/>
      </object_component>
      <object_component id="oc-bc">
         <name>.bios</name>
         <load_address>0x1181c980</load_address>
         <run_address>0x1181c980</run_address>
         <size>0x5c0</size>
         <input_file_ref idref="fl-95"/>
      </object_component>
      <object_component id="oc-2e6">
         <name>.bios</name>
         <load_address>0x1181cf40</load_address>
         <run_address>0x1181cf40</run_address>
         <size>0x580</size>
         <input_file_ref idref="fl-b7"/>
      </object_component>
      <object_component id="oc-4d">
         <name>.bios</name>
         <load_address>0x1181d4c0</load_address>
         <run_address>0x1181d4c0</run_address>
         <size>0x4e0</size>
         <input_file_ref idref="fl-93"/>
      </object_component>
      <object_component id="oc-4b">
         <name>.bios</name>
         <load_address>0x1181d9a0</load_address>
         <run_address>0x1181d9a0</run_address>
         <size>0x4c0</size>
         <input_file_ref idref="fl-96"/>
      </object_component>
      <object_component id="oc-10e">
         <name>.bios</name>
         <load_address>0x1181de60</load_address>
         <run_address>0x1181de60</run_address>
         <size>0x380</size>
         <input_file_ref idref="fl-aa"/>
      </object_component>
      <object_component id="oc-387">
         <name>.bios</name>
         <load_address>0x1181e1e0</load_address>
         <run_address>0x1181e1e0</run_address>
         <size>0x280</size>
         <input_file_ref idref="fl-113"/>
      </object_component>
      <object_component id="oc-113">
         <name>.bios</name>
         <load_address>0x1181e460</load_address>
         <run_address>0x1181e460</run_address>
         <size>0x280</size>
         <input_file_ref idref="fl-ab"/>
      </object_component>
      <object_component id="oc-2df">
         <name>.bios</name>
         <load_address>0x1181e6e0</load_address>
         <run_address>0x1181e6e0</run_address>
         <size>0x240</size>
         <input_file_ref idref="fl-c4"/>
      </object_component>
      <object_component id="oc-38d">
         <name>.bios:.near</name>
         <load_address>0x1181e920</load_address>
         <run_address>0x1181e920</run_address>
         <size>0x200</size>
         <input_file_ref idref="fl-114"/>
      </object_component>
      <object_component id="oc-50">
         <name>.bios</name>
         <load_address>0x1181eb20</load_address>
         <run_address>0x1181eb20</run_address>
         <size>0x200</size>
         <input_file_ref idref="fl-9a"/>
      </object_component>
      <object_component id="oc-38c">
         <name>.bios:.near</name>
         <load_address>0x1181ed20</load_address>
         <run_address>0x1181ed20</run_address>
         <size>0x1e0</size>
         <input_file_ref idref="fl-115"/>
      </object_component>
      <object_component id="oc-13f">
         <name>.bios</name>
         <load_address>0x1181ef00</load_address>
         <run_address>0x1181ef00</run_address>
         <size>0x1e0</size>
         <input_file_ref idref="fl-b6"/>
      </object_component>
      <object_component id="oc-10a">
         <name>.bios</name>
         <load_address>0x1181f0e0</load_address>
         <run_address>0x1181f0e0</run_address>
         <size>0x1e0</size>
         <input_file_ref idref="fl-a9"/>
      </object_component>
      <object_component id="oc-2ee">
         <name>.bios</name>
         <load_address>0x1181f2c0</load_address>
         <run_address>0x1181f2c0</run_address>
         <size>0x1e0</size>
         <input_file_ref idref="fl-cd"/>
      </object_component>
      <object_component id="oc-2ef">
         <name>.bios</name>
         <load_address>0x1181f4a0</load_address>
         <run_address>0x1181f4a0</run_address>
         <size>0x1a0</size>
         <input_file_ref idref="fl-de"/>
      </object_component>
      <object_component id="oc-2e8">
         <name>.bios</name>
         <load_address>0x1181f640</load_address>
         <run_address>0x1181f640</run_address>
         <size>0x1a0</size>
         <input_file_ref idref="fl-d6"/>
      </object_component>
      <object_component id="oc-e3">
         <name>.bios</name>
         <load_address>0x1181f7e0</load_address>
         <run_address>0x1181f7e0</run_address>
         <size>0x1a0</size>
         <input_file_ref idref="fl-9f"/>
      </object_component>
      <object_component id="oc-102">
         <name>.bios</name>
         <load_address>0x1181f980</load_address>
         <run_address>0x1181f980</run_address>
         <size>0x180</size>
         <input_file_ref idref="fl-a7"/>
      </object_component>
      <object_component id="oc-30c">
         <name>.bios</name>
         <load_address>0x1181fb00</load_address>
         <run_address>0x1181fb00</run_address>
         <size>0x180</size>
         <input_file_ref idref="fl-ae"/>
      </object_component>
      <object_component id="oc-2d6">
         <name>.bios</name>
         <load_address>0x1181fc80</load_address>
         <run_address>0x1181fc80</run_address>
         <size>0x140</size>
         <input_file_ref idref="fl-df"/>
      </object_component>
      <object_component id="oc-2e2">
         <name>.bios</name>
         <load_address>0x1181fdc0</load_address>
         <run_address>0x1181fdc0</run_address>
         <size>0x140</size>
         <input_file_ref idref="fl-d2"/>
      </object_component>
      <object_component id="oc-31e">
         <name>.bios</name>
         <load_address>0x1181ff00</load_address>
         <run_address>0x1181ff00</run_address>
         <size>0x140</size>
         <input_file_ref idref="fl-97"/>
      </object_component>
      <object_component id="oc-2e4">
         <name>.bios</name>
         <load_address>0x11820040</load_address>
         <run_address>0x11820040</run_address>
         <size>0x120</size>
         <input_file_ref idref="fl-b8"/>
      </object_component>
      <object_component id="oc-172">
         <name>.bios</name>
         <load_address>0x11820160</load_address>
         <run_address>0x11820160</run_address>
         <size>0x120</size>
         <input_file_ref idref="fl-c1"/>
      </object_component>
      <object_component id="oc-2e9">
         <name>.bios</name>
         <load_address>0x11820280</load_address>
         <run_address>0x11820280</run_address>
         <size>0x120</size>
         <input_file_ref idref="fl-d7"/>
      </object_component>
      <object_component id="oc-1cb">
         <name>.bios</name>
         <load_address>0x118203a0</load_address>
         <run_address>0x118203a0</run_address>
         <size>0xe0</size>
         <input_file_ref idref="fl-d9"/>
      </object_component>
      <object_component id="oc-2e1">
         <name>.bios</name>
         <load_address>0x11820480</load_address>
         <run_address>0x11820480</run_address>
         <size>0xc0</size>
         <input_file_ref idref="fl-c0"/>
      </object_component>
      <object_component id="oc-2f1">
         <name>.bios</name>
         <load_address>0x11820540</load_address>
         <run_address>0x11820540</run_address>
         <size>0xa0</size>
         <input_file_ref idref="fl-da"/>
      </object_component>
      <object_component id="oc-318">
         <name>.bios</name>
         <load_address>0x118205e0</load_address>
         <run_address>0x118205e0</run_address>
         <size>0xa0</size>
         <input_file_ref idref="fl-d3"/>
      </object_component>
      <object_component id="oc-2f0">
         <name>.bios</name>
         <load_address>0x11820680</load_address>
         <run_address>0x11820680</run_address>
         <size>0x80</size>
         <input_file_ref idref="fl-c3"/>
      </object_component>
      <object_component id="oc-2d8">
         <name>.bios</name>
         <load_address>0x11820700</load_address>
         <run_address>0x11820700</run_address>
         <size>0x80</size>
         <input_file_ref idref="fl-c2"/>
      </object_component>
      <object_component id="oc-320">
         <name>.bios</name>
         <load_address>0x11820780</load_address>
         <run_address>0x11820780</run_address>
         <size>0x80</size>
         <input_file_ref idref="fl-d8"/>
      </object_component>
      <object_component id="oc-106">
         <name>.bios</name>
         <load_address>0x11820800</load_address>
         <run_address>0x11820800</run_address>
         <size>0x80</size>
         <input_file_ref idref="fl-a8"/>
      </object_component>
      <object_component id="oc-337">
         <name>.bios</name>
         <load_address>0x11820880</load_address>
         <run_address>0x11820880</run_address>
         <size>0x80</size>
         <input_file_ref idref="fl-af"/>
      </object_component>
      <object_component id="oc-f9">
         <name>.bios</name>
         <load_address>0x11820900</load_address>
         <run_address>0x11820900</run_address>
         <size>0x80</size>
         <input_file_ref idref="fl-a5"/>
      </object_component>
      <object_component id="oc-38f">
         <name>.bios:.near</name>
         <load_address>0x11820980</load_address>
         <run_address>0x11820980</run_address>
         <size>0x60</size>
         <input_file_ref idref="fl-116"/>
      </object_component>
      <object_component id="oc-e7">
         <name>.bios</name>
         <load_address>0x118209e0</load_address>
         <run_address>0x118209e0</run_address>
         <size>0x60</size>
         <input_file_ref idref="fl-a0"/>
      </object_component>
      <object_component id="oc-15d">
         <name>.bios</name>
         <load_address>0x11820a40</load_address>
         <run_address>0x11820a40</run_address>
         <size>0x60</size>
         <input_file_ref idref="fl-bc"/>
      </object_component>
      <object_component id="oc-f5">
         <name>.bios</name>
         <load_address>0x11820aa0</load_address>
         <run_address>0x11820aa0</run_address>
         <size>0x60</size>
         <input_file_ref idref="fl-a4"/>
      </object_component>
      <object_component id="oc-199">
         <name>.bios</name>
         <load_address>0x11820b00</load_address>
         <run_address>0x11820b00</run_address>
         <size>0x60</size>
         <input_file_ref idref="fl-cc"/>
      </object_component>
      <object_component id="oc-11b">
         <name>.bios</name>
         <load_address>0x11820b60</load_address>
         <run_address>0x11820b60</run_address>
         <size>0x60</size>
         <input_file_ref idref="fl-ad"/>
      </object_component>
      <object_component id="oc-31f">
         <name>.bios</name>
         <load_address>0x11820bc0</load_address>
         <run_address>0x11820bc0</run_address>
         <size>0x60</size>
         <input_file_ref idref="fl-d0"/>
      </object_component>
      <object_component id="oc-134">
         <name>.bios</name>
         <load_address>0x11820c20</load_address>
         <run_address>0x11820c20</run_address>
         <size>0x60</size>
         <input_file_ref idref="fl-b4"/>
      </object_component>
      <object_component id="oc-49">
         <name>.bios</name>
         <load_address>0x11820c80</load_address>
         <run_address>0x11820c80</run_address>
         <size>0x40</size>
         <input_file_ref idref="fl-94"/>
      </object_component>
      <object_component id="oc-117">
         <name>.bios</name>
         <load_address>0x11820cc0</load_address>
         <run_address>0x11820cc0</run_address>
         <size>0x40</size>
         <input_file_ref idref="fl-ac"/>
      </object_component>
      <object_component id="oc-48">
         <name>.bios</name>
         <load_address>0x11820d00</load_address>
         <run_address>0x11820d00</run_address>
         <size>0x40</size>
         <input_file_ref idref="fl-9b"/>
      </object_component>
      <object_component id="oc-4f">
         <name>.bios</name>
         <load_address>0x11820d40</load_address>
         <run_address>0x11820d40</run_address>
         <size>0x40</size>
         <input_file_ref idref="fl-9d"/>
      </object_component>
      <object_component id="oc-12a">
         <name>.bios</name>
         <load_address>0x11820d80</load_address>
         <run_address>0x11820d80</run_address>
         <size>0x20</size>
         <input_file_ref idref="fl-b1"/>
      </object_component>
      <object_component id="oc-53">
         <name>.bios</name>
         <load_address>0x11820da0</load_address>
         <run_address>0x11820da0</run_address>
         <size>0x20</size>
         <input_file_ref idref="fl-99"/>
      </object_component>
      <object_component id="oc-14d">
         <name>.bios</name>
         <load_address>0x11820dc0</load_address>
         <run_address>0x11820dc0</run_address>
         <size>0x20</size>
         <input_file_ref idref="fl-b9"/>
      </object_component>
      <object_component id="oc-fd">
         <name>.bios</name>
         <load_address>0x11820de0</load_address>
         <run_address>0x11820de0</run_address>
         <size>0x20</size>
         <input_file_ref idref="fl-a6"/>
      </object_component>
      <object_component id="oc-1a4">
         <name>.bios</name>
         <load_address>0x11820e00</load_address>
         <run_address>0x11820e00</run_address>
         <size>0x20</size>
         <input_file_ref idref="fl-cf"/>
      </object_component>
      <object_component id="oc-52">
         <name>.bios</name>
         <load_address>0x11820e20</load_address>
         <run_address>0x11820e20</run_address>
         <size>0x20</size>
         <input_file_ref idref="fl-9c"/>
      </object_component>
      <object_component id="oc-51">
         <name>.bios</name>
         <load_address>0x11820e40</load_address>
         <run_address>0x11820e40</run_address>
         <size>0x20</size>
         <input_file_ref idref="fl-9e"/>
      </object_component>
      <object_component id="oc-4e">
         <name>.bios</name>
         <load_address>0x11820e60</load_address>
         <run_address>0x11820e60</run_address>
         <size>0x20</size>
         <input_file_ref idref="fl-98"/>
      </object_component>
      <object_component id="oc-287">
         <name>.cio</name>
         <uninitialized>true</uninitialized>
         <run_address>0x1182ac00</run_address>
         <size>0x120</size>
         <input_file_ref idref="fl-10f"/>
      </object_component>
      <object_component id="oc-18f">
         <name>.pinit</name>
         <load_address>0x118277e0</load_address>
         <run_address>0x118277e0</run_address>
         <size>0x4</size>
         <input_file_ref idref="fl-c9"/>
      </object_component>
      <object_component id="oc-15a">
         <name>.pinit</name>
         <load_address>0x118277e4</load_address>
         <run_address>0x118277e4</run_address>
         <size>0x4</size>
         <input_file_ref idref="fl-bb"/>
      </object_component>
      <object_component id="oc-6a">
         <name>.sys</name>
         <uninitialized>true</uninitialized>
         <run_address>0x1182558c</run_address>
         <size>0x10</size>
         <input_file_ref idref="fl-e"/>
      </object_component>
      <object_component id="oc-2d7">
         <name>.text</name>
         <load_address>0x11800000</load_address>
         <run_address>0x11800000</run_address>
         <size>0x30e0</size>
         <input_file_ref idref="fl-b"/>
      </object_component>
      <object_component id="oc-2e3">
         <name>.text</name>
         <load_address>0x118030e0</load_address>
         <run_address>0x118030e0</run_address>
         <size>0x2620</size>
         <input_file_ref idref="fl-10"/>
      </object_component>
      <object_component id="oc-2db">
         <name>.text</name>
         <load_address>0x11805700</load_address>
         <run_address>0x11805700</run_address>
         <size>0x15a0</size>
         <input_file_ref idref="fl-12"/>
      </object_component>
      <object_component id="oc-301">
         <name>.text</name>
         <load_address>0x11806ca0</load_address>
         <run_address>0x11806ca0</run_address>
         <size>0xf80</size>
         <input_file_ref idref="fl-b5"/>
      </object_component>
      <object_component id="oc-2e0">
         <name>.text</name>
         <load_address>0x11807c20</load_address>
         <run_address>0x11807c20</run_address>
         <size>0xaa0</size>
         <input_file_ref idref="fl-13"/>
      </object_component>
      <object_component id="oc-33b">
         <name>.text:__scanfi</name>
         <load_address>0x118086c0</load_address>
         <run_address>0x118086c0</run_address>
         <size>0x900</size>
         <input_file_ref idref="fl-11d"/>
      </object_component>
      <object_component id="oc-308">
         <name>.text</name>
         <load_address>0x11808fc0</load_address>
         <run_address>0x11808fc0</run_address>
         <size>0x720</size>
         <input_file_ref idref="fl-f"/>
      </object_component>
      <object_component id="oc-2d9">
         <name>.text</name>
         <load_address>0x118096e0</load_address>
         <run_address>0x118096e0</run_address>
         <size>0x6e0</size>
         <input_file_ref idref="fl-14"/>
      </object_component>
      <object_component id="oc-313">
         <name>.text</name>
         <load_address>0x11809dc0</load_address>
         <run_address>0x11809dc0</run_address>
         <size>0x6c0</size>
         <input_file_ref idref="fl-dd"/>
      </object_component>
      <object_component id="oc-355">
         <name>.text:__sset_arg</name>
         <load_address>0x1180a480</load_address>
         <run_address>0x1180a480</run_address>
         <size>0x620</size>
         <input_file_ref idref="fl-11d"/>
      </object_component>
      <object_component id="oc-305">
         <name>.text:__divd</name>
         <load_address>0x1180aaa0</load_address>
         <run_address>0x1180aaa0</run_address>
         <size>0x5a0</size>
         <input_file_ref idref="fl-e0"/>
      </object_component>
      <object_component id="oc-37a">
         <name>.text:__getarg_diouxp</name>
         <load_address>0x1180b040</load_address>
         <run_address>0x1180b040</run_address>
         <size>0x580</size>
         <input_file_ref idref="fl-fe"/>
      </object_component>
      <object_component id="oc-358">
         <name>.text:__setfield</name>
         <load_address>0x1180b5c0</load_address>
         <run_address>0x1180b5c0</run_address>
         <size>0x520</size>
         <input_file_ref idref="fl-fe"/>
      </object_component>
      <object_component id="oc-2dc">
         <name>.text</name>
         <load_address>0x1180bae0</load_address>
         <run_address>0x1180bae0</run_address>
         <size>0x4c0</size>
         <input_file_ref idref="fl-15"/>
      </object_component>
      <object_component id="oc-352">
         <name>.text:__sproc_int</name>
         <load_address>0x1180bfa0</load_address>
         <run_address>0x1180bfa0</run_address>
         <size>0x4c0</size>
         <input_file_ref idref="fl-11d"/>
      </object_component>
      <object_component id="oc-32f">
         <name>.text</name>
         <load_address>0x1180c460</load_address>
         <run_address>0x1180c460</run_address>
         <size>0x4a0</size>
         <input_file_ref idref="fl-bd"/>
      </object_component>
      <object_component id="oc-363">
         <name>.text:_strtod</name>
         <load_address>0x1180c900</load_address>
         <run_address>0x1180c900</run_address>
         <size>0x460</size>
         <input_file_ref idref="fl-11e"/>
      </object_component>
      <object_component id="oc-365">
         <name>.text:_strtol</name>
         <load_address>0x1180cd60</load_address>
         <run_address>0x1180cd60</run_address>
         <size>0x460</size>
         <input_file_ref idref="fl-11f"/>
      </object_component>
      <object_component id="oc-364">
         <name>.text:_strtold</name>
         <load_address>0x1180d1c0</load_address>
         <run_address>0x1180d1c0</run_address>
         <size>0x460</size>
         <input_file_ref idref="fl-120"/>
      </object_component>
      <object_component id="oc-366">
         <name>.text:_strtoll</name>
         <load_address>0x1180d620</load_address>
         <run_address>0x1180d620</run_address>
         <size>0x460</size>
         <input_file_ref idref="fl-121"/>
      </object_component>
      <object_component id="oc-33e">
         <name>.text:__printfi</name>
         <load_address>0x1180da80</load_address>
         <run_address>0x1180da80</run_address>
         <size>0x440</size>
         <input_file_ref idref="fl-fe"/>
      </object_component>
      <object_component id="oc-319">
         <name>.text</name>
         <load_address>0x1180dec0</load_address>
         <run_address>0x1180dec0</run_address>
         <size>0x440</size>
         <input_file_ref idref="fl-db"/>
      </object_component>
      <object_component id="oc-309">
         <name>.text</name>
         <load_address>0x1180e300</load_address>
         <run_address>0x1180e300</run_address>
         <size>0x420</size>
         <input_file_ref idref="fl-a"/>
      </object_component>
      <object_component id="oc-361">
         <name>.text:_strtoul</name>
         <load_address>0x1180e720</load_address>
         <run_address>0x1180e720</run_address>
         <size>0x400</size>
         <input_file_ref idref="fl-122"/>
      </object_component>
      <object_component id="oc-362">
         <name>.text:_strtoull</name>
         <load_address>0x1180eb20</load_address>
         <run_address>0x1180eb20</run_address>
         <size>0x400</size>
         <input_file_ref idref="fl-123"/>
      </object_component>
      <object_component id="oc-302">
         <name>.text</name>
         <load_address>0x1180ef20</load_address>
         <run_address>0x1180ef20</run_address>
         <size>0x400</size>
         <input_file_ref idref="fl-be"/>
      </object_component>
      <object_component id="oc-317">
         <name>.text</name>
         <load_address>0x1180f320</load_address>
         <run_address>0x1180f320</run_address>
         <size>0x400</size>
         <input_file_ref idref="fl-ce"/>
      </object_component>
      <object_component id="oc-35b">
         <name>.text:_fputs</name>
         <load_address>0x1180f720</load_address>
         <run_address>0x1180f720</run_address>
         <size>0x3a0</size>
         <input_file_ref idref="fl-107"/>
      </object_component>
      <object_component id="oc-350">
         <name>.text:__sget_conv</name>
         <load_address>0x1180fac0</load_address>
         <run_address>0x1180fac0</run_address>
         <size>0x340</size>
         <input_file_ref idref="fl-11d"/>
      </object_component>
      <object_component id="oc-367">
         <name>.text:__pproc_fge</name>
         <load_address>0x1180fe00</load_address>
         <run_address>0x1180fe00</run_address>
         <size>0x320</size>
         <input_file_ref idref="fl-fe"/>
      </object_component>
      <object_component id="oc-2ff">
         <name>.text</name>
         <load_address>0x11810120</load_address>
         <run_address>0x11810120</run_address>
         <size>0x300</size>
         <input_file_ref idref="fl-ba"/>
      </object_component>
      <object_component id="oc-351">
         <name>.text:__sproc_float</name>
         <load_address>0x11810420</load_address>
         <run_address>0x11810420</run_address>
         <size>0x2e0</size>
         <input_file_ref idref="fl-11d"/>
      </object_component>
      <object_component id="oc-31a">
         <name>.text:_cos</name>
         <load_address>0x11810700</load_address>
         <run_address>0x11810700</run_address>
         <size>0x2e0</size>
         <input_file_ref idref="fl-ef"/>
      </object_component>
      <object_component id="oc-357">
         <name>.text:__pproc_fwp</name>
         <load_address>0x118109e0</load_address>
         <run_address>0x118109e0</run_address>
         <size>0x2c0</size>
         <input_file_ref idref="fl-fe"/>
      </object_component>
      <object_component id="oc-304">
         <name>.text:_fmodf</name>
         <load_address>0x11810ca0</load_address>
         <run_address>0x11810ca0</run_address>
         <size>0x2c0</size>
         <input_file_ref idref="fl-f6"/>
      </object_component>
      <object_component id="oc-380">
         <name>.text:_ecvt</name>
         <load_address>0x11810f60</load_address>
         <run_address>0x11810f60</run_address>
         <size>0x2a0</size>
         <input_file_ref idref="fl-fe"/>
      </object_component>
      <object_component id="oc-383">
         <name>.text:_fcvt</name>
         <load_address>0x11811200</load_address>
         <run_address>0x11811200</run_address>
         <size>0x2a0</size>
         <input_file_ref idref="fl-fe"/>
      </object_component>
      <object_component id="oc-2fe">
         <name>.text:__divf</name>
         <load_address>0x118114a0</load_address>
         <run_address>0x118114a0</run_address>
         <size>0x280</size>
         <input_file_ref idref="fl-e1"/>
      </object_component>
      <object_component id="oc-31b">
         <name>.text:_sin</name>
         <load_address>0x11811720</load_address>
         <run_address>0x11811720</run_address>
         <size>0x280</size>
         <input_file_ref idref="fl-118"/>
      </object_component>
      <object_component id="oc-36d">
         <name>.text:__divull</name>
         <load_address>0x118119a0</load_address>
         <run_address>0x118119a0</run_address>
         <size>0x260</size>
         <input_file_ref idref="fl-100"/>
      </object_component>
      <object_component id="oc-379">
         <name>.text:__pconv_e</name>
         <load_address>0x11811c00</load_address>
         <run_address>0x11811c00</run_address>
         <size>0x260</size>
         <input_file_ref idref="fl-fe"/>
      </object_component>
      <object_component id="oc-368">
         <name>.text:__pproc_diouxp</name>
         <load_address>0x11811e60</load_address>
         <run_address>0x11811e60</run_address>
         <size>0x240</size>
         <input_file_ref idref="fl-fe"/>
      </object_component>
      <object_component id="oc-2fc">
         <name>.text:_sinf</name>
         <load_address>0x118120a0</load_address>
         <run_address>0x118120a0</run_address>
         <size>0x240</size>
         <input_file_ref idref="fl-119"/>
      </object_component>
      <object_component id="oc-359">
         <name>.text:__pproc_str</name>
         <load_address>0x118122e0</load_address>
         <run_address>0x118122e0</run_address>
         <size>0x220</size>
         <input_file_ref idref="fl-fe"/>
      </object_component>
      <object_component id="oc-2fb">
         <name>.text:_cosf</name>
         <load_address>0x11812500</load_address>
         <run_address>0x11812500</run_address>
         <size>0x220</size>
         <input_file_ref idref="fl-f2"/>
      </object_component>
      <object_component id="oc-35c">
         <name>.text:_fputc</name>
         <load_address>0x11812720</load_address>
         <run_address>0x11812720</run_address>
         <size>0x220</size>
         <input_file_ref idref="fl-104"/>
      </object_component>
      <object_component id="oc-2fd">
         <name>.text:_tanf</name>
         <load_address>0x11812940</load_address>
         <run_address>0x11812940</run_address>
         <size>0x220</size>
         <input_file_ref idref="fl-124"/>
      </object_component>
      <object_component id="oc-377">
         <name>.text:__pconv_g</name>
         <load_address>0x11812b60</load_address>
         <run_address>0x11812b60</run_address>
         <size>0x200</size>
         <input_file_ref idref="fl-fe"/>
      </object_component>
      <object_component id="oc-37d">
         <name>.text:_setvbuf</name>
         <load_address>0x11812d60</load_address>
         <run_address>0x11812d60</run_address>
         <size>0x200</size>
         <input_file_ref idref="fl-110"/>
      </object_component>
      <object_component id="oc-300">
         <name>.text</name>
[...]
         <object_component_ref idref="oc-320"/>
      </symbol>
      <symbol id="sm-11ba">
         <name>_SEM_postBinary</name>
         <value>0x118203a0</value>
         <object_component_ref idref="oc-1cb"/>
      </symbol>
      <symbol id="sm-11bb">
         <name>_SEM_post</name>
         <value>0x118203a0</value>
         <object_component_ref idref="oc-1cb"/>
      </symbol>
      <symbol id="sm-11ca">
         <name>_SEM_postEnterKnl</name>
         <value>0x11820540</value>
         <object_component_ref idref="oc-2f1"/>
      </symbol>
      <symbol id="sm-121d">
         <name>_UART_txArray</name>
         <value>0x1180df10</value>
         <object_component_ref idref="oc-319"/>
      </symbol>
      <symbol id="sm-121e">
         <name>_UART_txString</name>
         <value>0x1180e074</value>
         <object_component_ref idref="oc-319"/>
      </symbol>
      <symbol id="sm-121f">
         <name>_UART_txByte</name>
         <value>0x1180dec0</value>
         <object_component_ref idref="oc-319"/>
      </symbol>
      <symbol id="sm-1220">
         <name>_UART_rxByte</name>
         <value>0x1180e0e0</value>
         <object_component_ref idref="oc-319"/>
      </symbol>
      <symbol id="sm-1221">
         <name>_UART_txUint8</name>
         <value>0x1180df98</value>
         <object_component_ref idref="oc-319"/>
      </symbol>
      <symbol id="sm-1222">
         <name>_UART_init</name>
         <value>0x1180e100</value>
         <object_component_ref idref="oc-319"/>
      </symbol>
      <symbol id="sm-1223">
         <name>_UART_txUint32</name>
         <value>0x1180dfe0</value>
         <object_component_ref idref="oc-319"/>
      </symbol>
      <symbol id="sm-1234">
         <name>_USTIMER_get</name>
         <value>0x11813090</value>
         <object_component_ref idref="oc-300"/>
      </symbol>
      <symbol id="sm-1235">
         <name>_USTIMER_delay</name>
         <value>0x118130bc</value>
         <object_component_ref idref="oc-300"/>
      </symbol>
      <symbol id="sm-1236">
         <name>_USTIMER_set</name>
         <value>0x11812f60</value>
         <object_component_ref idref="oc-300"/>
      </symbol>
      <symbol id="sm-1237">
         <name>_USTIMER_init</name>
         <value>0x11812fac</value>
         <object_component_ref idref="oc-300"/>
      </symbol>
      <symbol id="sm-1238">
         <name>_USTIMER_reset</name>
         <value>0x11812f74</value>
         <object_component_ref idref="oc-300"/>
      </symbol>
      <symbol id="sm-125d">
         <name>_VPIF_initReceive</name>
         <value>0x1180a14c</value>
         <object_component_ref idref="oc-313"/>
      </symbol>
      <symbol id="sm-125e">
         <name>_VPIF_initReceive_withPRU</name>
         <value>0x11809fd8</value>
         <object_component_ref idref="oc-313"/>
      </symbol>
      <symbol id="sm-125f">
         <name>_VPIF_initTransmit</name>
         <value>0x11809dc0</value>
         <object_component_ref idref="oc-313"/>
      </symbol>
      <symbol id="sm-1271">
         <name>__SEM_dopost</name>
         <value>0x1181f4a0</value>
         <object_component_ref idref="oc-2ef"/>
      </symbol>
      <symbol id="sm-1284">
         <name>__auto_init</name>
         <value>0x1181fc80</value>
         <object_component_ref idref="oc-2d6"/>
      </symbol>
      <symbol id="sm-1296">
         <name>__divd</name>
         <value>0x1180aaa0</value>
         <object_component_ref idref="oc-305"/>
      </symbol>
      <symbol id="sm-12a6">
         <name>__divf</name>
         <value>0x118114a0</value>
         <object_component_ref idref="oc-2fe"/>
      </symbol>
      <symbol id="sm-12af">
         <name>__c6xabi_divi</name>
         <value>0x11814c00</value>
         <object_component_ref idref="oc-311"/>
      </symbol>
      <symbol id="sm-12b0">
         <name>__divi</name>
         <value>0x11814c00</value>
         <object_component_ref idref="oc-311"/>
      </symbol>
      <symbol id="sm-12b9">
         <name>__c6xabi_divu</name>
         <value>0x11815460</value>
         <object_component_ref idref="oc-340"/>
      </symbol>
      <symbol id="sm-12ba">
         <name>__divu</name>
         <value>0x11815460</value>
         <object_component_ref idref="oc-340"/>
      </symbol>
      <symbol id="sm-12c4">
         <name>__frcmpyd_div</name>
         <value>0x11816680</value>
         <object_component_ref idref="oc-333"/>
      </symbol>
      <symbol id="sm-12d2">
         <name>__llshl</name>
         <value>0x118160c0</value>
         <object_component_ref idref="oc-37e"/>
      </symbol>
      <symbol id="sm-12d3">
         <name>__llshru</name>
         <value>0x118166c0</value>
         <object_component_ref idref="oc-332"/>
      </symbol>
      <symbol id="sm-12e5">
         <name>__unlock</name>
         <value>0x1181c3fc</value>
         <object_component_ref idref="oc-1f9"/>
      </symbol>
      <symbol id="sm-12e6">
         <name>__lock</name>
         <value>0x1181c3f8</value>
         <object_component_ref idref="oc-1f9"/>
      </symbol>
      <symbol id="sm-12e7">
         <name>__register_lock</name>
         <value>0x118168e0</value>
         <object_component_ref idref="oc-321"/>
      </symbol>
      <symbol id="sm-12e8">
         <name>__nop</name>
         <value>0x11816840</value>
         <object_component_ref idref="oc-2f2"/>
      </symbol>
      <symbol id="sm-12e9">
         <name>__register_unlock</name>
         <value>0x11816900</value>
         <object_component_ref idref="oc-322"/>
      </symbol>
      <symbol id="sm-12fb">
         <name>__divul</name>
         <value>0x118134a0</value>
         <object_component_ref idref="oc-34b"/>
      </symbol>
      <symbol id="sm-12fc">
         <name>__remli</name>
         <value>0x11816780</value>
         <object_component_ref idref="oc-307"/>
      </symbol>
      <symbol id="sm-12fd">
         <name>__remul</name>
         <value>0x118167c0</value>
         <object_component_ref idref="oc-373"/>
      </symbol>
      <symbol id="sm-12fe">
         <name>__divli</name>
         <value>0x11815960</value>
         <object_component_ref idref="oc-334"/>
      </symbol>
      <symbol id="sm-130d">
         <name>_atan2f</name>
         <value>0x118141e0</value>
         <object_component_ref idref="oc-335"/>
      </symbol>
      <symbol id="sm-131e">
         <name>_atanf</name>
         <value>0x11814ce0</value>
         <object_component_ref idref="oc-34c"/>
      </symbol>
      <symbol id="sm-1332">
         <name>_atexit</name>
         <value>0x118155e0</value>
         <object_component_ref idref="oc-327"/>
      </symbol>
      <symbol id="sm-1333">
         <name>___atexit_func_id__</name>
         <value>0x1181c230</value>
         <object_component_ref idref="oc-209"/>
      </symbol>
      <symbol id="sm-134b">
         <name>_dtors</name>
         <value>0x1181c864</value>
         <object_component_ref idref="oc-20e"/>
      </symbol>
      <symbol id="sm-134c">
         <name>_call_dtors</name>
         <value>0x11814740</value>
         <object_component_ref idref="oc-35a"/>
      </symbol>
      <symbol id="sm-134d">
         <name>___add_dtor</name>
         <value>0x118165c0</value>
         <object_component_ref idref="oc-348"/>
      </symbol>
      <symbol id="sm-1359">
         <name>___TI_enable_exit_profile_output</name>
         <value>0x1181c964</value>
         <object_component_ref idref="oc-213"/>
      </symbol>
      <symbol id="sm-135a">
         <name>__cleanup_ptr</name>
         <value>0x1181c95c</value>
         <object_component_ref idref="oc-213"/>
      </symbol>
      <symbol id="sm-135b">
         <name>__dtors_ptr</name>
         <value>0x1181c960</value>
         <object_component_ref idref="oc-213"/>
      </symbol>
      <symbol id="sm-1369">
         <name>_atoi</name>
         <value>0x11814dc0</value>
         <object_component_ref idref="oc-31d"/>
      </symbol>
      <symbol id="sm-1371">
         <name>__ctypes_</name>
         <value>0x118272f8</value>
         <object_component_ref idref="oc-344"/>
      </symbol>
      <symbol id="sm-1387">
         <name>_cos</name>
         <value>0x11810700</value>
         <object_component_ref idref="oc-31a"/>
      </symbol>
      <symbol id="sm-1391">
         <name>__nround</name>
         <value>0x11815be0</value>
         <object_component_ref idref="oc-342"/>
      </symbol>
      <symbol id="sm-139b">
         <name>__trunc</name>
         <value>0x11816920</value>
         <object_component_ref idref="oc-341"/>
      </symbol>
      <symbol id="sm-13b0">
         <name>_cosf</name>
         <value>0x11812500</value>
         <object_component_ref idref="oc-2fb"/>
      </symbol>
      <symbol id="sm-13ba">
         <name>__roundf</name>
         <value>0x11816140</value>
         <object_component_ref idref="oc-32b"/>
      </symbol>
      <symbol id="sm-13c4">
         <name>__truncf</name>
         <value>0x11816940</value>
         <object_component_ref idref="oc-32a"/>
      </symbol>
      <symbol id="sm-13ce">
         <name>_errno</name>
         <value>0x1181c684</value>
         <object_component_ref idref="oc-233"/>
      </symbol>
      <symbol id="sm-13e4">
         <name>_fmodf</name>
         <value>0x11810ca0</value>
         <object_component_ref idref="oc-304"/>
      </symbol>
      <symbol id="sm-13f3">
         <name>_frexpf</name>
         <value>0x11814f80</value>
         <object_component_ref idref="oc-330"/>
      </symbol>
      <symbol id="sm-1401">
         <name>_ldexpf</name>
         <value>0x11814420</value>
         <object_component_ref idref="oc-331"/>
      </symbol>
      <symbol id="sm-1409">
         <name>_memcpy</name>
         <value>0x11815e60</value>
         <object_component_ref idref="oc-2fa"/>
      </symbol>
      <symbol id="sm-1415">
         <name>_modf</name>
         <value>0x11815f00</value>
         <object_component_ref idref="oc-343"/>
      </symbol>
      <symbol id="sm-1420">
         <name>_modff</name>
         <value>0x118163e0</value>
         <object_component_ref idref="oc-306"/>
      </symbol>
      <symbol id="sm-1435">
         <name>_printf</name>
         <value>0x11815140</value>
         <object_component_ref idref="oc-32e"/>
      </symbol>
      <symbol id="sm-143f">
         <name>__tmpnams</name>
         <value>0x1181c0e8</value>
         <object_component_ref idref="oc-24c"/>
      </symbol>
      <symbol id="sm-1440">
         <name>__ft_end</name>
         <value>0x1181c228</value>
         <object_component_ref idref="oc-24c"/>
      </symbol>
      <symbol id="sm-1441">
         <name>__ftable</name>
         <value>0x1181bf08</value>
         <object_component_ref idref="oc-24c"/>
      </symbol>
      <symbol id="sm-154a">
         <name>__printfi</name>
         <value>0x1180da80</value>
         <object_component_ref idref="oc-33e"/>
      </symbol>
      <symbol id="sm-1554">
         <name>___isinf</name>
         <value>0x11816600</value>
         <object_component_ref idref="oc-376"/>
      </symbol>
      <symbol id="sm-156a">
         <name>__subcull</name>
         <value>0x11816320</value>
         <object_component_ref idref="oc-37f"/>
      </symbol>
      <symbol id="sm-156b">
         <name>__divull</name>
         <value>0x118119a0</value>
         <object_component_ref idref="oc-36d"/>
      </symbol>
      <symbol id="sm-156c">
         <name>__remull</name>
         <value>0x118162c0</value>
         <object_component_ref idref="oc-374"/>
      </symbol>
      <symbol id="sm-1579">
         <name>__fixdli</name>
         <value>0x11815b40</value>
         <object_component_ref idref="oc-389"/>
      </symbol>
      <symbol id="sm-1584">
         <name>__fltlid</name>
         <value>0x11816040</value>
         <object_component_ref idref="oc-38b"/>
      </symbol>
      <symbol id="sm-158e">
         <name>__negll</name>
         <value>0x11816820</value>
         <object_component_ref idref="oc-36e"/>
      </symbol>
      <symbol id="sm-15a9">
         <name>_putc</name>
         <value>0x11812720</value>
         <object_component_ref idref="oc-35c"/>
      </symbol>
      <symbol id="sm-15aa">
         <name>_fputc</name>
         <value>0x11812720</value>
         <object_component_ref idref="oc-35c"/>
      </symbol>
      <symbol id="sm-15b7">
         <name>__doflush</name>
         <value>0x11815520</value>
         <object_component_ref idref="oc-36b"/>
      </symbol>
      <symbol id="sm-15c6">
         <name>__wrt_ok</name>
         <value>0x11814640</value>
         <object_component_ref idref="oc-36a"/>
      </symbol>
      <symbol id="sm-15e8">
         <name>_fputs</name>
         <value>0x1180f720</value>
         <object_component_ref idref="oc-35b"/>
      </symbol>
      <symbol id="sm-15f9">
         <name>_fseek</name>
         <value>0x11814300</value>
         <object_component_ref idref="oc-37c"/>
      </symbol>
      <symbol id="sm-163d">
         <name>_unlink</name>
         <value>0x11816240</value>
         <object_component_ref idref="oc-392"/>
      </symbol>
      <symbol id="sm-163e">
         <name>_lseek</name>
         <value>0x11815dc0</value>
         <object_component_ref idref="oc-386"/>
      </symbol>
      <symbol id="sm-163f">
         <name>_close</name>
         <value>0x11814ea0</value>
         <object_component_ref idref="oc-390"/>
      </symbol>
      <symbol id="sm-1640">
         <name>_write</name>
         <value>0x11815fa0</value>
         <object_component_ref idref="oc-36c"/>
      </symbol>
      <symbol id="sm-1669">
         <name>_HOSTopen</name>
         <value>0x11814a40</value>
         <object_component_ref idref="oc-2f3"/>
      </symbol>
      <symbol id="sm-166a">
         <name>_HOSTread</name>
         <value>0x11814b20</value>
         <object_component_ref idref="oc-2f5"/>
      </symbol>
      <symbol id="sm-166b">
         <name>_HOSTrename</name>
         <value>0x118137e0</value>
         <object_component_ref idref="oc-2f9"/>
      </symbol>
      <symbol id="sm-166c">
         <name>_HOSTwrite</name>
         <value>0x118152e0</value>
         <object_component_ref idref="oc-2f6"/>
      </symbol>
      <symbol id="sm-166d">
         <name>_HOSTlseek</name>
         <value>0x11814540</value>
         <object_component_ref idref="oc-2f7"/>
      </symbol>
      <symbol id="sm-166e">
         <name>_HOSTunlink</name>
         <value>0x11815220</value>
         <object_component_ref idref="oc-2f8"/>
      </symbol>
      <symbol id="sm-166f">
         <name>_HOSTclose</name>
         <value>0x11815820</value>
         <object_component_ref idref="oc-2f4"/>
      </symbol>
      <symbol id="sm-167c">
         <name>_ltoa</name>
         <value>0x118156a0</value>
         <object_component_ref idref="oc-38a"/>
      </symbol>
      <symbol id="sm-1689">
         <name>_memccpy</name>
         <value>0x11816380</value>
         <object_component_ref idref="oc-369"/>
      </symbol>
      <symbol id="sm-1694">
         <name>_memset</name>
         <value>0x11815060</value>
         <object_component_ref idref="oc-34f"/>
      </symbol>
      <symbol id="sm-16a4">
         <name>C$$IO$$</name>
         <value>0x118165b8</value>
         <object_component_ref idref="oc-328"/>
      </symbol>
      <symbol id="sm-16a5">
         <name>__CIOBUF_</name>
         <value>0x1182ac00</value>
         <object_component_ref idref="oc-287"/>
      </symbol>
      <symbol id="sm-16a6">
         <name>_readmsg</name>
         <value>0x118161c0</value>
         <object_component_ref idref="oc-329"/>
      </symbol>
      <symbol id="sm-16a7">
         <name>_writemsg</name>
         <value>0x11816560</value>
         <object_component_ref idref="oc-328"/>
      </symbol>
      <symbol id="sm-16be">
         <name>_setvbuf</name>
         <value>0x11812d60</value>
         <object_component_ref idref="oc-37d"/>
      </symbol>
      <symbol id="sm-16d1">
         <name>__cleanup</name>
         <value>0x118158c0</value>
         <object_component_ref idref="oc-388"/>
      </symbol>
      <symbol id="sm-16e3">
         <name>__closefile</name>
         <value>0x11813e80</value>
         <object_component_ref idref="oc-38e"/>
      </symbol>
      <symbol id="sm-16ff">
         <name>_free</name>
         <value>0x1181e1e0</value>
         <object_component_ref idref="oc-387"/>
      </symbol>
      <symbol id="sm-1700">
         <name>_calloc</name>
         <value>0x1181e40c</value>
         <object_component_ref idref="oc-387"/>
      </symbol>
      <symbol id="sm-1701">
         <name>_memalign</name>
         <value>0x1181e348</value>
         <object_component_ref idref="oc-387"/>
      </symbol>
      <symbol id="sm-1702">
         <name>_realloc</name>
         <value>0x1181e264</value>
         <object_component_ref idref="oc-387"/>
      </symbol>
      <symbol id="sm-1703">
         <name>_malloc</name>
         <value>0x1181e204</value>
         <object_component_ref idref="oc-387"/>
      </symbol>
      <symbol id="sm-171a">
         <name>_MEM_alloc</name>
         <value>0x1181e920</value>
         <object_component_ref idref="oc-38d"/>
      </symbol>
      <symbol id="sm-172c">
         <name>_MEM_free</name>
         <value>0x1181ed20</value>
         <object_component_ref idref="oc-38c"/>
      </symbol>
      <symbol id="sm-1737">
         <name>_SYS_error</name>
         <value>0x11820980</value>
         <object_component_ref idref="oc-38f"/>
      </symbol>
      <symbol id="sm-1741">
         <name>_remove</name>
         <value>0x11816980</value>
         <object_component_ref idref="oc-391"/>
      </symbol>
      <symbol id="sm-1756">
         <name>_sin</name>
         <value>0x11811720</value>
         <object_component_ref idref="oc-31b"/>
      </symbol>
      <symbol id="sm-176a">
         <name>_sinf</name>
         <value>0x118120a0</value>
         <object_component_ref idref="oc-2fc"/>
      </symbol>
      <symbol id="sm-177a">
         <name>_sprintf</name>
         <value>0x11816440</value>
         <object_component_ref idref="oc-30e"/>
      </symbol>
      <symbol id="sm-1785">
         <name>_sqrtf</name>
         <value>0x11814840</value>
         <object_component_ref idref="oc-303"/>
      </symbol>
      <symbol id="sm-179f">
         <name>_sscanf</name>
         <value>0x118164a0</value>
         <object_component_ref idref="oc-30d"/>
      </symbol>
      <symbol id="sm-1877">
         <name>__scanfi</name>
         <value>0x118086c0</value>
         <object_component_ref idref="oc-33b"/>
      </symbol>
      <symbol id="sm-189c">
         <name>_strtod</name>
         <value>0x1180c900</value>
         <object_component_ref idref="oc-363"/>
      </symbol>
      <symbol id="sm-18b4">
         <name>_strtol</name>
         <value>0x1180cd60</value>
         <object_component_ref idref="oc-365"/>
      </symbol>
      <symbol id="sm-18d9">
         <name>_strtold</name>
         <value>0x1180d1c0</value>
         <object_component_ref idref="oc-364"/>
      </symbol>
      <symbol id="sm-18f4">
         <name>_strtoll</name>
         <value>0x1180d620</value>
         <object_component_ref idref="oc-366"/>
      </symbol>
      <symbol id="sm-190c">
         <name>_strtoul</name>
         <value>0x1180e720</value>
         <object_component_ref idref="oc-361"/>
      </symbol>
      <symbol id="sm-1928">
         <name>_strtoull</name>
         <value>0x1180eb20</value>
         <object_component_ref idref="oc-362"/>
      </symbol>
      <symbol id="sm-1940">
         <name>_tanf</name>
         <value>0x11812940</value>
         <object_component_ref idref="oc-2fd"/>
      </symbol>
      <symbol id="sm-1950">
         <name>_vsprintf</name>
         <value>0x11816500</value>
         <object_component_ref idref="oc-336"/>
      </symbol>
   </symbol_table>
</link_info>
