******************************************************************************
               TMS320C6x Linker PC v7.4.8                      
******************************************************************************
>> Linked Mon May 11 10:44:43 2015

OUTPUT FILE NAME:   <final_project_1.out>
ENTRY POINT SYMBOL: "_c_int00"  address: 11829a80


MEMORY CONFIGURATION

         name            origin    length      used     unused   attr    fill
----------------------  --------  ---------  --------  --------  ----  --------
  IRAM                  11800000   00030000  0002b1f0  00004e10  RWIX
  CACHE_L2              11838000   00008000  00000000  00008000  RWIX
  CACHE_L1P             11e00000   00008000  00000000  00008000  RWIX
  CACHE_L1D             11f00000   00008000  00000000  00008000  RWIX
  L3_CBA_RAM            80000000   00020000  00000000  00020000  RWIX
  DDR                   c3000000   01000000  00008000  00ff8000  RWIX


SECTION ALLOCATION MAP

 output                                  attributes/
section   page    origin      length       input sections
--------  ----  ----------  ----------   ----------------
.vers      0    00000000    00000044     COPY SECTION
                  00000000    00000044     final_project_1cfg.obj (.vers)

.data      0    11800000    00000000     UNINITIALIZED

.text      0    11800000    000169a0     
                  11800000    000030e0     user_final_project_1.obj (.text)
                  118030e0    00002620     Ladar.obj (.text)
                  11805700    000015a0     ColorVision.obj (.text)
                  11806ca0    00000f80     evmomapl138_bsl.lib : evmomapl138.obj (.text)
                  11807c20    00000aa0     ColorLCD.obj (.text)
                  118086c0    00000900     rts6740.lib : _scanfi.obj (.text:__scanfi)
                  11808fc0    00000720     MatrixMath.obj (.text)
                  118096e0    000006e0     COECSL_mcbsp.obj (.text)
                  11809dc0    000006c0     evmomapl138_bsl.lib : evmomapl138_vpif.obj (.text)
                  1180a480    00000620     rts6740.lib : _scanfi.obj (.text:__sset_arg)
                  1180aaa0    000005a0                 : divd.obj (.text:__divd)
                  1180b040    00000580                 : _printfi.obj (.text:__getarg_diouxp)
                  1180b5c0    00000520                 : _printfi.obj (.text:__setfield)
                  1180bae0    000004c0     COECSL_edma3.obj (.text)
                  1180bfa0    000004c0     rts6740.lib : _scanfi.obj (.text:__sproc_int)
                  1180c460    000004a0     evmomapl138_bsl.lib : evmomapl138_i2c_gpio.obj (.text)
                  1180c900    00000460     rts6740.lib : strtod.obj (.text:_strtod)
                  1180cd60    00000460                 : strtol.obj (.text:_strtol)
                  1180d1c0    00000460                 : strtold.obj (.text:_strtold)
                  1180d620    00000460                 : strtoll.obj (.text:_strtoll)
                  1180da80    00000440                 : _printfi.obj (.text:__printfi)
                  1180dec0    00000440     evmomapl138_bsl.lib : evmomapl138_uart.obj (.text)
                  1180e300    00000420     user_xy.obj (.text)
                  1180e720    00000400     rts6740.lib : strtoul.obj (.text:_strtoul)
                  1180eb20    00000400                 : strtoull.obj (.text:_strtoull)
                  1180ef20    00000400     evmomapl138_bsl.lib : evmomapl138_i2c.obj (.text)
                  1180f320    00000400                         : evmomapl138_spi.obj (.text)
                  1180f720    000003a0     rts6740.lib : fputs.obj (.text:_fputs)
                  1180fac0    00000340                 : _scanfi.obj (.text:__sget_conv)
                  1180fe00    00000320                 : _printfi.obj (.text:__pproc_fge)
                  11810120    00000300     evmomapl138_bsl.lib : evmomapl138_gpio.obj (.text)
                  11810420    000002e0     rts6740.lib : _scanfi.obj (.text:__sproc_float)
                  11810700    000002e0                 : cos.obj (.text:_cos)
                  118109e0    000002c0                 : _printfi.obj (.text:__pproc_fwp)
                  11810ca0    000002c0                 : fmodf.obj (.text:_fmodf)
                  11810f60    000002a0                 : _printfi.obj (.text:_ecvt)
                  11811200    000002a0                 : _printfi.obj (.text:_fcvt)
                  118114a0    00000280                 : divf.obj (.text:__divf)
                  11811720    00000280                 : sin.obj (.text:_sin)
                  118119a0    00000260                 : imath64.obj (.text:__divull)
                  11811c00    00000260                 : _printfi.obj (.text:__pconv_e)
                  11811e60    00000240                 : _printfi.obj (.text:__pproc_diouxp)
                  118120a0    00000240                 : sinf.obj (.text:_sinf)
                  118122e0    00000220                 : _printfi.obj (.text:__pproc_str)
                  11812500    00000220                 : cosf.obj (.text:_cosf)
                  11812720    00000220                 : fputc.obj (.text:_fputc)
                  11812940    00000220                 : tanf.obj (.text:_tanf)
                  11812b60    00000200                 : _printfi.obj (.text:__pconv_g)
                  11812d60    00000200                 : setvbuf.obj (.text:_setvbuf)
                  11812f60    000001e0     evmomapl138_bsl.lib : evmomapl138_timer.obj (.text)
                  11813140    000001c0     rts6740.lib : _printfi.obj (.text:__mcpy)
                  11813300    000001a0     LCDprintf.obj (.text)
                  118134a0    000001a0     rts6740.lib : imath40.obj (.text:__divul)
                  11813640    000001a0                 : _scanfi.obj (.text:__sproc_str)
                  118137e0    00000180                 : trgdrv.obj (.text:_HOSTrename)
                  11813960    00000160                 : _scanfi.obj (.text:__sproc_lb)
                  11813ac0    00000140                 : sscanf.obj (.text:__chkmbc)
                  11813c00    00000140                 : _printfi.obj (.text:__pproc_fflags)
                  11813d40    00000140                 : lowlev.obj (.text:_getdevice)
                  11813e80    00000120                 : fclose.obj (.text:__closefile)
                  11813fa0    00000120                 : _printfi.obj (.text:__ltostr)
                  118140c0    00000120                 : _scanfi.obj (.text:__sget_scanset)
                  118141e0    00000120                 : atan2f.obj (.text:_atan2f)
                  11814300    00000120                 : fseek.obj (.text:_fseek)
                  11814420    00000120                 : ldexpf.obj (.text:_ldexpf)
                  11814540    00000100                 : trgdrv.obj (.text:_HOSTlseek)
                  11814640    00000100                 : _io_perm.obj (.text:__wrt_ok)
                  11814740    00000100                 : sinit.obj (.text:_call_dtors)
                  11814840    00000100                 : sqrtf.obj (.text:_sqrtf)
                  11814940    00000100     pru.obj (.text)
                  11814a40    000000e0     rts6740.lib : trgdrv.obj (.text:_HOSTopen)
                  11814b20    000000e0                 : trgdrv.obj (.text:_HOSTread)
                  11814c00    000000e0                 : divi.obj (.text:__divi)
                  11814ce0    000000e0                 : atanf.obj (.text:_atanf)
                  11814dc0    000000e0                 : atoi.obj (.text:_atoi)
                  11814ea0    000000e0                 : lowlev.obj (.text:_close)
                  11814f80    000000e0                 : frexpf.obj (.text:_frexpf)
                  11815060    000000e0                 : memset.obj (.text:_memset)
                  11815140    000000e0                 : printf.obj (.text:_printf)
                  11815220    000000c0                 : trgdrv.obj (.text:_HOSTunlink)
                  118152e0    000000c0                 : trgdrv.obj (.text:_HOSTwrite)
                  118153a0    000000c0                 : _printfi.obj (.text:__div)
                  11815460    000000c0                 : divu.obj (.text:__divu)
                  11815520    000000c0                 : fflush.obj (.text:__doflush)
                  118155e0    000000c0                 : atexit.obj (.text:_atexit)
                  118156a0    000000c0                 : ltoa.obj (.text:_ltoa)
                  11815760    000000c0     bios.a674 : tsk_stup.o674 (.text)
                  11815820    000000a0     rts6740.lib : trgdrv.obj (.text:_HOSTclose)
                  118158c0    000000a0                 : fopen.obj (.text:__cleanup)
                  11815960    000000a0                 : imath40.obj (.text:__divli)
                  11815a00    000000a0                 : _printfi.obj (.text:__ecpy)
                  11815aa0    000000a0                 : _printfi.obj (.text:__fcpy)
                  11815b40    000000a0                 : fixdli.obj (.text:__fixdli)
                  11815be0    000000a0                 : round.obj (.text:__nround)
                  11815c80    000000a0                 : _printfi.obj (.text:__pconv_f)
                  11815d20    000000a0                 : lowlev.obj (.text:_finddevice)
                  11815dc0    000000a0                 : lowlev.obj (.text:_lseek)
                  11815e60    000000a0                 : memcpy64.obj (.text:_memcpy)
                  11815f00    000000a0                 : modf.obj (.text:_modf)
                  11815fa0    000000a0                 : lowlev.obj (.text:_write)
                  11816040    00000080                 : fltlid.obj (.text:__fltlid)
                  118160c0    00000080                 : llshift.obj (.text:__llshl)
                  11816140    00000080                 : roundf.obj (.text:__roundf)
                  118161c0    00000080                 : trgmsg.obj (.text:_readmsg)
                  11816240    00000080                 : lowlev.obj (.text:_unlink)
                  118162c0    00000060                 : imath64.obj (.text:__remull)
                  11816320    00000060                 : imath64.obj (.text:__subcull)
                  11816380    00000060                 : memccpy.obj (.text:_memccpy)
                  118163e0    00000060                 : modff.obj (.text:_modff)
                  11816440    00000060                 : sprintf.obj (.text:_sprintf)
                  118164a0    00000060                 : sscanf.obj (.text:_sscanf)
                  11816500    00000060                 : vsprintf.obj (.text:_vsprintf)
                  11816560    00000060                 : trgmsg.obj (.text:_writemsg)
                  118165c0    00000040                 : sinit.obj (.text:___add_dtor)
                  11816600    00000040                 : isinf.obj (.text:___isinf)
                  11816640    00000040                 : _printfi.obj (.text:___isnan)
                  11816680    00000040                 : frcmpyd_div.obj (.text:__frcmpyd_div)
                  118166c0    00000040                 : llshift.obj (.text:__llshru)
                  11816700    00000040                 : sprintf.obj (.text:__outs)
                  11816740    00000040                 : vsprintf.obj (.text:__outs)
                  11816780    00000040                 : imath40.obj (.text:__remli)
                  118167c0    00000040                 : imath40.obj (.text:__remul)
                  11816800    00000020                 : sscanf.obj (.text:__inpchar)
                  11816820    00000020                 : negll.obj (.text:__negll)
                  11816840    00000020                 : _lock.obj (.text:__nop)
                  11816860    00000020                 : printf.obj (.text:__outc)
                  11816880    00000020                 : sprintf.obj (.text:__outc)
                  118168a0    00000020                 : vsprintf.obj (.text:__outc)
                  118168c0    00000020                 : printf.obj (.text:__outs)
                  118168e0    00000020                 : _lock.obj (.text:__register_lock)
                  11816900    00000020                 : _lock.obj (.text:__register_unlock)
                  11816920    00000020                 : trunc.obj (.text:__trunc)
                  11816940    00000020                 : truncf.obj (.text:__truncf)
                  11816960    00000020                 : sscanf.obj (.text:__uninpchar)
                  11816980    00000020                 : remove.obj (.text:_remove)

.prd       0    118169a0    00000040     UNINITIALIZED
                  118169a0    00000040     final_project_1cfg.obj (.prd)

.hst1      0    118169e0    00000010     UNINITIALIZED
                  118169e0    00000010     final_project_1cfg.obj (.hst1)

.idl       0    118169f0    00000010     UNINITIALIZED
                  118169f0    00000010     final_project_1cfg.obj (.idl)

.far       0    11816a00    00005f70     UNINITIALIZED
                  11816a00    00001a24     ColorVision.obj (.far)
                  11818424    00000004     bios6748.a674 : bcache_wait.o674 (.far)
                  11818428    00001620     Ladar.obj (.far)
                  11819a48    00001520     user_final_project_1.obj (.far)
                  1181af68    00000fa0     COECSL_edma3.obj (.far)
                  1181bf08    00000324     rts6740.lib : defs.obj (.far)
                  1181c22c    00000004     bios6748.a674 : clk_data.o674 (.far)
                  1181c230    00000188     rts6740.lib : atexit.obj (.far)
                  1181c3b8    00000040                 : cos.obj (.far)
                  1181c3f8    00000008                 : _lock.obj (.far)
                  1181c400    00000168     COECSL_mcbsp.obj (.far)
                  1181c568    0000011c     rts6740.lib : lowlev.obj (.far)
                  1181c684    00000004                 : errno.obj (.far)
                  1181c688    000000d8     bios.a674 : knl.o674 (.far)
                  1181c760    0000005c               : tsk.o674 (.far)
                  1181c7bc    00000004     rts6740.lib : fopen.obj (.far)
                  1181c7c0    00000054     bios.a674 : obj_init.o674 (.far)
                  1181c814    00000050               : tsk_stup.o674 (.far)
                  1181c864    00000004     rts6740.lib : sinit.obj (.far)
                  1181c868    00000040                 : sin.obj (.far)
                  1181c8a8    00000020     bios.a674 : sys.o674 (.far)
                  1181c8c8    00000020     rts6740.lib : atanf.obj (.far)
                  1181c8e8    00000018     rtdx64xplus.lib : rtdx_mon.o64P (.far)
                  1181c900    00000010     bios.a674 : exc.o674 (.far)
                  1181c910    00000010               : knl_tick.o674 (.far)
                  1181c920    00000010     rts6740.lib : cosf.obj (.far)
                  1181c930    00000010                 : sinf.obj (.far)
                  1181c940    00000010                 : tanf.obj (.far)
                  1181c950    0000000c     bios.a674 : utl_putc.o674 (.far)
                  1181c95c    0000000c     rts6740.lib : exit.obj (.far)
                  1181c968    00000008                 : trgdrv.obj (.far)

.idlcal    0    1181c970    00000010     UNINITIALIZED
                  1181c970    00000010     final_project_1cfg.obj (.idlcal)

.bios      0    1181c980    00004500     
                  1181c980    000005c0     lnkrtdx.a674 : rtdx.o674 (.bios)
                  1181cf40    00000580     bios.a674 : exc.o674 (.bios)
                  1181d4c0    000004e0               : hwi_disp_asm.o674 (.bios)
                  1181d9a0    000004c0               : swi.o674 (.bios)
                  1181de60    00000380               : prd.o674 (.bios)
                  1181e1e0    00000280               : malloc.o674 (.bios)
                  1181e460    00000280               : rta.o674 (.bios)
                  1181e6e0    00000240               : knl_run.o674 (.bios)
                  1181e920    00000200               : mem_allo.o674 (.bios:.near)
                  1181eb20    00000200               : knl_tick.o674 (.bios)
                  1181ed20    000001e0               : mem_free.o674 (.bios:.near)
                  1181ef00    000001e0               : exc_asm.o674 (.bios)
                  1181f0e0    000001e0               : pip.o674 (.bios)
                  1181f2c0    000001e0               : sem_pend.o674 (.bios)
                  1181f4a0    000001a0               : sem_dopo.o674 (.bios)
                  1181f640    000001a0               : tsk_setu.o674 (.bios)
                  1181f7e0    000001a0     bios6748.a674 : clk.o674 (.bios)
                  1181f980    00000180     bios.a674 : knl_swit.o674 (.bios)
                  1181fb00    00000180     bios6748.a674 : bcache_block.o674 (.bios)
                  1181fc80    00000140     bios.a674 : autoinit.o674 (.bios)
                  1181fdc0    00000140               : tsk_exit.o674 (.bios)
                  1181ff00    00000140     bios6748.a674 : bcache_init.o674 (.bios)
                  11820040    00000120     bios.a674 : gbl_cacheinit64P.o674 (.bios)
                  11820160    00000120               : knl_chec.o674 (.bios)
                  11820280    00000120               : tsk_stup.o674 (.bios)
                  118203a0    000000e0               : sem_post_asm.o674 (.bios)
                  11820480    000000c0               : knl_exit.o674 (.bios)
                  11820540    000000a0               : sem_post.o674 (.bios)
                  118205e0    000000a0               : sys_exit.o674 (.bios)
                  11820680    00000080               : knl_ipos.o674 (.bios)
                  11820700    00000080               : knl_post.o674 (.bios)
                  11820780    00000080               : lck.o674 (.bios)
                  11820800    00000080               : log.o674 (.bios)
                  11820880    00000080     bios6748.a674 : bcache_wait.o674 (.bios)
                  11820900    00000080                   : idl_cal.o674 (.bios)
                  11820980    00000060     bios.a674 : sys_erro.o674 (.bios:.near)
                  118209e0    00000060               : fxn.o674 (.bios)
                  11820a40    00000060               : hwi_c.o674 (.bios)
                  11820aa0    00000060               : idl_busy.o674 (.bios)
                  11820b00    00000060               : sem_pend_counting.o674 (.bios)
                  11820b60    00000060               : sts.o674 (.bios)
                  11820bc0    00000060               : sys_abor.o674 (.bios)
                  11820c20    00000060     bios6748.a674 : clk_meas.o674 (.bios)
                  11820c80    00000040     bios.a674 : idl_stub.o674 (.bios)
                  11820cc0    00000040               : rta_andn.o674 (.bios)
                  11820d00    00000040               : utl_doab.o674 (.bios)
                  11820d40    00000040               : utl_putc.o674 (.bios)
                  11820d80    00000020               : clk_getltime.o674 (.bios)
                  11820da0    00000020               : fxn_c.o674 (.bios)
                  11820dc0    00000020               : gbl_vers.o674 (.bios)
                  11820de0    00000020               : idl.o674 (.bios)
                  11820e00    00000020               : sts_set.o674 (.bios)
                  11820e20    00000020               : utl_doer.o674 (.bios)
                  11820e40    00000020               : utl_halt.o674 (.bios)
                  11820e60    00000020     bios6748.a674 : clk_gethtime.o674 (.bios)

.cinit     0    11820e80    0000270c     
                  11820e80    00000a7c     final_project_1cfg.obj (.cinit)
                  118218fc    00000004     --HOLE-- [fill = 0]
                  11821900    0000071c     user_final_project_1.obj (.cinit)
                  1182201c    00000004     --HOLE-- [fill = 0]
                  11822020    000004e4     ColorVision.obj (.cinit)
                  11822504    00000004     --HOLE-- [fill = 0]
                  11822508    000002ac     Ladar.obj (.cinit)
                  118227b4    00000004     --HOLE-- [fill = 0]
                  118227b8    0000026c     bios.a674 : biosdata.o674 (.cinit)
                  11822a24    00000004     --HOLE-- [fill = 0]
                  11822a28    000001fc     COECSL_edma3.obj (.cinit)
                  11822c24    00000004     --HOLE-- [fill = 0]
                  11822c28    000001a4     bios.a674 : knl.o674 (.cinit)
                  11822dcc    00000004     --HOLE-- [fill = 0]
                  11822dd0    000000b0               : swi.o674 (.cinit)
                  11822e80    0000009c     COECSL_mcbsp.obj (.cinit)
                  11822f1c    00000004     --HOLE-- [fill = 0]
                  11822f20    00000080     bios.a674 : tsk.o674 (.cinit)
                  11822fa0    00000068     rtdx64xplus.lib : rtdx_mon.o64P (.cinit)
                  11823008    00000060     bios.a674 : tsk_stup.o674 (.cinit)
                  11823068    0000005c     lnkrtdx.a674 : rtdx.o674 (.cinit)
                  118230c4    00000004     --HOLE-- [fill = 0]
                  118230c8    0000005c     rts6740.lib : defs.obj (.cinit)
                  11823124    00000004     --HOLE-- [fill = 0]
                  11823128    0000005c                 : lowlev.obj (.cinit)
                  11823184    00000004     --HOLE-- [fill = 0]
                  11823188    0000004c     bios.a674 : rta.o674 (.cinit)
                  118231d4    00000004     --HOLE-- [fill = 0]
                  118231d8    0000004c     rtdx64xplus.lib : buffer1.o64P (.cinit)
                  11823224    00000004     --HOLE-- [fill = 0]
                  11823228    00000048     rts6740.lib : cos.obj (.cinit)
                  11823270    00000048                 : sin.obj (.cinit)
                  118232b8    0000003c     bios.a674 : exc.o674 (.cinit)
                  118232f4    00000004     --HOLE-- [fill = 0]
                  118232f8    00000039     ColorLCD.obj (.cinit)
                  11823331    00000007     --HOLE-- [fill = 0]
                  11823338    00000034     bios.a674 : hwi.o674 (.cinit)
                  1182336c    00000004     --HOLE-- [fill = 0]
                  11823370    0000002c               : utl_putc.o674 (.cinit)
                  1182339c    00000004     --HOLE-- [fill = 0]
                  118233a0    0000002c     rts6740.lib : exit.obj (.cinit)
                  118233cc    00000004     --HOLE-- [fill = 0]
                  118233d0    00000028                 : atanf.obj (.cinit)
                  118233f8    00000024     bios.a674 : obj_init.o674 (.cinit)
                  1182341c    00000004     --HOLE-- [fill = 0]
                  11823420    00000020     rts6740.lib : tanf.obj (.cinit)
                  11823440    0000001c     LCDprintf.obj (.cinit)
                  1182345c    00000004     --HOLE-- [fill = 0]
                  11823460    0000001c     bios.a674 : exc_asm.o674 (.cinit)
                  1182347c    00000004     --HOLE-- [fill = 0]
                  11823480    0000001c               : sys.o674 (.cinit)
                  1182349c    00000004     --HOLE-- [fill = 0]
                  118234a0    0000001c     rts6740.lib : _lock.obj (.cinit)
                  118234bc    00000004     --HOLE-- [fill = 0]
                  118234c0    0000001c                 : atexit.obj (.cinit)
                  118234dc    00000004     --HOLE-- [fill = 0]
                  118234e0    00000018     bios.a674 : knl_tick.o674 (.cinit)
                  118234f8    00000018     rts6740.lib : cosf.obj (.cinit)
                  11823510    00000018                 : sinf.obj (.cinit)
                  11823528    0000000c     bios.a674 : idl_busy.o674 (.cinit)
                  11823534    00000004     --HOLE-- [fill = 0]
                  11823538    0000000c               : knl_swit.o674 (.cinit)
                  11823544    00000004     --HOLE-- [fill = 0]
                  11823548    0000000c     bios6748.a674 : bcache_wait.o674 (.cinit)
                  11823554    00000004     --HOLE-- [fill = 0]
                  11823558    0000000c     rts6740.lib : errno.obj (.cinit)
                  11823564    00000004     --HOLE-- [fill = 0]
                  11823568    0000000c                 : fopen.obj (.cinit)
                  11823574    00000004     --HOLE-- [fill = 0]
                  11823578    0000000c                 : sinit.obj (.cinit)
                  11823584    00000004     --HOLE-- [fill = 0]
                  11823588    00000004     (.pad.cinit) [fill = 0]

.IRAM$heap 
*          0    1182358c    00002000     UNINITIALIZED
                  1182358c    00002000     --HOLE--

.sys       0    1182558c    00000010     UNINITIALIZED
                  1182558c    00000010     final_project_1cfg.obj (.sys)

.args      0    1182559c    00000004     
                  1182559c    00000004     --HOLE-- [fill = 0]

.rtdx_text 
*          0    118255a0    00000fc0     
                  118255a0    000002a0     rtdx64xplus.lib : rtdx_mon.o64P (.rtdx_text:_HSRTDX_rec)
                  11825840    00000260                     : buffer1.o64P (.rtdx_text:_RTDX_Buffer_WriteCB)
                  11825aa0    00000260                     : buffer1.o64P (.rtdx_text:_RTDX_write_next)
                  11825d00    000001a0                     : rtdx_mon.o64P (.rtdx_text:_HSRTDX_xmt)
                  11825ea0    00000160                     : rtdx_mon.o64P (.rtdx_text:_RTDX_Send_To_Host)
                  11826000    000000e0                     : rtdx_mon.o64P (.rtdx_text:_RTDX_Mon_Queue)
                  118260e0    000000e0                     : buffer1.o64P (.rtdx_text:_claim)
                  118261c0    000000a0                     : rtdx_mon.o64P (.rtdx_text:_RTDX_GetH2THeader)
                  11826260    000000a0                     : rtdx_mon.o64P (.rtdx_text:_RTDX_Poll)
                  11826300    00000080                     : rtdx_mon.o64P (.rtdx_text:_RTDX_Final_RT_Monitor)
                  11826380    00000060                     : buffer1.o64P (.rtdx_text:_RTDX_Buffer_Initialize)
                  118263e0    00000060                     : rtdx_mon.o64P (.rtdx_text:_RTDX_Init_RT_Monitor)
                  11826440    00000040                     : buffer2.o64P (.rtdx_text:_RTDX_Buffer_ReadCB)
                  11826480    00000040                     : buffer1.o64P (.rtdx_text:_RTDX_Buffer_Size)
                  118264c0    00000040                     : memfill.o64P (.rtdx_text:_RTDX_memfill)
                  11826500    00000020                     : buffer2.o64P (.rtdx_text:_RTDX_Buffer_Read)
                  11826520    00000020                     : buffer1.o64P (.rtdx_text:_RTDX_Buffer_Write)
                  11826540    00000020                     : intr_tgt.o64P (.rtdx_text)

.stack     0    11826560    00000c00     UNINITIALIZED
                  11826560    00000c00     --HOLE--

.const     0    11827160    00000644     
                  11827160    00000193     bios.a674 : exc.o674 (.const:.string)
                  118272f3    00000004               : mem_allo.o674 (.const:.string)
                  118272f7    00000001     --HOLE-- [fill = 0]
                  118272f8    00000101     rts6740.lib : ctype.obj (.const:.string:__ctypes_)
                  118273f9    00000004     bios.a674 : mem_free.o674 (.const:.string)
                  118273fd    00000002     rts6740.lib : fputs.obj (.const:.string)
                  118273ff    00000001     --HOLE-- [fill = 0]
                  11827400    00000080     evmomapl138_bsl.lib : evmomapl138.obj (.const:_bitval_u32)
                  11827480    00000078     user_final_project_1.obj (.const:.string)
                  118274f8    00000050     rts6740.lib : strtod.obj (.const:_digits)
                  11827548    00000050                 : strtold.obj (.const:_digits)
                  11827598    0000004e     bios.a674 : tsk_stup.o674 (.const:.string)
                  118275e6    00000002     --HOLE-- [fill = 0]
                  118275e8    00000048     rts6740.lib : strtod.obj (.const:_powerof10)
                  11827630    00000048                 : strtold.obj (.const:_powerof10)
                  11827678    00000044     Ladar.obj (.const:.string)
                  118276bc    00000040     evmomapl138_bsl.lib : evmomapl138.obj (.const:.string)
                  118276fc    00000023     bios.a674 : utl_doab.o674 (.const:.string)
                  1182771f    00000023     rts6740.lib : _printfi.obj (.const:.string)
                  11827742    00000022     bios.a674 : utl_doer.o674 (.const:.string)
                  11827764    00000018     ColorLCD.obj (.const)
                  1182777c    00000010     evmomapl138_bsl.lib : evmomapl138_uart.obj (.const:.string)
                  1182778c    00000001     bios.a674 : tsk.o674 (.const:.string)
                  1182778d    00000003     --HOLE-- [fill = 0]
                  11827790    00000007     rts6740.lib : _scanfi.obj (.const:.string:_flit$1)
                  11827797    00000001     --HOLE-- [fill = 0]
                  11827798    00000006                 : _scanfi.obj (.const:.string:_barr$2)
                  1182779e    00000002     --HOLE-- [fill = 0]
                  118277a0    00000004     Ladar.obj (.const:.string:_$P$T0$1)

.printf    0    118277a4    00000115     COPY SECTION
                  118277a4    00000115     final_project_1cfg.obj (.printf)

.hst       0    118277a4    0000003c     UNINITIALIZED
                  118277a4    0000003c     final_project_1cfg.obj (.hst)

.pinit     0    118277e0    0000000c     
                  118277e0    00000004     rtdx64xplus.lib : buffer1.o64P (.pinit)
                  118277e4    00000004                     : rtdx_mon.o64P (.pinit)
                  118277e8    00000004     --HOLE-- [fill = 0]

.trcdata   0    118277ec    0000000c     
                  118277ec    0000000c     bios.a674 : trc.o674 (.trcdata)

.clk       0    118277f8    00000008     UNINITIALIZED
                  118277f8    00000008     final_project_1cfg.obj (.clk)

.LOG_system$buf 
*          0    11827800    00000800     UNINITIALIZED
                  11827800    00000800     final_project_1cfg.obj (.LOG_system$buf)

.TSK_ComWithLinux$stk 
*          0    11828000    00000800     UNINITIALIZED
                  11828000    00000800     final_project_1cfg.obj (.TSK_ComWithLinux$stk)

.TSK_LADAR$stk 
*          0    11828800    00000800     UNINITIALIZED
                  11828800    00000800     final_project_1cfg.obj (.TSK_LADAR$stk)

.bss       0    11829000    00000754     UNINITIALIZED
                  11829000    0000016c     user_final_project_1.obj (.bss)
                  1182916c    00000114     ColorVision.obj (.bss)
                  11829280    00000100     bios.a674 : hwi_disp_asm.o674 (.bss)
                  11829380    000000cc               : biosdata.o674 (.bss)
                  1182944c    0000009c               : swi.o674 (.bss)
                  118294e8    00000088     COECSL_edma3.obj (.bss)
                  11829570    0000006c     Ladar.obj (.bss)
                  118295dc    00000048     bios.a674 : knl.o674 (.bss)
                  11829624    00000004               : clk_data2.o674 (.bss)
                  11829628    00000038     COECSL_mcbsp.obj (.bss)
                  11829660    00000038     final_project_1cfg.obj (.bss)
                  11829698    00000020     bios.a674 : exc_asm.o674 (.bss)
                  118296b8    00000018               : hwi.o674 (.bss)
                  118296d0    00000018     lnkrtdx.a674 : rtdx.o674 (.bss)
                  118296e8    00000010     bios.a674 : exc.o674 (.bss)
                  118296f8    00000010     rtdx64xplus.lib : buffer1.o64P (.bss)
                  11829708    00000010                     : rtdx_mon.o64P (.bss)
                  11829718    0000000c     bios.a674 : tsk.o674 (.bss)
                  11829724    0000000b     ColorLCD.obj (.bss)
                  1182972f    00000001     --HOLE--
                  11829730    00000008     LCDprintf.obj (.bss)
                  11829738    00000008     bios.a674 : clk_data.o674 (.bss)
                  11829740    00000008               : sys.o674 (.bss)
                  11829748    00000004               : idl_busy.o674 (.bss)
                  1182974c    00000004               : mem_asm.o674 (.bss)
                  11829750    00000004     evmomapl138_bsl.lib : evmomapl138_i2c.obj (.bss)

.mem       0    11829754    00000004     UNINITIALIZED
                  11829754    00000004     final_project_1cfg.obj (.mem)

.sysinit   0    11829760    00000500     
                  11829760    00000320     final_project_1cfg.obj (.sysinit)
                  11829a80    000000c0     bios.a674 : boot.o674 (.sysinit)
                  11829b40    000000c0               : mem_init.o674 (.sysinit)
                  11829c00    00000060               : tsk_init.o674 (.sysinit)

.rtdx_data 
*          0    11829c80    000004f4     UNINITIALIZED
                  11829c80    00000080     --HOLE--
                  11829d00    00000410     final_project_1cfg.obj (.rtdx_data)
                  1182a110    00000044     rtdx64xplus.lib : rtdx_mon.o64P (.rtdx_data)
                  1182a154    00000020                     : buffer1.o64P (.rtdx_data)

.TSK_idle$stk 
*          0    1182a178    00000400     UNINITIALIZED
                  1182a178    00000400     final_project_1cfg.obj (.TSK_idle$stk)

.trace     0    1182a578    00000200     
                  1182a578    00000200     --HOLE-- [fill = 00000000]

.switch    0    1182a778    0000007c     
                  1182a778    00000028     rts6740.lib : _scanfi.obj (.switch:__sset_arg)
                  1182a7a0    00000024     evmomapl138_bsl.lib : evmomapl138_gpio.obj (.switch:_getRegisterBankAndBit)
                  1182a7c4    00000010     user_final_project_1.obj (.switch:_RobotControl)
                  1182a7d4    00000010     evmomapl138_bsl.lib : evmomapl138_spi.obj (.switch:_SPI_init)
                  1182a7e4    00000010     ColorVision.obj (.switch:_userProcessColorImageFunc_laser)

.hwi_vec   0    1182a800    00000200     
                  1182a800    00000200     final_project_1cfg.obj (.hwi_vec)

.trace$buf 
*          0    1182aa00    00000200     UNINITIALIZED
                  1182aa00    00000200     final_project_1cfg.obj (.trace$buf)

.cio       0    1182ac00    00000120     UNINITIALIZED
                  1182ac00    00000120     rts6740.lib : trgmsg.obj (.cio)

.tsk       0    1182ad20    00000120     UNINITIALIZED
                  1182ad20    00000120     final_project_1cfg.obj (.tsk)

.hst0      0    1182ae40    00000100     UNINITIALIZED
                  1182ae40    00000100     final_project_1cfg.obj (.hst0)

.swi       0    1182af40    000000dc     UNINITIALIZED
                  1182af40    000000dc     final_project_1cfg.obj (.swi)

.pip       0    1182b01c    000000c8     UNINITIALIZED
                  1182b01c    000000c8     final_project_1cfg.obj (.pip)

.sts       0    1182b0e4    000000b0     
                  1182b0e4    000000b0     final_project_1cfg.obj (.sts)

.gblinit   0    1182b194    00000064     
                  1182b194    00000064     final_project_1cfg.obj (.gblinit)

.log       0    1182b1f8    00000030     
                  1182b1f8    00000030     final_project_1cfg.obj (.log)

.DDR$heap 
*          0    c3000000    00008000     UNINITIALIZED
                  c3000000    00008000     --HOLE--


GLOBAL SYMBOLS: SORTED ALPHABETICALLY BY Name 

address    name
--------   ----
11829000   $bss
11829000   .bss
11800000   .data
11800000   .text
11829924   BIOS$$CLKOFF
118298e4   BIOS$$CLKON
11829760   BIOS_init
1182998c   BIOS_start
00000000   BUF$
00000001   BUF_ENABLED
118165b8   C$$IO$$
ffffffff   CACHE_L1D
ffffffff   CACHE_L1P
ffffffff   CACHE_L2
00000001   CLK$
118277f8   CLK_A_TABBEG
00000001   CLK_CALDIV
00000001   CLK_CALMULT
000493e0   CLK_COUNTSPMS
00000004   CLK_COUNTSPMSHIGH
118293a8   CLK_D_idletime
118293a4   CLK_D_isrhook
118293a0   CLK_D_tabbeg
1182939c   CLK_D_timefxn
00000001   CLK_ENABLEHTIME
11820e60   CLK_F_gethtime
1181f7e0   CLK_F_getltime
1181f7f0   CLK_F_isr
1181f930   CLK_F_itime
1181d4c0   CLK_HOOKFXN
00000001   CLK_HTIMEDIV
00000001   CLK_HTIMEMULT
000493e0   CLK_HTIMEPERLTIME
00005dc0   CLK_INPUTCLK
00008000   CLK_INTBIT
00000001   CLK_LTIMEDIV
000493e0   CLK_LTIMEMULT
000003e8   CLK_MICROSECS
00000001   CLK_POWERENABLE
00005dc0   CLK_PRD
00000000   CLK_PRDHIGH
01c21000   CLK_REGS
00000000   CLK_RESETTIMER
11829398   CLK_R_time
00000020   CLK_TCR
00000000   CLK_TDDR
00000000   CLK_TDDRHIGH
11820e60   CLK_TIMEFXN
00000001   CLK_TIMERNUM
00000005   CLK_TIMMODE
00000001   CLK_USETIMER
118277fc   CLK_null
11829678   DDR
c3000000   DDR$B
00008000   DDR$L
00000000   DEV$
00000000   DGN$
00000000   DHL$
00000000   DHL_gChannelsAvailable
00000000   DIO$
00000000   DIO_NUMSWIBASE
00000000   DIO_NUMTSKBASE
00000000   DIO_STATIC
00000000   DPI$
00000000   ECM$
00000000   ECM_ENABLE
ffffffff   ECM_EVTMASK0
ffffffff   ECM_EVTMASK1
ffffffff   ECM_EVTMASK2
ffffffff   ECM_EVTMASK3
0000000a   EVENT10
00000064   EVENT100
00000065   EVENT101
00000066   EVENT102
00000067   EVENT103
00000068   EVENT104
00000069   EVENT105
0000006a   EVENT106
0000006b   EVENT107
0000006c   EVENT108
0000006d   EVENT109
0000000b   EVENT11
0000006e   EVENT110
0000006f   EVENT111
00000070   EVENT112
00000071   EVENT113
00000072   EVENT114
00000073   EVENT115
00000074   EVENT116
00000075   EVENT117
00000076   EVENT118
00000077   EVENT119
0000000c   EVENT12
00000078   EVENT120
00000079   EVENT121
0000007a   EVENT122
0000007b   EVENT123
0000007c   EVENT124
0000007d   EVENT125
0000007e   EVENT126
0000007f   EVENT127
0000000d   EVENT13
0000000e   EVENT14
0000000f   EVENT15
00000010   EVENT16
00000011   EVENT17
00000012   EVENT18
00000013   EVENT19
00000014   EVENT20
00000015   EVENT21
00000016   EVENT22
00000017   EVENT23
00000018   EVENT24
00000019   EVENT25
0000001a   EVENT26
0000001b   EVENT27
0000001c   EVENT28
0000001d   EVENT29
0000001e   EVENT30
0000001f   EVENT31
00000020   EVENT32
00000021   EVENT33
00000022   EVENT34
00000023   EVENT35
00000024   EVENT36
00000025   EVENT37
00000026   EVENT38
00000027   EVENT39
00000004   EVENT4
00000028   EVENT40
00000029   EVENT41
0000002a   EVENT42
0000002b   EVENT43
0000002c   EVENT44
0000002d   EVENT45
0000002e   EVENT46
0000002f   EVENT47
00000030   EVENT48
00000031   EVENT49
00000005   EVENT5
00000032   EVENT50
00000033   EVENT51
00000034   EVENT52
00000035   EVENT53
00000036   EVENT54
00000037   EVENT55
00000038   EVENT56
00000039   EVENT57
0000003a   EVENT58
0000003b   EVENT59
00000006   EVENT6
0000003c   EVENT60
0000003d   EVENT61
0000003e   EVENT62
0000003f   EVENT63
00000040   EVENT64
00000041   EVENT65
00000042   EVENT66
00000043   EVENT67
00000044   EVENT68
00000045   EVENT69
00000007   EVENT7
00000046   EVENT70
00000047   EVENT71
00000048   EVENT72
00000049   EVENT73
0000004a   EVENT74
0000004b   EVENT75
0000004c   EVENT76
0000004d   EVENT77
0000004e   EVENT78
0000004f   EVENT79
00000008   EVENT8
00000050   EVENT80
00000051   EVENT81
00000052   EVENT82
00000053   EVENT83
00000054   EVENT84
00000055   EVENT85
00000056   EVENT86
00000057   EVENT87
00000058   EVENT88
00000059   EVENT89
00000009   EVENT9
0000005a   EVENT90
0000005b   EVENT91
0000005c   EVENT92
0000005d   EVENT93
0000005e   EVENT94
0000005f   EVENT95
00000060   EVENT96
00000061   EVENT97
00000062   EVENT98
00000063   EVENT99
118209e0   FXN_F_nop
118209e4   FXN_F_run
11820a20   FXN_F_zero
00000001   GBL$
00005205   GBL_A_VERSION
00000000   GBL_BCACHEREADADDR0
00000000   GBL_BCACHEREADADDR1
00000000   GBL_BCACHEREADADDR2
00000000   GBL_BIGENDIAN
00000000   GBL_CACHE
00000000   GBL_CALLCSLCFGINIT
00004e20   GBL_CLKIN
00001a5b   GBL_CLKTYPE
00001a5c   GBL_DSPSUBTYPE
0000003e   GBL_DSPTYPE
00000001   GBL_ENABLEINST
00000000   GBL_ENABLE_SK
00000042   GBL_FOOTPRINT
000493e0   GBL_FREQ
00000000   GBL_GEMTRUECOMPEN
00000007   GBL_L1DMODE
00000007   GBL_L1PMODE
00000001   GBL_L2CONFIGURE
00000000   GBL_L2MAR0_31
00000001   GBL_L2MAR128_159
00000000   GBL_L2MAR160_191
ffffffff   GBL_L2MAR192_223
00000000   GBL_L2MAR224_255
00000000   GBL_L2MAR32_63
00000000   GBL_L2MAR64_95
00000000   GBL_L2MAR96_127
00000001   GBL_L2MODE
00000000   GBL_NULL
00000000   GBL_PROCID
00000000   GBL_ROM
00000000   GBL_SUPPORTCSL
0000dbef   GBL_TRCMASKVALUE
00000000   GBL_USERINIT
11820da0   GBL_USERINITFXN
00000001   GBL_boot
118277f4   GBL_initdone
11826560   GBL_stackbeg
1182715f   GBL_stackend
00000000   GIO$
11820da0   GIO_CREATEFXN
11820da0   GIO_DELETEFXN
11820da0   GIO_PENDFXN
11820da0   GIO_POSTFXN
00000000   HOOK$
00000000   HOOK_KNLID
00000001   HST$
118277a4   HST_A_TABBEG
118277e0   HST_A_TABEND
00000000   HST_DSM
1182967c   HST_DSMBUFSEG
00000400   HST_DSMMEMSIZE
11829414   HST_D_chanmask
11829418   HST_D_tabbeg
1182941c   HST_D_tabend
000000ff   HST_MAXFRAMEALLOWED
00000040   HST_MAXFRAMESET
00000000   HST_NONE
00000001   HST_RTDX
00000001   HWI$
1182a800   HWI_A_VECS
00009978   HWI_CFGDISPATCHED
118296c8   HWI_D_bss
118296cc   HWI_D_ccmask
118296b8   HWI_D_spsave
00000001   HWI_ENABLE_EXC
1181d4c0   HWI_F_dispatch
00000000   HWI_GENERATE_RESET_VEC
0000000a   HWI_INT10
00000000   HWI_INT10$hwi
0000000b   HWI_INT11
00000000   HWI_INT11$hwi
0000000c   HWI_INT12
00000000   HWI_INT12$hwi
0000000d   HWI_INT13
00000000   HWI_INT13$hwi
0000000e   HWI_INT14
00000000   HWI_INT14$hwi
0000000f   HWI_INT15
00000000   HWI_INT15$hwi
00000004   HWI_INT4
00000000   HWI_INT4$hwi
00000005   HWI_INT5
00000000   HWI_INT5$hwi
00000006   HWI_INT6
00000000   HWI_INT6$hwi
00000007   HWI_INT7
00000000   HWI_INT7$hwi
00000008   HWI_INT8
00000000   HWI_INT8$hwi
00000009   HWI_INT9
00000000   HWI_INT9$hwi
07065b5f   HWI_INTRMUX1
0b0a0908   HWI_INTRMUX2
28040d0c   HWI_INTRMUX3
00000001   HWI_NMI
00000000   HWI_NMI$hwi
00000000   HWI_POLARITYMASK
00000002   HWI_RESERVED0
00000000   HWI_RESERVED0$hwi
00000003   HWI_RESERVED1
00000000   HWI_RESERVED1$hwi
00000000   HWI_RESET
00000000   HWI_RESET$hwi
00000000   HWI_ZEROTAB
00000001   IDL$
1181c970   IDL_A_CALBEG
118169f0   IDL_A_TABBEG
00000006   IDL_CALIBRERROR
11820c80   IDL_CALIBRFXN
11829748   IDL_D_busyObj
11829388   IDL_D_calbeg
11829384   IDL_D_calibrate
11829380   IDL_D_tabbeg
118169fc   IDL_END
1181c97c   IDL_END$
11820aa0   IDL_F_busy
11820900   IDL_F_calibrate
11820de0   IDL_F_loop
11820c80   IDL_F_stub
00000001   IDL_USECLKIDLTIME
1182b188   IDL_busyObj
118278b4   IDL_busyObj$avgfmt
00000001   IDL_busyObj$filter
00000001   IDL_busyObj$iA
00000000   IDL_busyObj$iB
00000001   IDL_busyObj$iC
118278ae   IDL_busyObj$maxfmt
00000000   IDL_busyObj$operation
1182b184   IDL_busyObj$stsobj
118278b1   IDL_busyObj$sumfmt
00000002   IDL_busyObj$unittype
118169f0   IDL_cpuLoad
1181c970   IDL_cpuLoad$
1182967c   IRAM
1182358c   IRAM$B
00002000   IRAM$L
00000001   ISRC$
1181fad8   KNL_glue
1182af6c   KNL_swi
00000001   KNL_swi$dorta
00000002   KNL_swi$ord
00000000   KNL_swi$pri
1182b118   KNL_swi$sts
11827808   KNL_swi$sts$avgfmt
00000002   KNL_swi$sts$filter
00000001   KNL_swi$sts$filtmaxmult
00000001   KNL_swi$sts$filtsummult
118277f8   KNL_swi$sts$maxfmt
1182b114   KNL_swi$sts$stsobj
11827800   KNL_swi$sts$sumfmt
00000000   KNL_swi$sts$unittype
00000000   KNL_swi$swi
ffffffff   L3_CBA_RAM
00000001   LCK$
1181c980   LNK_F_checkBufferCall
1181ca00   LNK_F_dataPump
1181c9a0   LNK_F_getChanPtr
1181c9f8   LNK_F_init
1181cf08   LNK_F_readCallBack
118169f4   LNK_dataPump
1181c974   LNK_dataPump$
118296d4   LNK_dspFrameReadyMask
118296d0   LNK_dspFrameRequestMask
1181cc80   LNK_newin
1181cdb4   LNK_newout
1181ca10   LNK_rcloop
1181cad4   LNK_rdrtry
118296dc   LNK_readDone
118296e0   LNK_readFail
118296d8   LNK_readPend
1181cae4   LNK_rrloop
118296e4   LNK_writeFail
1181cbb0   LNK_wrloop
1181cba4   LNK_wrrtry
00000001   LOG$
1182b1f8   LOG_A_TABBEG
1182b228   LOG_A_TABEND
00000002   LOG_A_TABLEN
1182938c   LOG_D_system
00000001   LOG_ENABLED
11820800   LOG_F_event
1182b1f8   LOG_system
11827800   LOG_system$buf
00000000   LOG_system$datatype
00000000   LOG_system$log
00000200   LOG_system$size
00000000   MBX$
00000001   MEM$
1182967c   MEM_MALLOCSEG
00000000   MEM_NULL
1182967c   MEM_SEGZERO
00000000   MEM_USEMPC
00000002   MEM_gNumHeap
00000000   MSGQ$
00000000   MSGQ_USEMSGQ
00000000   OBJ$
00000000   PIP$
1182b01c   PIP_A_TABBEG
1182b0e4   PIP_A_TABEND
00000002   PIP_A_TABLEN
11829390   PIP_D_tabbeg
11829394   PIP_D_tablen
1181f158   PIP_F_give
1181f158   PIP_F_probe
1181f228   PIP_F_start
1181f0e0   PIP_F_take
00000064   PIP_OBJSIZE
00000000   PIP_gNextId
00000002   PIP_gNumEmbed
00000000   POOL$
00000000   POOL_USEPOOL
00000001   PRD$
118169a0   PRD_A_TABBEG
118169e0   PRD_A_TABEND
00000002   PRD_A_TABLEN
118293d0   PRD_D_cur
118293d4   PRD_D_elapsed
118293d8   PRD_D_prevtim
118293dc   PRD_D_scalar
118293e0   PRD_D_swihandle
118293e4   PRD_D_tabbeg
118293e8   PRD_D_tablen
118293ec   PRD_D_thook
118293cc   PRD_D_tick
1181de60   PRD_F_swi
1181e0e4   PRD_F_tick
00000001   PRD_SCALAR
1182af40   PRD_SWIHANDLE
1181ecf4   PRD_THOOKFXN
118169c0   PRD_addtime
118169dc   PRD_addtime$aaa
00000000   PRD_addtime$mode
00000004   PRD_addtime$ord
00000001   PRD_addtime$period
00000000   PRD_addtime$prd
1182b0f8   PRD_addtime$sts
118277d3   PRD_addtime$sts$avgfmt
00000000   PRD_addtime$sts$filter
118277c1   PRD_addtime$sts$maxfmt
1182b0f4   PRD_addtime$sts$stsobj
118277ca   PRD_addtime$sts$sumfmt
00000002   PRD_addtime$sts$unittype
118277f8   PRD_clock
118169a0   PRD_startMcBSP
118169bc   PRD_startMcBSP$aaa
00000000   PRD_startMcBSP$mode
00000003   PRD_startMcBSP$ord
00000019   PRD_startMcBSP$period
00000000   PRD_startMcBSP$prd
1182b0e8   PRD_startMcBSP$sts
118277b6   PRD_startMcBSP$sts$avgfmt
00000000   PRD_startMcBSP$sts$filter
118277a4   PRD_startMcBSP$sts$maxfmt
1182b0e4   PRD_startMcBSP$sts$stsobj
118277ad   PRD_startMcBSP$sts$sumfmt
00000002   PRD_startMcBSP$sts$unittype
1182af40   PRD_swi
00000001   PRD_swi$dorta
00000001   PRD_swi$ord
00000004   PRD_swi$pri
1182b108   PRD_swi$sts
118277ee   PRD_swi$sts$avgfmt
00000002   PRD_swi$sts$filter
00000001   PRD_swi$sts$filtmaxmult
00000001   PRD_swi$sts$filtsummult
118277de   PRD_swi$sts$maxfmt
1182b104   PRD_swi$sts$stsobj
118277e6   PRD_swi$sts$sumfmt
00000000   PRD_swi$sts$unittype
00000000   PRD_swi$swi
00000001   PWRM$
00000030   PWRM_PWRM_CAPSMASK
0000000a   PWRM_PWRM_CLKTICKSPERSLOT
00000000   PWRM_PWRM_ENABLE
00000002   PWRM_PWRM_INITSPCPU
00000000   PWRM_PWRM_INITSPPER
00000000   PWRM_PWRM_LOADENABLE
00000001   PWRM_PWRM_NUMSLOTS
00000000   PWRM_PWRM_RESOURCETRACKING
00000000   PWRM_PWRM_SCALING
11820da0   PWRM_PWRM_SHAREDRESOURCEFXN
11820da0   PWRM_PWRM_SLOTHOOKFXN
00000000   PWRM_PWRM_TIMERIDNUM
00000000   PWRM_PWRM_TIMERINTRMASK
00000000   PWRM_PWRM_TIMERWUGENMASK
00000000   PWRM_PWRM_USERRESOURCES
00000000   PWRM_PWRM_USETIMER
00000001   QUE$
118293f0   RTA_D_fromHost
118293f8   RTA_D_logval
11829408   RTA_D_stsval
118293f4   RTA_D_toHost
11820cc0   RTA_F_andn
1181e540   RTA_F_dispatch
1181e460   RTA_F_getlog
1181e498   RTA_F_getsts
11820cd8   RTA_F_or
1181e4d8   RTA_F_readblk
1181e500   RTA_F_resetmem
1181e4f4   RTA_F_writeword
118169f8   RTA_dispatcher
1181c978   RTA_dispatcher$
1181e58c   RTA_execute
118277a8   RTA_fromHost
118169e0   RTA_fromHost$buf
00000004   RTA_fromHost$framesize
00000000   RTA_fromHost$hst
00000001   RTA_fromHost$id
00000000   RTA_fromHost$mode
1182b01c   RTA_fromHost$pipe
1182b04c   RTA_fromHost$pipe$aaa
1182b07c   RTA_fromHost$pipe$bbb
11829680   RTA_fromHost$pipe$dtab
1182b020   RTA_fromHost$pipe$rd
1182b050   RTA_fromHost$pipe$wr
118277b0   RTA_fromHost$rtdx
118277c4   RTA_toHost
1182ae40   RTA_toHost$buf
00000040   RTA_toHost$framesize
00000000   RTA_toHost$hst
00000000   RTA_toHost$id
00000001   RTA_toHost$mode
1182b080   RTA_toHost$pipe
1182b0b0   RTA_toHost$pipe$aaa
1182b0e0   RTA_toHost$pipe$bbb
1182968c   RTA_toHost$pipe$dtab
1182b084   RTA_toHost$pipe$rd
1182b0b4   RTA_toHost$pipe$wr
118277cc   RTA_toHost$rtdx
00000001   RTDX$
00000408   RTDX_BUFMEMSIZE
1182967c   RTDX_DATAMEMSEG
00000000   RTDX_MODE
00000001   RTDX_NORMALIZED_HDR
00000001   RTDX_USERTDX
00000000   RTDX_USERTEXECUTION
00000000   SEM$
00000000   SIO$
00000001   STS$
1182b0e4   STS_A_TABBEG
1182b194   STS_A_TABEND
11820b8c   STS_F_add
11820b60   STS_F_delta
11820ba8   STS_F_reset
00000001   SWI$
1182af40   SWI_A_TABBEG
1182b01c   SWI_A_TABEND
00000005   SWI_A_TABLEN
11829464   SWI_D_curfxn
11829454   SWI_D_curmask
11829460   SWI_D_curmbox
11829458   SWI_D_curset
11829450   SWI_D_execaddr
1182946c   SWI_D_inswi
1182945c   SWI_D_lock
11829468   SWI_D_rdybeg
11829470   SWI_D_rdytab
1182944c   SWI_D_runaddr
00000000   SWI_EHOOKFXN
1181db84   SWI_EXECFXN
1181d9a0   SWI_F_enable
1181db84   SWI_F_exec
1181dbac   SWI_F_iexec
1181da10   SWI_F_post
1181dc2c   SWI_F_run
00000000   SWI_IHOOKFXN
1182af98   SWI_LCD
00000001   SWI_LCD$dorta
00000004   SWI_LCD$ord
00000001   SWI_LCD$pri
1182b128   SWI_LCD$sts
11827822   SWI_LCD$sts$avgfmt
00000002   SWI_LCD$sts$filter
00000001   SWI_LCD$sts$filtmaxmult
00000001   SWI_LCD$sts$filtsummult
11827812   SWI_LCD$sts$maxfmt
1182b124   SWI_LCD$sts$stsobj
1182781a   SWI_LCD$sts$sumfmt
00000000   SWI_LCD$sts$unittype
00000000   SWI_LCD$swi
1181dc2c   SWI_RUNFXN
1182afc4   SWI_RobotControl
00000001   SWI_RobotControl$dorta
00000005   SWI_RobotControl$ord
00000003   SWI_RobotControl$pri
1182b138   SWI_RobotControl$sts
1182783c   SWI_RobotControl$sts$avgfmt
00000002   SWI_RobotControl$sts$filter
00000001   SWI_RobotControl$sts$filtmaxmult
00000001   SWI_RobotControl$sts$filtsummult
1182782c   SWI_RobotControl$sts$maxfmt
1182b134   SWI_RobotControl$sts$stsobj
11827834   SWI_RobotControl$sts$sumfmt
00000000   SWI_RobotControl$sts$unittype
00000000   SWI_RobotControl$swi
1182aff0   SWI_vision
00000001   SWI_vision$dorta
00000006   SWI_vision$ord
00000002   SWI_vision$pri
1182b148   SWI_vision$sts
11827856   SWI_vision$sts$avgfmt
00000002   SWI_vision$sts$filter
00000001   SWI_vision$sts$filtmaxmult
00000001   SWI_vision$sts$filtsummult
11827846   SWI_vision$sts$maxfmt
1182b144   SWI_vision$sts$stsobj
1182784e   SWI_vision$sts$sumfmt
00000000   SWI_vision$sts$unittype
00000000   SWI_vision$swi
00000001   SYS$
1182558c   SYS$config
11820d00   SYS_ABORTFXN
11820e20   SYS_ERRORFXN
11820e40   SYS_EXITFXN
11820d40   SYS_PUTCFXN
118277f0   TRC_R_mask
118277ec   TRC_cinit
00000001   TSK$
1182ad8c   TSK_ComWithLinux
00000002   TSK_ComWithLinux$ord
00000001   TSK_ComWithLinux$pri
11828000   TSK_ComWithLinux$stack
11828798   TSK_ComWithLinux$stkptr
1182b168   TSK_ComWithLinux$sts
1182788a   TSK_ComWithLinux$sts$avgfmt
00000002   TSK_ComWithLinux$sts$filter
00000001   TSK_ComWithLinux$sts$filtmaxmult
00000001   TSK_ComWithLinux$sts$filtsummult
1182787a   TSK_ComWithLinux$sts$maxfmt
1182b164   TSK_ComWithLinux$sts$stsobj
11827882   TSK_ComWithLinux$sts$sumfmt
00000000   TSK_ComWithLinux$sts$unittype
00000000   TSK_ComWithLinux$tsk
1182adec   TSK_LADAR
00000003   TSK_LADAR$ord
00000001   TSK_LADAR$pri
11828800   TSK_LADAR$stack
11828f98   TSK_LADAR$stkptr
1182b178   TSK_LADAR$sts
118278a4   TSK_LADAR$sts$avgfmt
00000002   TSK_LADAR$sts$filter
00000001   TSK_LADAR$sts$filtmaxmult
00000001   TSK_LADAR$sts$filtsummult
11827894   TSK_LADAR$sts$maxfmt
1182b174   TSK_LADAR$sts$stsobj
1182789c   TSK_LADAR$sts$sumfmt
00000000   TSK_LADAR$sts$unittype
00000000   TSK_LADAR$tsk
00000000   TSK_NUM_HOOKS
00000001   TSK_PRIORITY
00000000   TSK_READYFXN
00000000   TSK_STACKSEG
00000400   TSK_STACKSIZE
00000000   TSK_SWITCHFXN
11820da0   TSK_VCREATEFXN
11820da0   TSK_VDELETEFXN
11820da0   TSK_VEXITFXN
1182ad2c   TSK_idle
00000001   TSK_idle$ord
00000000   TSK_idle$pri
1182a178   TSK_idle$stack
1182a510   TSK_idle$stkptr
1182b158   TSK_idle$sts
11827870   TSK_idle$sts$avgfmt
00000002   TSK_idle$sts$filter
00000001   TSK_idle$sts$filtmaxmult
00000001   TSK_idle$sts$filtsummult
11827860   TSK_idle$sts$maxfmt
1182b154   TSK_idle$sts$stsobj
11827868   TSK_idle$sts$sumfmt
00000000   TSK_idle$sts$unittype
00000000   TSK_idle$tsk
00000000   UDEV$
11819c68   _B
1181ff94   _BCACHE_bootInit
11820014   _BCACHE_getMar
1181ffc4   _BCACHE_getSize
1181fc54   _BCACHE_inv
1181ff94   _BCACHE_setCacheToSram
1181ff44   _BCACHE_setMar
1181ff00   _BCACHE_setSize
11820880   _BCACHE_wait
1181fc44   _BCACHE_wb
1181fc30   _BCACHE_wbInv
11829760   _BIOS_init
1182998c   _BIOS_start
118033f0   _Bresenhamline
11819c88   _Bu
ffffffff   _CACHE_L1D
ffffffff   _CACHE_L1P
ffffffff   _CACHE_L2
118291c4   _CEILING_OFFSET
000493e0   _CLK_COUNTSPMS
11829738   _CLK_DFLTMICROSECS
118293c8   _CLK_D_countspms
118293bc   _CLK_D_dirty
1182973c   _CLK_D_microseconds
118293c0   _CLK_D_prd
118293c4   _CLK_D_tddr
1181f930   _CLK_F_itime
00005dc0   _CLK_PRD
01c21000   _CLK_REGS
00000000   _CLK_TDDR
00000001   _CLK_TIMERNUM
00000001   _CLK_USETIMER
11820e60   _CLK_gethtime
11820d80   _CLK_getltime
118293ac   _CLK_htimeDiv
118293b0   _CLK_htimeMult
11829624   _CLK_htimePerLtime
1181c22c   _CLK_inputClock
1181f930   _CLK_itime
118293b4   _CLK_ltimeDiv
118293b8   _CLK_ltimeMult
11820c20   _CLK_measure
118291d0   _Cdifference
11805728   _Check_Equivalency
11802d0c   _ComWithLinux
11829678   _DDR
c3000000   _DDR_base
00008000   _DDR_length
1180bc94   _EDMA3_0_ISR
118294e8   _EDMA3_0_Regs
1180bbcc   _EDMA3_1_ISR
118294ec   _EDMA3_1_Regs
0000000a   _EVENT10
00000064   _EVENT100
00000065   _EVENT101
00000066   _EVENT102
00000067   _EVENT103
00000068   _EVENT104
00000069   _EVENT105
0000006a   _EVENT106
0000006b   _EVENT107
0000006c   _EVENT108
0000006d   _EVENT109
0000000b   _EVENT11
0000006e   _EVENT110
0000006f   _EVENT111
00000070   _EVENT112
00000071   _EVENT113
00000072   _EVENT114
00000073   _EVENT115
00000074   _EVENT116
00000075   _EVENT117
00000076   _EVENT118
00000077   _EVENT119
0000000c   _EVENT12
00000078   _EVENT120
00000079   _EVENT121
0000007a   _EVENT122
0000007b   _EVENT123
0000007c   _EVENT124
0000007d   _EVENT125
0000007e   _EVENT126
0000007f   _EVENT127
0000000d   _EVENT13
0000000e   _EVENT14
0000000f   _EVENT15
00000010   _EVENT16
00000011   _EVENT17
00000012   _EVENT18
00000013   _EVENT19
00000014   _EVENT20
00000015   _EVENT21
00000016   _EVENT22
00000017   _EVENT23
00000018   _EVENT24
00000019   _EVENT25
0000001a   _EVENT26
0000001b   _EVENT27
0000001c   _EVENT28
0000001d   _EVENT29
0000001e   _EVENT30
0000001f   _EVENT31
00000020   _EVENT32
00000021   _EVENT33
00000022   _EVENT34
00000023   _EVENT35
00000024   _EVENT36
00000025   _EVENT37
00000026   _EVENT38
00000027   _EVENT39
00000004   _EVENT4
00000028   _EVENT40
00000029   _EVENT41
0000002a   _EVENT42
0000002b   _EVENT43
0000002c   _EVENT44
0000002d   _EVENT45
0000002e   _EVENT46
0000002f   _EVENT47
00000030   _EVENT48
00000031   _EVENT49
00000005   _EVENT5
00000032   _EVENT50
00000033   _EVENT51
00000034   _EVENT52
00000035   _EVENT53
00000036   _EVENT54
00000037   _EVENT55
00000038   _EVENT56
00000039   _EVENT57
0000003a   _EVENT58
0000003b   _EVENT59
00000006   _EVENT6
0000003c   _EVENT60
0000003d   _EVENT61
0000003e   _EVENT62
0000003f   _EVENT63
00000040   _EVENT64
00000041   _EVENT65
00000042   _EVENT66
00000043   _EVENT67
00000044   _EVENT68
00000045   _EVENT69
00000007   _EVENT7
00000046   _EVENT70
00000047   _EVENT71
00000048   _EVENT72
00000049   _EVENT73
0000004a   _EVENT74
0000004b   _EVENT75
0000004c   _EVENT76
0000004d   _EVENT77
0000004e   _EVENT78
0000004f   _EVENT79
00000008   _EVENT8
00000050   _EVENT80
00000051   _EVENT81
00000052   _EVENT82
00000053   _EVENT83
00000054   _EVENT84
00000055   _EVENT85
00000056   _EVENT86
00000057   _EVENT87
00000058   _EVENT88
00000059   _EVENT89
00000009   _EVENT9
0000005a   _EVENT90
0000005b   _EVENT91
0000005c   _EVENT92
0000005d   _EVENT93
0000005e   _EVENT94
0000005f   _EVENT95
00000060   _EVENT96
00000061   _EVENT97
00000062   _EVENT98
00000063   _EVENT99
11807af0   _EVMOMAPL138_enableDsp
11807a70   _EVMOMAPL138_init
118072cc   _EVMOMAPL138_initRAM
118071b8   _EVMOMAPL138_lpscTransition
1180716c   _EVMOMAPL138_pinmuxConfig
1181d490   _EXC_clearLastStatus
1181ef00   _EXC_dispatch
1181d2b4   _EXC_exceptionHandler
118296e8   _EXC_exceptionHook
1181d280   _EXC_external
118296f0   _EXC_externalHook
1181d260   _EXC_getLastStatus
1181d220   _EXC_init
1181cf74   _EXC_internal
118296ec   _EXC_internalHook
1181cf40   _EXC_nmi
118296f4   _EXC_nmiHook
118296a0   _EXC_returnPtr
1181f0c4   _EXC_setReturnPtr
1181c900   _EXC_status
11829698   _EXC_sysTrapTable
11829544   _F28335_Extra1
11829548   _F28335_Extra2
1182954c   _F28335_Extra3
11829550   _F28335_Extra4
11820da0   _FXN_F_nop
118209e4   _FXN_F_run
11820a20   _FXN_F_zero
118057b4   _Fix_Equivalency
00000000   _GBL_CACHE
118200a8   _GBL_cacheInit64P
11829424   _GBL_clkIn
11829428   _GBL_freq
11820dc0   _GBL_getVersion
11829420   _GBL_procId
118103cc   _GPIO_getInput
11810380   _GPIO_getOutput
118101d8   _GPIO_setDir
11810238   _GPIO_setOutput
11810298   _GPIO_toggleLoop
11815820   _HOSTclose
11814540   _HOSTlseek
11814a40   _HOSTopen
11814b20   _HOSTread
118137e0   _HOSTrename
11815220   _HOSTunlink
118152e0   _HOSTwrite
118255a0   _HSRTDX_rec
11825d00   _HSRTDX_xmt
118277a4   _HST_A_TABBEG
118277e0   _HST_A_TABEND
00009978   _HWI_CFGDISPATCHED
118296c4   _HWI_D_inhwi
118296b8   _HWI_D_spsave
1181d4c0   _HWI_F_dispatch
0000000a   _HWI_INT10
0000000b   _HWI_INT11
0000000c   _HWI_INT12
0000000d   _HWI_INT13
0000000e   _HWI_INT14
0000000f   _HWI_INT15
00000004   _HWI_INT4
00000005   _HWI_INT5
00000006   _HWI_INT6
00000007   _HWI_INT7
00000008   _HWI_INT8
00000009   _HWI_INT9
00000001   _HWI_NMI
00000002   _HWI_RESERVED0
00000003   _HWI_RESERVED1
00000000   _HWI_RESET
11827158   _HWI_STKBOTTOM
11826560   _HWI_STKTOP
118296b8   _HWI_data
11820a40   _HWI_disable
11829280   _HWI_dispatchTab
11820a58   _HWI_enable
11820a6c   _HWI_restore
1180c7e0   _I2CGPIO_getInput
1180c6b0   _I2CGPIO_getInputAll
1180c5d8   _I2CGPIO_init
1180c4c0   _I2CGPIO_setOutput
1180c460   _I2CGPIO_setOutputAll
1180ef20   _I2C_init
1180f120   _I2C_read
1180eff8   _I2C_write
1182b188   _IDL_busyObj
118169f0   _IDL_cpuLoad
11820de0   _IDL_loop
1182967c   _IRAM
1182358c   _IRAM_base
00002000   _IRAM_length
11829178   _Image_data
11819cd0   _K
118295e4   _KNL_alarm
11820160   _KNL_check
11829608   _KNL_curqueue
118295f8   _KNL_curtask
11829600   _KNL_curtime
1181c728   _KNL_dummy
118204c0   _KNL_enter
11820480   _KNL_exit
11820228   _KNL_idle
11829620   _KNL_idlefxn
118295ec   _KNL_inactive
11820680   _KNL_ipost
11820250   _KNL_max
1182960c   _KNL_maxqueue
11820700   _KNL_post
118295fc   _KNL_prevtask
118295f0   _KNL_priority
1181c688   _KNL_queues
1181e6e0   _KNL_run
1181f980   _KNL_saveIsrFrame
118295f4   _KNL_set
118295e8   _KNL_setpri
1182af6c   _KNL_swi
11829604   _KNL_swiptr
1181fa2c   _KNL_switch
11829614   _KNL_tcreatefxn
11829618   _KNL_tdeletefxn
1181ecf4   _KNL_tick
1182961c   _KNL_treadyfxn
11829610   _KNL_tswitchfxn
118295dc   _KNL_wFlag
118295e0   _KNL_wList
ffffffff   _L3_CBA_RAM
11804df4   _LADAR_Get_and_Process_Scan
11804814   _LADAR_scan
118045f8   _LADAR_sendG
1181a290   _LADARangle
118295ac   _LADARcenterFt
1181a678   _LADARdataX
1181aa60   _LADARdataY
11804970   _LADARdetections2xy
11819ea8   _LADARdistance
118184f8   _LADARinBuffer
118295a8   _LADARleftFt
11818a70   _LADARoutBuffer
11829578   _LADARprocess
1181926c   _LADARps
11829574   _LADARready
118295b0   _LADARrightFt
118055b8   _LADARtask
11808328   _LCD
11813440   _LCDPrintfLine
11829180   _LCD_Image
11829724   _LCD_mem
1180338c   _LCD_saturate
11829730   _LCDnewMsgLine1
11829734   _LCDnewMsgLine2
11813300   _LCDvPrintfLine
118207a0   _LCK_pend
11820780   _LCK_post
118169f4   _LNK_dataPump
118296d4   _LNK_dspFrameReadyMask
118296d0   _LNK_dspFrameRequestMask
118296dc   _LNK_readDone
118296e0   _LNK_readFail
118296d8   _LNK_readPend
118296e4   _LNK_writeFail
1182b1f8   _LOG_A_TABBEG
1182b228   _LOG_A_TABEND
00000002   _LOG_A_TABLEN
1182938c   _LOG_D_system
11820800   _LOG_event
1182b1f8   _LOG_system
11829010   _LVvalue1
11829014   _LVvalue2
1182917c   _Linux_Image
1182974c   _MEM
1182942c   _MEM_D_NUMSEGMENTS
11829434   _MEM_D_freelist
11829438   _MEM_D_lockaddr
11829430   _MEM_D_memtab
1182943c   _MEM_D_unlockaddr
1181e920   _MEM_alloc
1181ed20   _MEM_free
11829b40   _MEM_init
11829660   _MEM_memtab
11809680   _Matrix1x3_Mult
11809634   _Matrix3x1_Add
118095e0   _Matrix3x1_Mult
118095a0   _Matrix3x2_Mult
11809434   _Matrix3x3_Add
1180922c   _Matrix3x3_Invert
11809050   _Matrix3x3_Mult
11808fc0   _Matrix3x3_Trans
11829634   _McBSPrecerror
1181c7f8   _OBJ_segtab
1181c7c0   _OBJ_table
1181ae5c   _OPTITRACKps
1181ae48   _Optitrackdata
1182b01c   _PIP_A_TABBEG
1182b0e4   _PIP_A_TABEND
118293cc   _PRD_D_tick
118169c0   _PRD_addtime
118277f8   _PRD_clock
118169a0   _PRD_startMcBSP
1182af40   _PRD_swi
11816a00   _PRUCode
11806c50   _PRU_HWI
118149d4   _PRU_load
118149a8   _PRU_reset
118149b4   _PRU_restart
11814998   _PRU_run
1181494c   _PRU_stop
11814940   _PRU_wakeup
11819d98   _P_pred
11819cf8   _Q
11819d20   _R
11819260   _ROBOTps
118169f8   _RTA_dispatcher
118277a8   _RTA_fromHost
118277c4   _RTA_toHost
11829d00   _RTDX_Buffer
1182a10c   _RTDX_Buffer_End
11826380   _RTDX_Buffer_Initialize
11826500   _RTDX_Buffer_Read
11826440   _RTDX_Buffer_ReadCB
11826480   _RTDX_Buffer_Size
1182a108   _RTDX_Buffer_Start
11826520   _RTDX_Buffer_Write
11825840   _RTDX_Buffer_WriteCB
11826300   _RTDX_Final_RT_Monitor
118263e0   _RTDX_Init_RT_Monitor
00000002   _RTDX_JTAGONLY
11826540   _RTDX_Mask_IER
11826000   _RTDX_Mon_Queue
11826260   _RTDX_Poll
00000000   _RTDX_interrupt_mask
118264c0   _RTDX_memfill
1182a160   _RTDX_writing
118013a4   _RobotControl
11819d48   _S
1182967c   _SEG0
11820b00   _SEM_pend
1181f2c0   _SEM_pendEnterKnl
118203a0   _SEM_post
118203a0   _SEM_postBinary
11820540   _SEM_postEnterKnl
1180f4a8   _SPI_init
1180f320   _SPI_xfer
1182b0e4   _STS_A_TABBEG
1182b194   _STS_A_TABEND
11820b8c   _STS_add
11820b60   _STS_delta
11820ba8   _STS_reset
11820e00   _STS_set
11829464   _SWI_D_curfxn
11829454   _SWI_D_curmask
11829458   _SWI_D_curset
11829450   _SWI_D_execaddr
1182946c   _SWI_D_inswi
1182945c   _SWI_D_lock
11829468   _SWI_D_rdybeg
1182944c   _SWI_D_runaddr
1182af98   _SWI_LCD
1182afc4   _SWI_RobotControl
1182944c   _SWI_data
1181da10   _SWI_post
1182aff0   _SWI_vision
11829440   _SYS
1182a578   _SYS_PUTCBEG
1182a777   _SYS_PUTCEND
11820bc0   _SYS_abort
11820980   _SYS_error
118205e0   _SYS_exit
1181c8a8   _SYS_exitStack
11829740   _SYS_exitStackPtr
11829744   _SYS_exitStackTop
11819d70   _S_inv
11809c30   _SetRobotOutputs
11809b18   _SetRobotOutputs_manual
11805788   _Set_Equivalency
118277f0   _TRC_R_mask
11829720   _TSK
1181c760   _TSK_ATTRS
1182ad8c   _TSK_ComWithLinux
1182adec   _TSK_LADAR
1181c77c   _TSK_config
1181fdc0   _TSK_exit
1182ad2c   _TSK_idle
11829c00   _TSK_init
11829718   _TSK_nTasks
1182971c   _TSK_pid
1181f640   _TSK_setup
11820324   _TSK_startup
1181c79c   _TSK_timerSem
11829264   _Thres_Image
1180e100   _UART_init
1180e0e0   _UART_rxByte
1180df10   _UART_txArray
1180dec0   _UART_txByte
1180e074   _UART_txString
1180dfe0   _UART_txUint32
1180df98   _UART_txUint8
118130bc   _USTIMER_delay
11813090   _USTIMER_get
11812fac   _USTIMER_init
11812f74   _USTIMER_reset
11812f60   _USTIMER_set
11807158   _UTIL_isUIBoardAttached
11806fec   _UTIL_printMem
11820d00   _UTL_doAbort
11820e20   _UTL_doError
11820d40   _UTL_doPutc
11820e40   _UTL_halt
11803524   _UpdateLCDwithLADAR
11800a20   _UpdateOptitrackStates
11806bf0   _VPIF_HWI
11829270   _VPIF_beginning_line
1180a14c   _VPIF_initReceive
11809fd8   _VPIF_initReceive_withPRU
11809dc0   _VPIF_initTransmit
11818424   __BCACHE_emifAddr
1182ac00   __CIOBUF_
1181f950   __CLK_lat1beg
1181f970   __CLK_lat1end
11829448   __HOOK_NUMHOOKS
11829444   __HOOK_knlId
1181d4c0   __HWI_lat1beg
1181d648   __HWI_lat1end
1181d648   __HWI_lat2beg
1181d824   __HWI_lat2end1
1181d7b0   __HWI_lat2end2
1181d840   __HWI_lat3beg
1181d7e0   __HWI_lat3end2
11820aa0   __IDL_lat1beg
11820ae0   __IDL_lat1end
118201ac   __KNL_lat1beg
11820228   __KNL_lat1end
11820800   __LOG_lat1beg
1181c83c   __MEM_mutex
1181e500   __RTA_lat1beg
1181e534   __RTA_lat1end
1181f4a0   __SEM_dopost
11827160   __STACK_END
00000c00   __STACK_SIZE
1181db18   __SWI_lat1beg
1181dbc4   __SWI_lat1end
1181dbc8   __SWI_lat2beg
1181dc28   __SWI_lat2end
1181d9a0   __SWI_lat3beg
1181da0c   __SWI_lat3end
1181c814   __TSK_mutex
1181c964   ___TI_enable_exit_profile_output
ffffffff   ___TI_pprof_out_hndl
ffffffff   ___TI_prof_data_size
ffffffff   ___TI_prof_data_start
118165c0   ___add_dtor
1181c230   ___atexit_func_id__
ffffffff   ___binit__
11829000   ___bss__
ffffffff   ___c_args__
11820e80   ___cinit__
11800000   ___data__
11800000   ___edata__
11829754   ___end__
118169a0   ___etext__
11816600   ___isinf
118277e0   ___pinit__
11800000   ___text__
1181fc80   __auto_init
11814c00   __c6xabi_divi
11815460   __c6xabi_divu
118158c0   __cleanup
1181c95c   __cleanup_ptr
11813e80   __closefile
118272f8   __ctypes_
1180aaa0   __divd
118114a0   __divf
11814c00   __divi
11815960   __divli
11815460   __divu
118134a0   __divul
118119a0   __divull
11815520   __doflush
1181c960   __dtors_ptr
11815b40   __fixdli
11816040   __fltlid
11816680   __frcmpyd_div
1181c228   __ft_end
1181bf08   __ftable
118160c0   __llshl
118166c0   __llshru
1181c3f8   __lock
11816820   __negll
11816840   __nop
11815be0   __nround
1180da80   __printfi
118168e0   __register_lock
11816900   __register_unlock
11816780   __remli
118167c0   __remul
118162c0   __remull
11816140   __roundf
118086c0   __scanfi
11826560   __stack
11816320   __subcull
1181c0e8   __tmpnams
11816920   __trunc
11816940   __truncf
1181c3fc   __unlock
11814640   __wrt_ok
1182950c   _adcA0
11829514   _adcA1
1182951c   _adcA2
11829524   _adcA3
1182952c   _adcA4
11829534   _adcA5
1182953c   _adcA6
11829540   _adcA7
11829510   _adcB0
11829518   _adcB1
11829520   _adcB2
11829528   _adcB3
11829530   _adcB4
11829538   _adcB5
11809af8   _addtime
118009c4   _angularDiff
118141e0   _atan2f
11814ce0   _atanf
118155e0   _atexit
11814dc0   _atoi
1181ae68   _audioClip
1182912c   _ballColor
11829150   _ballLocationX
11829154   _ballLocationY
11819e98   _ballReturnPoint
1182910c   _ballTurnError
118290fc   _ball_following
11829110   _ball_mapped
11829120   _ball_state
11827400   _bitval_u32
1182972e   _bkgrnd_blue
1182972d   _bkgrnd_green
1182972c   _bkgrnd_red
11829228   _blue
118291f0   _blueNumPixels
11829124   _blueServo
118291ec   _blue_cbar
118291e8   _blue_rbar
11829728   _bluegain
118291b0   _c
118295a4   _cCommandName
1182959d   _cLADARdata
1182959c   _cPrevLADARdata
11829a80   _c_int00
11814740   _call_dtors
1181e40c   _calloc
1182911c   _case2ctr
118291e0   _cbar
11814ea0   _close
118291c8   _color
118291cc   _color2
11829504   _compass
11806e08   _config_pll0
11806ca0   _config_pll1
118290b8   _corner_error_threshold
118184c8   _corner_x
118184e0   _corner_y
11818428   _cornersX
11818478   _cornersY
11810700   _cos
11812500   _cosf
118291d8   _cprime
11829274   _current
118291c0   _current_object
11829654   _danindex
11803328   _decode2byteLADAR
1182923c   _delta
118290d0   _distance_first
118290c8   _distance_inches
118290cc   _distance_second
118290d4   _distance_zero
1182927c   _done
1181c864   _dtors
1181af68   _enc0_array
118294f4   _enc1
1182903c   _enc1old
118294f8   _enc2
11829040   _enc2old
118294fc   _enc3
11829500   _enc4
11829114   _endLocX
11829118   _endLocY
11829278   _equivalency
11816c88   _equivalency_objects
11829588   _errC
11829584   _errL
1182958c   _errR
1181c684   _errno
1182909c   _errorcheck
11819ca8   _eye3
118294f0   _f28335RecFirsttime
1181c500   _f28335TXData
1181c400   _f28335recData
118295b4   _fLEFT_RIGHT_ANGLE
11818088   _final_object_stats
118009a0   _findSlope
1182907c   _firstdata
11829658   _firsttimeLine1
1182965c   _firsttimeLine2
11829638   _firsttimeintMCBSPrec
11810ca0   _fmodf
11812720   _fputc
1180f720   _fputs
11829088   _frame_error
1181e1e0   _free
11814f80   _frexpf
11819a48   _fromLinuxstring
118290b0   _frontturnvel
11814300   _fseek
11800970   _getDist
11829224   _green
118291fc   _greenNumPixels
118291f8   _green_cbar
118291f4   _green_rbar
11829058   _gyro
1182906c   _gyro4x_gain
1182904c   _gyro_angle
1182905c   _gyro_degrees
11829054   _gyro_drift
11829060   _gyro_radians
11829064   _gyro_x
11829068   _gyro_y
11829048   _gyro_zero
11829140   _hitX
11829144   _hitY
1182922c   _hue
11816c60   _i2cdata
118295a0   _iLADARrcv
11829000   _index
11806940   _init_ColorVision
1180bae0   _init_DMA
11803124   _init_LADAR
1180808c   _init_LCD
11807df8   _init_LCD_mem
118096e0   _init_McBSP
11829134   _initialTheta
118290bc   _is_avoiding_obstacle
118291a8   _k
11829100   _kp_ball
11829108   _kp_ball_turn
118290a4   _kpfront
118290a0   _kpright
118290a8   _kpvision
11829218   _largest_num_pixels
1182921c   _largest_object
11814420   _ldexpf
118291b8   _left
11800930   _lineCheck
118290e0   _local_blueNumPixels
118290dc   _local_blue_cbar
118290d8   _local_blue_rbar
118290ec   _local_greenNumPixels
118290e8   _local_green_cbar
118290e4   _local_green_rbar
118290f8   _local_orangeNumPixels
118290f4   _local_orange_cbar
118290f0   _local_orange_rbar
11815dc0   _lseek
118156a0   _ltoa
11800328   _main
1181e204   _malloc
11800140   _mapBall
11829648   _mcbspReset
1181e348   _memalign
11816380   _memccpy
11815e60   _memcpy
11815060   _memset
11829238   _min
11829104   _minimum_ball_speed
11815f00   _modf
118163e0   _modff
1180e300   _my_atanf
11805714   _my_max
11805700   _my_min
1182920c   _neighbor_type
1182914c   _newBall
11818e78   _newLADARangle
118295c4   _newLADARdata
11819278   _newLADARdataX
11819660   _newLADARdataY
11818a90   _newLADARdistance
11829148   _newObs
11829630   _newServos
118291a4   _new_C02
118291a0   _new_C20
11829018   _new_LV_data
11829190   _new_coordata
11829198   _new_num_found_objects
1182919c   _new_object_theta
11829080   _new_optitrack
11829554   _new_sendtolinux_F28335_Extra
118291e4   _new_vision_data
1182901c   _newnavdata
11829024   _newturn
11829184   _noimagefound
11829580   _numReadings
11829568   _num_EDMA3_0
118291bc   _num_unique_objects
1182956c   _numofints
11829194   _numpels
118295b8   _numreadings_lastscan
11829214   _object_detected
11817488   _object_stats
11829188   _object_x
1182918c   _object_y
11829050   _old_gyro
11800000   _onLeftOfRobot
11829208   _orangeNumPixels
11829128   _orangeServo
11829204   _orange_cbar
11829200   _orange_rbar
11829174   _pic_data
1182914a   _playAudio
11829149   _prevNewObs
11829084   _previous_frame
11829244   _print_b
11829245   _print_g
11829240   _print_hue
11829243   _print_r
11829241   _print_sat
11829242   _print_val
11815140   _printf
11829268   _ptrshrdmem
11812720   _putc
118291ac   _r
118291dc   _rbar
118161c0   _readmsg
1181e264   _realloc
11829220   _red
118290ac   _refright
11816980   _remove
11829020   _rightVref
118295d0   _robotT
118295c8   _robotX
118295cc   _robotY
11819e08   _robotdest
11829074   _robotdestSize
11803100   _roundFloatToInt
118291d4   _rprime
11829700   _rtdxNullChanCnt
11829704   _rtdxNullFuncCnt
1182970c   _rtdxRecNotDoneCnt
11829714   _rtdxXmtErrorCnt
11829708   _rtdxXmtNotDoneCnt
11829710   _rtdxXmtRestartCnt
1182a154   _rtdx_buffer_state
1182a110   _rtdx_mon_state
11829230   _sat
11829570   _scalingLadar
11829558   _send_F28335_Extra1
1182955c   _send_F28335_Extra2
11829560   _send_F28335_Extra3
11829564   _send_F28335_Extra4
11809aa4   _send_McBSP
11829628   _servosPosted
11807ccc   _set_background
11829044   _settlegyro
11812d60   _setvbuf
118030e0   _signf
11811720   _sin
118120a0   _sinf
11829138   _slope
1182913c   _slopeThreshold
11829258   _specs_h
1182925c   _specs_h2
11829260   _specs_hrad
11829248   _specs_s
1182924c   _specs_srad
11829250   _specs_v
11829254   _specs_vrad
11807c78   _spi_command
11807c20   _spi_data
11816440   _sprintf
11814840   _sqrtf
118164a0   _sscanf
118295bc   _startAngle
11809a04   _startMcBSP
11829070   _statePos
118295c0   _stepSize
1180c900   _strtod
1180cd60   _strtol
1180d1c0   _strtold
1180d620   _strtoll
1180e720   _strtoul
1180eb20   _strtoull
11829508   _switchstate
11829594   _tLADARcenterFt
11829590   _tLADARleftFt
11829598   _tLADARrightFt
11812940   _tanf
11829090   _tempOPTITRACK_theta
118295d8   _tempOff
118295d4   _tempSign
11819de8   _temp_3x1
11819dc0   _temp_3x3
11817088   _temp_equivalency_objects
1182908c   _temp_theta
11829094   _temp_trackableID
11829650   _testcount
11829170   _testvar
11829130   _thetaDiff
11829158   _timeCheat
11829160   _timecount
11829640   _timeint
11819b50   _toLinuxstring
1182926c   _toggle
11829210   _too_many_objects
118291b4   _top
1182b210   _trace
11829098   _trackableID
11829078   _trackableIDerror
1182900c   _tskcount
11829008   _turn
118290b4   _turnsat
11819c80   _u
1182957c   _uart1count
11816240   _unlink
1182916c   _updateLCD
11805a58   _userProcessColorImageFunc_laser
11829234   _value
1182902c   _vel1
11829034   _vel1old
11829030   _vel2
11829038   _vel2old
11806928   _vision
11829004   _vref
11816500   _vsprintf
11829028   _whichAvoid
11829168   _whichled
11815fa0   _write
11816560   _writemsg
118290c0   _xVal
11819c58   _x_pred
1180e374   _xy_control
118290c4   _yVal
11819df8   _ytilde
11819c98   _z
ffffffff   binit
11820e80   cinit
11800000   edata
11829754   end
118169a0   etext
1182a800   hwi0
1182a820   hwi1
1182a940   hwi10
1182a960   hwi11
1182a980   hwi12
1182a9a0   hwi13
1182a9c0   hwi14
1182a9e0   hwi15
1182a840   hwi2
1182a860   hwi3
1182a880   hwi4
1182a8a0   hwi5
1182a8c0   hwi6
1182a8e0   hwi7
1182a900   hwi8
1182a920   hwi9
118277e0   pinit
1182b210   trace
1182aa00   trace$buf
00000001   trace$datatype
00000000   trace$log
00000080   trace$size


GLOBAL SYMBOLS: SORTED BY Symbol Address 

address    name
--------   ----
00000000   BUF$
00000000   CLK_PRDHIGH
00000000   CLK_RESETTIMER
00000000   CLK_TDDR
00000000   CLK_TDDRHIGH
00000000   DEV$
00000000   DGN$
00000000   DHL$
00000000   DHL_gChannelsAvailable
00000000   DIO$
00000000   DIO_NUMSWIBASE
00000000   DIO_NUMTSKBASE
00000000   DIO_STATIC
00000000   DPI$
00000000   ECM$
00000000   ECM_ENABLE
00000000   GBL_BCACHEREADADDR0
00000000   GBL_BCACHEREADADDR1
00000000   GBL_BCACHEREADADDR2
00000000   GBL_BIGENDIAN
00000000   GBL_CACHE
00000000   GBL_CALLCSLCFGINIT
00000000   GBL_ENABLE_SK
00000000   GBL_GEMTRUECOMPEN
00000000   GBL_L2MAR0_31
00000000   GBL_L2MAR160_191
00000000   GBL_L2MAR224_255
00000000   GBL_L2MAR32_63
00000000   GBL_L2MAR64_95
00000000   GBL_L2MAR96_127
00000000   GBL_NULL
00000000   GBL_PROCID
00000000   GBL_ROM
00000000   GBL_SUPPORTCSL
00000000   GBL_USERINIT
00000000   GIO$
00000000   HOOK$
00000000   HOOK_KNLID
00000000   HST_DSM
00000000   HST_NONE
00000000   HWI_GENERATE_RESET_VEC
00000000   HWI_INT10$hwi
00000000   HWI_INT11$hwi
00000000   HWI_INT12$hwi
00000000   HWI_INT13$hwi
00000000   HWI_INT14$hwi
00000000   HWI_INT15$hwi
00000000   HWI_INT4$hwi
00000000   HWI_INT5$hwi
00000000   HWI_INT6$hwi
00000000   HWI_INT7$hwi
00000000   HWI_INT8$hwi
00000000   HWI_INT9$hwi
00000000   HWI_NMI$hwi
00000000   HWI_POLARITYMASK
00000000   HWI_RESERVED0$hwi
00000000   HWI_RESERVED1$hwi
00000000   HWI_RESET
00000000   HWI_RESET$hwi
00000000   HWI_ZEROTAB
00000000   IDL_busyObj$iB
00000000   IDL_busyObj$operation
00000000   KNL_swi$pri
00000000   KNL_swi$sts$unittype
00000000   KNL_swi$swi
00000000   LOG_system$datatype
00000000   LOG_system$log
00000000   MBX$
00000000   MEM_NULL
00000000   MEM_USEMPC
00000000   MSGQ$
00000000   MSGQ_USEMSGQ
00000000   OBJ$
00000000   PIP$
00000000   PIP_gNextId
00000000   POOL$
00000000   POOL_USEPOOL
00000000   PRD_addtime$mode
00000000   PRD_addtime$prd
00000000   PRD_addtime$sts$filter
00000000   PRD_startMcBSP$mode
00000000   PRD_startMcBSP$prd
00000000   PRD_startMcBSP$sts$filter
00000000   PRD_swi$sts$unittype
00000000   PRD_swi$swi
00000000   PWRM_PWRM_ENABLE
00000000   PWRM_PWRM_INITSPPER
00000000   PWRM_PWRM_LOADENABLE
00000000   PWRM_PWRM_RESOURCETRACKING
00000000   PWRM_PWRM_SCALING
00000000   PWRM_PWRM_TIMERIDNUM
00000000   PWRM_PWRM_TIMERINTRMASK
00000000   PWRM_PWRM_TIMERWUGENMASK
00000000   PWRM_PWRM_USERRESOURCES
00000000   PWRM_PWRM_USETIMER
00000000   RTA_fromHost$hst
00000000   RTA_fromHost$mode
00000000   RTA_toHost$hst
00000000   RTA_toHost$id
00000000   RTDX_MODE
00000000   RTDX_USERTEXECUTION
00000000   SEM$
00000000   SIO$
00000000   SWI_EHOOKFXN
00000000   SWI_IHOOKFXN
00000000   SWI_LCD$sts$unittype
00000000   SWI_LCD$swi
00000000   SWI_RobotControl$sts$unittype
00000000   SWI_RobotControl$swi
00000000   SWI_vision$sts$unittype
00000000   SWI_vision$swi
00000000   TSK_ComWithLinux$sts$unittype
00000000   TSK_ComWithLinux$tsk
00000000   TSK_LADAR$sts$unittype
00000000   TSK_LADAR$tsk
00000000   TSK_NUM_HOOKS
00000000   TSK_READYFXN
00000000   TSK_STACKSEG
00000000   TSK_SWITCHFXN
00000000   TSK_idle$pri
00000000   TSK_idle$sts$unittype
00000000   TSK_idle$tsk
00000000   UDEV$
00000000   _CLK_TDDR
00000000   _GBL_CACHE
00000000   _HWI_RESET
00000000   _RTDX_interrupt_mask
00000000   trace$log
00000001   BUF_ENABLED
00000001   CLK$
00000001   CLK_CALDIV
00000001   CLK_CALMULT
00000001   CLK_ENABLEHTIME
00000001   CLK_HTIMEDIV
00000001   CLK_HTIMEMULT
00000001   CLK_LTIMEDIV
00000001   CLK_POWERENABLE
00000001   CLK_TIMERNUM
00000001   CLK_USETIMER
00000001   GBL$
00000001   GBL_ENABLEINST
00000001   GBL_L2CONFIGURE
00000001   GBL_L2MAR128_159
00000001   GBL_L2MODE
00000001   GBL_boot
00000001   HST$
00000001   HST_RTDX
00000001   HWI$
00000001   HWI_ENABLE_EXC
00000001   HWI_NMI
00000001   IDL$
00000001   IDL_USECLKIDLTIME
00000001   IDL_busyObj$filter
00000001   IDL_busyObj$iA
00000001   IDL_busyObj$iC
00000001   ISRC$
00000001   KNL_swi$dorta
00000001   KNL_swi$sts$filtmaxmult
00000001   KNL_swi$sts$filtsummult
00000001   LCK$
00000001   LOG$
00000001   LOG_ENABLED
00000001   MEM$
00000001   PRD$
00000001   PRD_SCALAR
00000001   PRD_addtime$period
00000001   PRD_swi$dorta
00000001   PRD_swi$ord
00000001   PRD_swi$sts$filtmaxmult
00000001   PRD_swi$sts$filtsummult
00000001   PWRM$
00000001   PWRM_PWRM_NUMSLOTS
00000001   QUE$
00000001   RTA_fromHost$id
00000001   RTA_toHost$mode
00000001   RTDX$
00000001   RTDX_NORMALIZED_HDR
00000001   RTDX_USERTDX
00000001   STS$
00000001   SWI$
00000001   SWI_LCD$dorta
00000001   SWI_LCD$pri
00000001   SWI_LCD$sts$filtmaxmult
00000001   SWI_LCD$sts$filtsummult
00000001   SWI_RobotControl$dorta
00000001   SWI_RobotControl$sts$filtmaxmult
00000001   SWI_RobotControl$sts$filtsummult
00000001   SWI_vision$dorta
00000001   SWI_vision$sts$filtmaxmult
00000001   SWI_vision$sts$filtsummult
00000001   SYS$
00000001   TSK$
00000001   TSK_ComWithLinux$pri
00000001   TSK_ComWithLinux$sts$filtmaxmult
00000001   TSK_ComWithLinux$sts$filtsummult
00000001   TSK_LADAR$pri
00000001   TSK_LADAR$sts$filtmaxmult
00000001   TSK_LADAR$sts$filtsummult
00000001   TSK_PRIORITY
00000001   TSK_idle$ord
00000001   TSK_idle$sts$filtmaxmult
00000001   TSK_idle$sts$filtsummult
00000001   _CLK_TIMERNUM
00000001   _CLK_USETIMER
00000001   _HWI_NMI
00000001   trace$datatype
00000002   HWI_RESERVED0
00000002   IDL_busyObj$unittype
00000002   KNL_swi$ord
00000002   KNL_swi$sts$filter
00000002   LOG_A_TABLEN
00000002   MEM_gNumHeap
00000002   PIP_A_TABLEN
00000002   PIP_gNumEmbed
00000002   PRD_A_TABLEN
00000002   PRD_addtime$sts$unittype
00000002   PRD_startMcBSP$sts$unittype
00000002   PRD_swi$sts$filter
00000002   PWRM_PWRM_INITSPCPU
00000002   SWI_LCD$sts$filter
[...]
11818e78   _newLADARangle
11819260   _ROBOTps
1181926c   _LADARps
11819278   _newLADARdataX
11819660   _newLADARdataY
11819a48   _fromLinuxstring
11819b50   _toLinuxstring
11819c58   _x_pred
11819c68   _B
11819c80   _u
11819c88   _Bu
11819c98   _z
11819ca8   _eye3
11819cd0   _K
11819cf8   _Q
11819d20   _R
11819d48   _S
11819d70   _S_inv
11819d98   _P_pred
11819dc0   _temp_3x3
11819de8   _temp_3x1
11819df8   _ytilde
11819e08   _robotdest
11819e98   _ballReturnPoint
11819ea8   _LADARdistance
1181a290   _LADARangle
1181a678   _LADARdataX
1181aa60   _LADARdataY
1181ae48   _Optitrackdata
1181ae5c   _OPTITRACKps
1181ae68   _audioClip
1181af68   _enc0_array
1181bf08   __ftable
1181c0e8   __tmpnams
1181c228   __ft_end
1181c22c   _CLK_inputClock
1181c230   ___atexit_func_id__
1181c3f8   __lock
1181c3fc   __unlock
1181c400   _f28335recData
1181c500   _f28335TXData
1181c684   _errno
1181c688   _KNL_queues
1181c728   _KNL_dummy
1181c760   _TSK_ATTRS
1181c77c   _TSK_config
1181c79c   _TSK_timerSem
1181c7c0   _OBJ_table
1181c7f8   _OBJ_segtab
1181c814   __TSK_mutex
1181c83c   __MEM_mutex
1181c864   _dtors
1181c8a8   _SYS_exitStack
1181c900   _EXC_status
1181c95c   __cleanup_ptr
1181c960   __dtors_ptr
1181c964   ___TI_enable_exit_profile_output
1181c970   IDL_A_CALBEG
1181c970   IDL_cpuLoad$
1181c974   LNK_dataPump$
1181c978   RTA_dispatcher$
1181c97c   IDL_END$
1181c980   LNK_F_checkBufferCall
1181c9a0   LNK_F_getChanPtr
1181c9f8   LNK_F_init
1181ca00   LNK_F_dataPump
1181ca10   LNK_rcloop
1181cad4   LNK_rdrtry
1181cae4   LNK_rrloop
1181cba4   LNK_wrrtry
1181cbb0   LNK_wrloop
1181cc80   LNK_newin
1181cdb4   LNK_newout
1181cf08   LNK_F_readCallBack
1181cf40   _EXC_nmi
1181cf74   _EXC_internal
1181d220   _EXC_init
1181d260   _EXC_getLastStatus
1181d280   _EXC_external
1181d2b4   _EXC_exceptionHandler
1181d490   _EXC_clearLastStatus
1181d4c0   CLK_HOOKFXN
1181d4c0   HWI_F_dispatch
1181d4c0   _HWI_F_dispatch
1181d4c0   __HWI_lat1beg
1181d648   __HWI_lat1end
1181d648   __HWI_lat2beg
1181d7b0   __HWI_lat2end2
1181d7e0   __HWI_lat3end2
1181d824   __HWI_lat2end1
1181d840   __HWI_lat3beg
1181d9a0   SWI_F_enable
1181d9a0   __SWI_lat3beg
1181da0c   __SWI_lat3end
1181da10   SWI_F_post
1181da10   _SWI_post
1181db18   __SWI_lat1beg
1181db84   SWI_EXECFXN
1181db84   SWI_F_exec
1181dbac   SWI_F_iexec
1181dbc4   __SWI_lat1end
1181dbc8   __SWI_lat2beg
1181dc28   __SWI_lat2end
1181dc2c   SWI_F_run
1181dc2c   SWI_RUNFXN
1181de60   PRD_F_swi
1181e0e4   PRD_F_tick
1181e1e0   _free
1181e204   _malloc
1181e264   _realloc
1181e348   _memalign
1181e40c   _calloc
1181e460   RTA_F_getlog
1181e498   RTA_F_getsts
1181e4d8   RTA_F_readblk
1181e4f4   RTA_F_writeword
1181e500   RTA_F_resetmem
1181e500   __RTA_lat1beg
1181e534   __RTA_lat1end
1181e540   RTA_F_dispatch
1181e58c   RTA_execute
1181e6e0   _KNL_run
1181e920   _MEM_alloc
1181ecf4   PRD_THOOKFXN
1181ecf4   _KNL_tick
1181ed20   _MEM_free
1181ef00   _EXC_dispatch
1181f0c4   _EXC_setReturnPtr
1181f0e0   PIP_F_take
1181f158   PIP_F_give
1181f158   PIP_F_probe
1181f228   PIP_F_start
1181f2c0   _SEM_pendEnterKnl
1181f4a0   __SEM_dopost
1181f640   _TSK_setup
1181f7e0   CLK_F_getltime
1181f7f0   CLK_F_isr
1181f930   CLK_F_itime
1181f930   _CLK_F_itime
1181f930   _CLK_itime
1181f950   __CLK_lat1beg
1181f970   __CLK_lat1end
1181f980   _KNL_saveIsrFrame
1181fa2c   _KNL_switch
1181fad8   KNL_glue
1181fc30   _BCACHE_wbInv
1181fc44   _BCACHE_wb
1181fc54   _BCACHE_inv
1181fc80   __auto_init
1181fdc0   _TSK_exit
1181ff00   _BCACHE_setSize
1181ff44   _BCACHE_setMar
1181ff94   _BCACHE_bootInit
1181ff94   _BCACHE_setCacheToSram
1181ffc4   _BCACHE_getSize
11820014   _BCACHE_getMar
118200a8   _GBL_cacheInit64P
11820160   _KNL_check
118201ac   __KNL_lat1beg
11820228   _KNL_idle
11820228   __KNL_lat1end
11820250   _KNL_max
11820324   _TSK_startup
118203a0   _SEM_post
118203a0   _SEM_postBinary
11820480   _KNL_exit
118204c0   _KNL_enter
11820540   _SEM_postEnterKnl
118205e0   _SYS_exit
11820680   _KNL_ipost
11820700   _KNL_post
11820780   _LCK_post
118207a0   _LCK_pend
11820800   LOG_F_event
11820800   _LOG_event
11820800   __LOG_lat1beg
11820880   _BCACHE_wait
11820900   IDL_F_calibrate
11820980   _SYS_error
118209e0   FXN_F_nop
118209e4   FXN_F_run
118209e4   _FXN_F_run
11820a20   FXN_F_zero
11820a20   _FXN_F_zero
11820a40   _HWI_disable
11820a58   _HWI_enable
11820a6c   _HWI_restore
11820aa0   IDL_F_busy
11820aa0   __IDL_lat1beg
11820ae0   __IDL_lat1end
11820b00   _SEM_pend
11820b60   STS_F_delta
11820b60   _STS_delta
11820b8c   STS_F_add
11820b8c   _STS_add
11820ba8   STS_F_reset
11820ba8   _STS_reset
11820bc0   _SYS_abort
11820c20   _CLK_measure
11820c80   IDL_CALIBRFXN
11820c80   IDL_F_stub
11820cc0   RTA_F_andn
11820cd8   RTA_F_or
11820d00   SYS_ABORTFXN
11820d00   _UTL_doAbort
11820d40   SYS_PUTCFXN
11820d40   _UTL_doPutc
11820d80   _CLK_getltime
11820da0   GBL_USERINITFXN
11820da0   GIO_CREATEFXN
11820da0   GIO_DELETEFXN
11820da0   GIO_PENDFXN
11820da0   GIO_POSTFXN
11820da0   PWRM_PWRM_SHAREDRESOURCEFXN
11820da0   PWRM_PWRM_SLOTHOOKFXN
11820da0   TSK_VCREATEFXN
11820da0   TSK_VDELETEFXN
11820da0   TSK_VEXITFXN
11820da0   _FXN_F_nop
11820dc0   _GBL_getVersion
11820de0   IDL_F_loop
11820de0   _IDL_loop
11820e00   _STS_set
11820e20   SYS_ERRORFXN
11820e20   _UTL_doError
11820e40   SYS_EXITFXN
11820e40   _UTL_halt
11820e60   CLK_F_gethtime
11820e60   CLK_TIMEFXN
11820e60   _CLK_gethtime
11820e80   ___cinit__
11820e80   cinit
1182358c   IRAM$B
1182358c   _IRAM_base
1182558c   SYS$config
118255a0   _HSRTDX_rec
11825840   _RTDX_Buffer_WriteCB
11825d00   _HSRTDX_xmt
11826000   _RTDX_Mon_Queue
11826260   _RTDX_Poll
11826300   _RTDX_Final_RT_Monitor
11826380   _RTDX_Buffer_Initialize
118263e0   _RTDX_Init_RT_Monitor
11826440   _RTDX_Buffer_ReadCB
11826480   _RTDX_Buffer_Size
118264c0   _RTDX_memfill
11826500   _RTDX_Buffer_Read
11826520   _RTDX_Buffer_Write
11826540   _RTDX_Mask_IER
11826560   GBL_stackbeg
11826560   _HWI_STKTOP
11826560   __stack
11827158   _HWI_STKBOTTOM
1182715f   GBL_stackend
11827160   __STACK_END
118272f8   __ctypes_
11827400   _bitval_u32
118277a4   HST_A_TABBEG
118277a4   PRD_startMcBSP$sts$maxfmt
118277a4   _HST_A_TABBEG
118277a8   RTA_fromHost
118277a8   _RTA_fromHost
118277ad   PRD_startMcBSP$sts$sumfmt
118277b0   RTA_fromHost$rtdx
118277b6   PRD_startMcBSP$sts$avgfmt
118277c1   PRD_addtime$sts$maxfmt
118277c4   RTA_toHost
118277c4   _RTA_toHost
118277ca   PRD_addtime$sts$sumfmt
118277cc   RTA_toHost$rtdx
118277d3   PRD_addtime$sts$avgfmt
118277de   PRD_swi$sts$maxfmt
118277e0   HST_A_TABEND
118277e0   _HST_A_TABEND
118277e0   ___pinit__
118277e0   pinit
118277e6   PRD_swi$sts$sumfmt
118277ec   TRC_cinit
118277ee   PRD_swi$sts$avgfmt
118277f0   TRC_R_mask
118277f0   _TRC_R_mask
118277f4   GBL_initdone
118277f8   CLK_A_TABBEG
118277f8   KNL_swi$sts$maxfmt
118277f8   PRD_clock
118277f8   _PRD_clock
118277fc   CLK_null
11827800   KNL_swi$sts$sumfmt
11827800   LOG_system$buf
11827808   KNL_swi$sts$avgfmt
11827812   SWI_LCD$sts$maxfmt
1182781a   SWI_LCD$sts$sumfmt
11827822   SWI_LCD$sts$avgfmt
1182782c   SWI_RobotControl$sts$maxfmt
11827834   SWI_RobotControl$sts$sumfmt
1182783c   SWI_RobotControl$sts$avgfmt
11827846   SWI_vision$sts$maxfmt
1182784e   SWI_vision$sts$sumfmt
11827856   SWI_vision$sts$avgfmt
11827860   TSK_idle$sts$maxfmt
11827868   TSK_idle$sts$sumfmt
11827870   TSK_idle$sts$avgfmt
1182787a   TSK_ComWithLinux$sts$maxfmt
11827882   TSK_ComWithLinux$sts$sumfmt
1182788a   TSK_ComWithLinux$sts$avgfmt
11827894   TSK_LADAR$sts$maxfmt
1182789c   TSK_LADAR$sts$sumfmt
118278a4   TSK_LADAR$sts$avgfmt
118278ae   IDL_busyObj$maxfmt
118278b1   IDL_busyObj$sumfmt
118278b4   IDL_busyObj$avgfmt
11828000   TSK_ComWithLinux$stack
11828798   TSK_ComWithLinux$stkptr
11828800   TSK_LADAR$stack
11828f98   TSK_LADAR$stkptr
11829000   $bss
11829000   .bss
11829000   ___bss__
11829000   _index
11829004   _vref
11829008   _turn
1182900c   _tskcount
11829010   _LVvalue1
11829014   _LVvalue2
11829018   _new_LV_data
1182901c   _newnavdata
11829020   _rightVref
11829024   _newturn
11829028   _whichAvoid
1182902c   _vel1
11829030   _vel2
11829034   _vel1old
11829038   _vel2old
1182903c   _enc1old
11829040   _enc2old
11829044   _settlegyro
11829048   _gyro_zero
1182904c   _gyro_angle
11829050   _old_gyro
11829054   _gyro_drift
11829058   _gyro
1182905c   _gyro_degrees
11829060   _gyro_radians
11829064   _gyro_x
11829068   _gyro_y
1182906c   _gyro4x_gain
11829070   _statePos
11829074   _robotdestSize
11829078   _trackableIDerror
1182907c   _firstdata
11829080   _new_optitrack
11829084   _previous_frame
11829088   _frame_error
1182908c   _temp_theta
11829090   _tempOPTITRACK_theta
11829094   _temp_trackableID
11829098   _trackableID
1182909c   _errorcheck
118290a0   _kpright
118290a4   _kpfront
118290a8   _kpvision
118290ac   _refright
118290b0   _frontturnvel
118290b4   _turnsat
118290b8   _corner_error_threshold
118290bc   _is_avoiding_obstacle
118290c0   _xVal
118290c4   _yVal
118290c8   _distance_inches
118290cc   _distance_second
118290d0   _distance_first
118290d4   _distance_zero
118290d8   _local_blue_rbar
118290dc   _local_blue_cbar
118290e0   _local_blueNumPixels
118290e4   _local_green_rbar
118290e8   _local_green_cbar
118290ec   _local_greenNumPixels
118290f0   _local_orange_rbar
118290f4   _local_orange_cbar
118290f8   _local_orangeNumPixels
118290fc   _ball_following
11829100   _kp_ball
11829104   _minimum_ball_speed
11829108   _kp_ball_turn
1182910c   _ballTurnError
11829110   _ball_mapped
11829114   _endLocX
11829118   _endLocY
1182911c   _case2ctr
11829120   _ball_state
11829124   _blueServo
11829128   _orangeServo
1182912c   _ballColor
11829130   _thetaDiff
11829134   _initialTheta
11829138   _slope
1182913c   _slopeThreshold
11829140   _hitX
11829144   _hitY
11829148   _newObs
11829149   _prevNewObs
1182914a   _playAudio
1182914c   _newBall
11829150   _ballLocationX
11829154   _ballLocationY
11829158   _timeCheat
11829160   _timecount
11829168   _whichled
1182916c   _updateLCD
11829170   _testvar
11829174   _pic_data
11829178   _Image_data
1182917c   _Linux_Image
11829180   _LCD_Image
11829184   _noimagefound
11829188   _object_x
1182918c   _object_y
11829190   _new_coordata
11829194   _numpels
11829198   _new_num_found_objects
1182919c   _new_object_theta
118291a0   _new_C20
118291a4   _new_C02
118291a8   _k
118291ac   _r
118291b0   _c
118291b4   _top
118291b8   _left
118291bc   _num_unique_objects
118291c0   _current_object
118291c4   _CEILING_OFFSET
118291c8   _color
118291cc   _color2
118291d0   _Cdifference
118291d4   _rprime
118291d8   _cprime
118291dc   _rbar
118291e0   _cbar
118291e4   _new_vision_data
118291e8   _blue_rbar
118291ec   _blue_cbar
118291f0   _blueNumPixels
118291f4   _green_rbar
118291f8   _green_cbar
118291fc   _greenNumPixels
11829200   _orange_rbar
11829204   _orange_cbar
11829208   _orangeNumPixels
1182920c   _neighbor_type
11829210   _too_many_objects
11829214   _object_detected
11829218   _largest_num_pixels
1182921c   _largest_object
11829220   _red
11829224   _green
11829228   _blue
1182922c   _hue
11829230   _sat
11829234   _value
11829238   _min
1182923c   _delta
11829240   _print_hue
11829241   _print_sat
11829242   _print_val
11829243   _print_r
11829244   _print_b
11829245   _print_g
11829248   _specs_s
1182924c   _specs_srad
11829250   _specs_v
11829254   _specs_vrad
11829258   _specs_h
1182925c   _specs_h2
11829260   _specs_hrad
11829264   _Thres_Image
11829268   _ptrshrdmem
1182926c   _toggle
11829270   _VPIF_beginning_line
11829274   _current
11829278   _equivalency
1182927c   _done
11829280   _HWI_dispatchTab
11829380   IDL_D_tabbeg
11829384   IDL_D_calibrate
11829388   IDL_D_calbeg
1182938c   LOG_D_system
1182938c   _LOG_D_system
11829390   PIP_D_tabbeg
11829394   PIP_D_tablen
11829398   CLK_R_time
1182939c   CLK_D_timefxn
118293a0   CLK_D_tabbeg
118293a4   CLK_D_isrhook
118293a8   CLK_D_idletime
118293ac   _CLK_htimeDiv
118293b0   _CLK_htimeMult
118293b4   _CLK_ltimeDiv
118293b8   _CLK_ltimeMult
118293bc   _CLK_D_dirty
118293c0   _CLK_D_prd
118293c4   _CLK_D_tddr
118293c8   _CLK_D_countspms
118293cc   PRD_D_tick
118293cc   _PRD_D_tick
118293d0   PRD_D_cur
118293d4   PRD_D_elapsed
118293d8   PRD_D_prevtim
118293dc   PRD_D_scalar
118293e0   PRD_D_swihandle
118293e4   PRD_D_tabbeg
118293e8   PRD_D_tablen
118293ec   PRD_D_thook
118293f0   RTA_D_fromHost
118293f4   RTA_D_toHost
118293f8   RTA_D_logval
11829408   RTA_D_stsval
11829414   HST_D_chanmask
11829418   HST_D_tabbeg
1182941c   HST_D_tabend
11829420   _GBL_procId
11829424   _GBL_clkIn
11829428   _GBL_freq
1182942c   _MEM_D_NUMSEGMENTS
11829430   _MEM_D_memtab
11829434   _MEM_D_freelist
11829438   _MEM_D_lockaddr
1182943c   _MEM_D_unlockaddr
11829440   _SYS
11829444   __HOOK_knlId
11829448   __HOOK_NUMHOOKS
1182944c   SWI_D_runaddr
1182944c   _SWI_D_runaddr
1182944c   _SWI_data
11829450   SWI_D_execaddr
11829450   _SWI_D_execaddr
11829454   SWI_D_curmask
11829454   _SWI_D_curmask
11829458   SWI_D_curset
11829458   _SWI_D_curset
1182945c   SWI_D_lock
1182945c   _SWI_D_lock
11829460   SWI_D_curmbox
11829464   SWI_D_curfxn
11829464   _SWI_D_curfxn
11829468   SWI_D_rdybeg
11829468   _SWI_D_rdybeg
1182946c   SWI_D_inswi
1182946c   _SWI_D_inswi
11829470   SWI_D_rdytab
118294e8   _EDMA3_0_Regs
118294ec   _EDMA3_1_Regs
118294f0   _f28335RecFirsttime
118294f4   _enc1
118294f8   _enc2
118294fc   _enc3
11829500   _enc4
11829504   _compass
11829508   _switchstate
1182950c   _adcA0
11829510   _adcB0
11829514   _adcA1
11829518   _adcB1
1182951c   _adcA2
11829520   _adcB2
11829524   _adcA3
11829528   _adcB3
1182952c   _adcA4
11829530   _adcB4
11829534   _adcA5
11829538   _adcB5
1182953c   _adcA6
11829540   _adcA7
11829544   _F28335_Extra1
11829548   _F28335_Extra2
1182954c   _F28335_Extra3
11829550   _F28335_Extra4
11829554   _new_sendtolinux_F28335_Extra
11829558   _send_F28335_Extra1
1182955c   _send_F28335_Extra2
11829560   _send_F28335_Extra3
11829564   _send_F28335_Extra4
11829568   _num_EDMA3_0
1182956c   _numofints
11829570   _scalingLadar
11829574   _LADARready
11829578   _LADARprocess
1182957c   _uart1count
11829580   _numReadings
11829584   _errL
11829588   _errC
1182958c   _errR
11829590   _tLADARleftFt
11829594   _tLADARcenterFt
11829598   _tLADARrightFt
1182959c   _cPrevLADARdata
1182959d   _cLADARdata
118295a0   _iLADARrcv
118295a4   _cCommandName
118295a8   _LADARleftFt
118295ac   _LADARcenterFt
118295b0   _LADARrightFt
118295b4   _fLEFT_RIGHT_ANGLE
118295b8   _numreadings_lastscan
118295bc   _startAngle
118295c0   _stepSize
118295c4   _newLADARdata
118295c8   _robotX
118295cc   _robotY
118295d0   _robotT
118295d4   _tempSign
118295d8   _tempOff
118295dc   _KNL_wFlag
118295e0   _KNL_wList
118295e4   _KNL_alarm
118295e8   _KNL_setpri
118295ec   _KNL_inactive
118295f0   _KNL_priority
118295f4   _KNL_set
118295f8   _KNL_curtask
118295fc   _KNL_prevtask
11829600   _KNL_curtime
11829604   _KNL_swiptr
11829608   _KNL_curqueue
1182960c   _KNL_maxqueue
11829610   _KNL_tswitchfxn
11829614   _KNL_tcreatefxn
11829618   _KNL_tdeletefxn
1182961c   _KNL_treadyfxn
11829620   _KNL_idlefxn
11829624   _CLK_htimePerLtime
11829628   _servosPosted
11829630   _newServos
11829634   _McBSPrecerror
11829638   _firsttimeintMCBSPrec
11829640   _timeint
11829648   _mcbspReset
11829650   _testcount
11829654   _danindex
11829658   _firsttimeLine1
1182965c   _firsttimeLine2
11829660   _MEM_memtab
11829678   DDR
11829678   _DDR
1182967c   HST_DSMBUFSEG
1182967c   IRAM
1182967c   MEM_MALLOCSEG
1182967c   MEM_SEGZERO
1182967c   RTDX_DATAMEMSEG
1182967c   _IRAM
1182967c   _SEG0
11829680   RTA_fromHost$pipe$dtab
1182968c   RTA_toHost$pipe$dtab
11829698   _EXC_sysTrapTable
118296a0   _EXC_returnPtr
118296b8   HWI_D_spsave
118296b8   _HWI_D_spsave
118296b8   _HWI_data
118296c4   _HWI_D_inhwi
118296c8   HWI_D_bss
118296cc   HWI_D_ccmask
118296d0   LNK_dspFrameRequestMask
118296d0   _LNK_dspFrameRequestMask
118296d4   LNK_dspFrameReadyMask
118296d4   _LNK_dspFrameReadyMask
118296d8   LNK_readPend
118296d8   _LNK_readPend
118296dc   LNK_readDone
118296dc   _LNK_readDone
118296e0   LNK_readFail
118296e0   _LNK_readFail
118296e4   LNK_writeFail
118296e4   _LNK_writeFail
118296e8   _EXC_exceptionHook
118296ec   _EXC_internalHook
118296f0   _EXC_externalHook
118296f4   _EXC_nmiHook
11829700   _rtdxNullChanCnt
11829704   _rtdxNullFuncCnt
11829708   _rtdxXmtNotDoneCnt
1182970c   _rtdxRecNotDoneCnt
11829710   _rtdxXmtRestartCnt
11829714   _rtdxXmtErrorCnt
11829718   _TSK_nTasks
1182971c   _TSK_pid
11829720   _TSK
11829724   _LCD_mem
11829728   _bluegain
1182972c   _bkgrnd_red
1182972d   _bkgrnd_green
1182972e   _bkgrnd_blue
11829730   _LCDnewMsgLine1
11829734   _LCDnewMsgLine2
11829738   _CLK_DFLTMICROSECS
1182973c   _CLK_D_microseconds
11829740   _SYS_exitStackPtr
11829744   _SYS_exitStackTop
11829748   IDL_D_busyObj
1182974c   _MEM
11829754   ___end__
11829754   end
11829760   BIOS_init
11829760   _BIOS_init
118298e4   BIOS$$CLKON
11829924   BIOS$$CLKOFF
1182998c   BIOS_start
1182998c   _BIOS_start
11829a80   _c_int00
11829b40   _MEM_init
11829c00   _TSK_init
11829d00   _RTDX_Buffer
1182a108   _RTDX_Buffer_Start
1182a10c   _RTDX_Buffer_End
1182a110   _rtdx_mon_state
1182a154   _rtdx_buffer_state
1182a160   _RTDX_writing
1182a178   TSK_idle$stack
1182a510   TSK_idle$stkptr
1182a578   _SYS_PUTCBEG
1182a777   _SYS_PUTCEND
1182a800   HWI_A_VECS
1182a800   hwi0
1182a820   hwi1
1182a840   hwi2
1182a860   hwi3
1182a880   hwi4
1182a8a0   hwi5
1182a8c0   hwi6
1182a8e0   hwi7
1182a900   hwi8
1182a920   hwi9
1182a940   hwi10
1182a960   hwi11
1182a980   hwi12
1182a9a0   hwi13
1182a9c0   hwi14
1182a9e0   hwi15
1182aa00   trace$buf
1182ac00   __CIOBUF_
1182ad2c   TSK_idle
1182ad2c   _TSK_idle
1182ad8c   TSK_ComWithLinux
1182ad8c   _TSK_ComWithLinux
1182adec   TSK_LADAR
1182adec   _TSK_LADAR
1182ae40   RTA_toHost$buf
1182af40   PRD_SWIHANDLE
1182af40   PRD_swi
1182af40   SWI_A_TABBEG
1182af40   _PRD_swi
1182af6c   KNL_swi
1182af6c   _KNL_swi
1182af98   SWI_LCD
1182af98   _SWI_LCD
1182afc4   SWI_RobotControl
1182afc4   _SWI_RobotControl
1182aff0   SWI_vision
1182aff0   _SWI_vision
1182b01c   PIP_A_TABBEG
1182b01c   RTA_fromHost$pipe
1182b01c   SWI_A_TABEND
1182b01c   _PIP_A_TABBEG
1182b020   RTA_fromHost$pipe$rd
1182b04c   RTA_fromHost$pipe$aaa
1182b050   RTA_fromHost$pipe$wr
1182b07c   RTA_fromHost$pipe$bbb
1182b080   RTA_toHost$pipe
1182b084   RTA_toHost$pipe$rd
1182b0b0   RTA_toHost$pipe$aaa
1182b0b4   RTA_toHost$pipe$wr
1182b0e0   RTA_toHost$pipe$bbb
1182b0e4   PIP_A_TABEND
1182b0e4   PRD_startMcBSP$sts$stsobj
1182b0e4   STS_A_TABBEG
1182b0e4   _PIP_A_TABEND
1182b0e4   _STS_A_TABBEG
1182b0e8   PRD_startMcBSP$sts
1182b0f4   PRD_addtime$sts$stsobj
1182b0f8   PRD_addtime$sts
1182b104   PRD_swi$sts$stsobj
1182b108   PRD_swi$sts
1182b114   KNL_swi$sts$stsobj
1182b118   KNL_swi$sts
1182b124   SWI_LCD$sts$stsobj
1182b128   SWI_LCD$sts
1182b134   SWI_RobotControl$sts$stsobj
1182b138   SWI_RobotControl$sts
1182b144   SWI_vision$sts$stsobj
1182b148   SWI_vision$sts
1182b154   TSK_idle$sts$stsobj
1182b158   TSK_idle$sts
1182b164   TSK_ComWithLinux$sts$stsobj
1182b168   TSK_ComWithLinux$sts
1182b174   TSK_LADAR$sts$stsobj
1182b178   TSK_LADAR$sts
1182b184   IDL_busyObj$stsobj
1182b188   IDL_busyObj
1182b188   _IDL_busyObj
1182b194   STS_A_TABEND
1182b194   _STS_A_TABEND
1182b1f8   LOG_A_TABBEG
1182b1f8   LOG_system
1182b1f8   _LOG_A_TABBEG
1182b1f8   _LOG_system
1182b210   _trace
1182b210   trace
1182b228   LOG_A_TABEND
1182b228   _LOG_A_TABEND
28040d0c   HWI_INTRMUX3
c3000000   DDR$B
c3000000   _DDR_base
ffffffff   CACHE_L1D
ffffffff   CACHE_L1P
ffffffff   CACHE_L2
ffffffff   ECM_EVTMASK0
ffffffff   ECM_EVTMASK1
ffffffff   ECM_EVTMASK2
ffffffff   ECM_EVTMASK3
ffffffff   GBL_L2MAR192_223
ffffffff   L3_CBA_RAM
ffffffff   _CACHE_L1D
ffffffff   _CACHE_L1P
ffffffff   _CACHE_L2
ffffffff   _L3_CBA_RAM
ffffffff   ___TI_pprof_out_hndl
ffffffff   ___TI_prof_data_size
ffffffff   ___TI_prof_data_start
ffffffff   ___binit__
ffffffff   ___c_args__
ffffffff   binit

[1617 symbols]
